Archive member included to satisfy reference by file (symbol)

/home/rob/nrf52/gcc-arm-none-eabi-7-2017-q4-major/bin/../lib/gcc/arm-none-eabi/7.2.1/../../../../arm-none-eabi/lib/thumb/v7e-m/fpv4-sp/hard/libc_nano.a(lib_a-exit.o)
                              /home/rob/nrf52/gcc-arm-none-eabi-7-2017-q4-major/bin/../lib/gcc/arm-none-eabi/7.2.1/../../../../arm-none-eabi/lib/thumb/v7e-m/fpv4-sp/hard/crt0.o (exit)
/home/rob/nrf52/gcc-arm-none-eabi-7-2017-q4-major/bin/../lib/gcc/arm-none-eabi/7.2.1/../../../../arm-none-eabi/lib/thumb/v7e-m/fpv4-sp/hard/libc_nano.a(lib_a-impure.o)
                              /home/rob/nrf52/gcc-arm-none-eabi-7-2017-q4-major/bin/../lib/gcc/arm-none-eabi/7.2.1/../../../../arm-none-eabi/lib/thumb/v7e-m/fpv4-sp/hard/libc_nano.a(lib_a-exit.o) (_global_impure_ptr)
/home/rob/nrf52/gcc-arm-none-eabi-7-2017-q4-major/bin/../lib/gcc/arm-none-eabi/7.2.1/../../../../arm-none-eabi/lib/thumb/v7e-m/fpv4-sp/hard/libc_nano.a(lib_a-init.o)
                              /home/rob/nrf52/gcc-arm-none-eabi-7-2017-q4-major/bin/../lib/gcc/arm-none-eabi/7.2.1/../../../../arm-none-eabi/lib/thumb/v7e-m/fpv4-sp/hard/crt0.o (__libc_init_array)
/home/rob/nrf52/gcc-arm-none-eabi-7-2017-q4-major/bin/../lib/gcc/arm-none-eabi/7.2.1/../../../../arm-none-eabi/lib/thumb/v7e-m/fpv4-sp/hard/libc_nano.a(lib_a-memcpy-stub.o)
                              _build/nrf52832_xxaa/app_scheduler.c.o (memcpy)
/home/rob/nrf52/gcc-arm-none-eabi-7-2017-q4-major/bin/../lib/gcc/arm-none-eabi/7.2.1/../../../../arm-none-eabi/lib/thumb/v7e-m/fpv4-sp/hard/libc_nano.a(lib_a-memset.o)
                              /home/rob/nrf52/gcc-arm-none-eabi-7-2017-q4-major/bin/../lib/gcc/arm-none-eabi/7.2.1/../../../../arm-none-eabi/lib/thumb/v7e-m/fpv4-sp/hard/crt0.o (memset)
/home/rob/nrf52/gcc-arm-none-eabi-7-2017-q4-major/bin/../lib/gcc/arm-none-eabi/7.2.1/../../../../arm-none-eabi/lib/thumb/v7e-m/fpv4-sp/hard/libnosys.a(_exit.o)
                              /home/rob/nrf52/gcc-arm-none-eabi-7-2017-q4-major/bin/../lib/gcc/arm-none-eabi/7.2.1/../../../../arm-none-eabi/lib/thumb/v7e-m/fpv4-sp/hard/libc_nano.a(lib_a-exit.o) (_exit)

Discarded input sections

 .text          0x0000000000000000        0x0 /home/rob/nrf52/gcc-arm-none-eabi-7-2017-q4-major/bin/../lib/gcc/arm-none-eabi/7.2.1/thumb/v7e-m/fpv4-sp/hard/crti.o
 .data          0x0000000000000000        0x0 /home/rob/nrf52/gcc-arm-none-eabi-7-2017-q4-major/bin/../lib/gcc/arm-none-eabi/7.2.1/thumb/v7e-m/fpv4-sp/hard/crti.o
 .bss           0x0000000000000000        0x0 /home/rob/nrf52/gcc-arm-none-eabi-7-2017-q4-major/bin/../lib/gcc/arm-none-eabi/7.2.1/thumb/v7e-m/fpv4-sp/hard/crti.o
 .data          0x0000000000000000        0x4 /home/rob/nrf52/gcc-arm-none-eabi-7-2017-q4-major/bin/../lib/gcc/arm-none-eabi/7.2.1/thumb/v7e-m/fpv4-sp/hard/crtbegin.o
 .data          0x0000000000000000        0x0 /home/rob/nrf52/gcc-arm-none-eabi-7-2017-q4-major/bin/../lib/gcc/arm-none-eabi/7.2.1/../../../../arm-none-eabi/lib/thumb/v7e-m/fpv4-sp/hard/crt0.o
 .bss           0x0000000000000000        0x0 /home/rob/nrf52/gcc-arm-none-eabi-7-2017-q4-major/bin/../lib/gcc/arm-none-eabi/7.2.1/../../../../arm-none-eabi/lib/thumb/v7e-m/fpv4-sp/hard/crt0.o
 .ARM.extab     0x0000000000000000        0x0 /home/rob/nrf52/gcc-arm-none-eabi-7-2017-q4-major/bin/../lib/gcc/arm-none-eabi/7.2.1/../../../../arm-none-eabi/lib/thumb/v7e-m/fpv4-sp/hard/crt0.o
 .data          0x0000000000000000        0x0 _build/nrf52832_xxaa/gcc_startup_nrf52.S.o
 .bss           0x0000000000000000        0x0 _build/nrf52832_xxaa/gcc_startup_nrf52.S.o
 .group         0x0000000000000000        0xc _build/nrf52832_xxaa/main.c.o
 .group         0x0000000000000000        0xc _build/nrf52832_xxaa/main.c.o
 .group         0x0000000000000000        0xc _build/nrf52832_xxaa/main.c.o
 .group         0x0000000000000000        0xc _build/nrf52832_xxaa/main.c.o
 .group         0x0000000000000000        0xc _build/nrf52832_xxaa/main.c.o
 .group         0x0000000000000000        0xc _build/nrf52832_xxaa/main.c.o
 .group         0x0000000000000000        0xc _build/nrf52832_xxaa/main.c.o
 .group         0x0000000000000000        0xc _build/nrf52832_xxaa/main.c.o
 .group         0x0000000000000000        0xc _build/nrf52832_xxaa/main.c.o
 .group         0x0000000000000000        0xc _build/nrf52832_xxaa/main.c.o
 .group         0x0000000000000000        0xc _build/nrf52832_xxaa/main.c.o
 .group         0x0000000000000000        0xc _build/nrf52832_xxaa/main.c.o
 .group         0x0000000000000000        0xc _build/nrf52832_xxaa/main.c.o
 .group         0x0000000000000000        0xc _build/nrf52832_xxaa/main.c.o
 .group         0x0000000000000000        0xc _build/nrf52832_xxaa/main.c.o
 .group         0x0000000000000000        0xc _build/nrf52832_xxaa/main.c.o
 .group         0x0000000000000000        0xc _build/nrf52832_xxaa/main.c.o
 .group         0x0000000000000000        0xc _build/nrf52832_xxaa/main.c.o
[...]
Memory Configuration

Name             Origin             Length             Attributes
FLASH            0x0000000000000000 0x0000000000080000 xr
RAM              0x0000000020000000 0x0000000000010000 xrw
*default*        0x0000000000000000 0xffffffffffffffff

Linker script and memory map


.text           0x0000000000000000     0x1304
 *(.isr_vector)
 .isr_vector    0x0000000000000000      0x200 _build/nrf52832_xxaa/gcc_startup_nrf52.S.o
                0x0000000000000000                __isr_vector
 *(.text*)
 .text          0x0000000000000200       0x40 /home/rob/nrf52/gcc-arm-none-eabi-7-2017-q4-major/bin/../lib/gcc/arm-none-eabi/7.2.1/thumb/v7e-m/fpv4-sp/hard/crtbegin.o
 .text          0x0000000000000240       0x74 /home/rob/nrf52/gcc-arm-none-eabi-7-2017-q4-major/bin/../lib/gcc/arm-none-eabi/7.2.1/../../../../arm-none-eabi/lib/thumb/v7e-m/fpv4-sp/hard/crt0.o
                0x0000000000000240                _mainCRTStartup
                0x0000000000000240                _start
 .text          0x00000000000002b4       0x3c _build/nrf52832_xxaa/gcc_startup_nrf52.S.o
                0x00000000000002b4                Reset_Handler
                0x00000000000002dc                NMI_Handler
                0x00000000000002de                HardFault_Handler
                0x00000000000002e0                MemoryManagement_Handler
                0x00000000000002e2                BusFault_Handler
                0x00000000000002e4                UsageFault_Handler
                0x00000000000002e6                SVC_Handler
                0x00000000000002e8                DebugMon_Handler
                0x00000000000002ea                PendSV_Handler
                0x00000000000002ec                SysTick_Handler
                0x00000000000002ee                TIMER2_IRQHandler
                0x00000000000002ee                RTC0_IRQHandler
                0x00000000000002ee                SWI2_EGU2_IRQHandler
                0x00000000000002ee                GPIOTE_IRQHandler
                0x00000000000002ee                PWM1_IRQHandler
                0x00000000000002ee                RADIO_IRQHandler
                0x00000000000002ee                PDM_IRQHandler
                0x00000000000002ee                TEMP_IRQHandler
                0x00000000000002ee                QDEC_IRQHandler
                0x00000000000002ee                TIMER3_IRQHandler
                0x00000000000002ee                FPU_IRQHandler
                0x00000000000002ee                SPIM0_SPIS0_TWIM0_TWIS0_SPI0_TWI0_IRQHandler
                0x00000000000002ee                UARTE0_UART0_IRQHandler
                0x00000000000002ee                TIMER4_IRQHandler
                0x00000000000002ee                I2S_IRQHandler
                0x00000000000002ee                SWI4_EGU4_IRQHandler
                0x00000000000002ee                TIMER0_IRQHandler
                0x00000000000002ee                TIMER1_IRQHandler
                0x00000000000002ee                PWM2_IRQHandler
                0x00000000000002ee                ECB_IRQHandler
                0x00000000000002ee                SPIM1_SPIS1_TWIM1_TWIS1_SPI1_TWI1_IRQHandler
                0x00000000000002ee                Default_Handler
                0x00000000000002ee                SAADC_IRQHandler
                0x00000000000002ee                CCM_AAR_IRQHandler
                0x00000000000002ee                WDT_IRQHandler
                0x00000000000002ee                SWI5_EGU5_IRQHandler
                0x00000000000002ee                RNG_IRQHandler
                0x00000000000002ee                RTC2_IRQHandler
                0x00000000000002ee                PWM0_IRQHandler
                0x00000000000002ee                SWI3_EGU3_IRQHandler
                0x00000000000002ee                SWI1_EGU1_IRQHandler
                0x00000000000002ee                SPIM2_SPIS2_SPI2_IRQHandler
                0x00000000000002ee                NFCT_IRQHandler
                0x00000000000002ee                MWU_IRQHandler
                0x00000000000002ee                COMP_LPCOMP_IRQHandler
 .text.startup.main
                0x00000000000002f0       0x78 _build/nrf52832_xxaa/main.c.o
                0x00000000000002f0                main
 .text.app_error_handler_bare
                0x0000000000000368       0x20 _build/nrf52832_xxaa/app_error.c.o
                0x0000000000000368                app_error_handler_bare
 .text.app_error_fault_handler
                0x0000000000000388       0x34 _build/nrf52832_xxaa/app_error_weak.c.o
                0x0000000000000388                app_error_fault_handler
 .text.RTC1_IRQHandler
                0x00000000000003bc       0xa0 _build/nrf52832_xxaa/app_timer.c.o
                0x00000000000003bc                RTC1_IRQHandler
 .text.SWI0_EGU0_IRQHandler
                0x000000000000045c      0x394 _build/nrf52832_xxaa/app_timer.c.o
                0x000000000000045c                SWI0_EGU0_IRQHandler
 .text.app_timer_init
                0x00000000000007f0       0xa8 _build/nrf52832_xxaa/app_timer.c.o
                0x00000000000007f0                app_timer_init
 .text.app_timer_create
                0x0000000000000898       0x24 _build/nrf52832_xxaa/app_timer.c.o
                0x0000000000000898                app_timer_create
 .text.app_timer_start
                0x00000000000008bc       0x9c _build/nrf52832_xxaa/app_timer.c.o
                0x00000000000008bc                app_timer_start
 .text.app_util_critical_region_enter
                0x0000000000000958       0x10 _build/nrf52832_xxaa/app_util_platform.c.o
                0x0000000000000958                app_util_critical_region_enter
 .text.app_util_critical_region_exit
                0x0000000000000968       0x14 _build/nrf52832_xxaa/app_util_platform.c.o
                0x0000000000000968                app_util_critical_region_exit
 .text.led_softblink_on_timeout
                0x000000000000097c       0x7c _build/nrf52832_xxaa/led_softblink.c.o
 .text.led_softblink_init
                0x00000000000009f8       0x98 _build/nrf52832_xxaa/led_softblink.c.o
                0x00000000000009f8                led_softblink_init
 .text.led_softblink_start
                0x0000000000000a90        0xc _build/nrf52832_xxaa/led_softblink.c.o
                0x0000000000000a90                led_softblink_start
 .text.pwm_timeout_handler
                0x0000000000000a9c       0xbc _build/nrf52832_xxaa/low_power_pwm.c.o
 .text.low_power_pwm_init
                0x0000000000000b58       0x6c _build/nrf52832_xxaa/low_power_pwm.c.o
                0x0000000000000b58                low_power_pwm_init
 .text.low_power_pwm_start
                0x0000000000000bc4       0xac _build/nrf52832_xxaa/low_power_pwm.c.o
                0x0000000000000bc4                low_power_pwm_start
 .text.low_power_pwm_duty_set
                0x0000000000000c70       0x10 _build/nrf52832_xxaa/low_power_pwm.c.o
                0x0000000000000c70                low_power_pwm_duty_set
 .text.clock_irq_handler
                0x0000000000000c80       0x44 _build/nrf52832_xxaa/nrf_drv_clock.c.o
 .text.nrf_drv_clock_init
                0x0000000000000cc4       0x34 _build/nrf52832_xxaa/nrf_drv_clock.c.o
                0x0000000000000cc4                nrf_drv_clock_init
 .text.nrf_drv_clock_lfclk_request
                0x0000000000000cf8       0x5c _build/nrf52832_xxaa/nrf_drv_clock.c.o
                0x0000000000000cf8                nrf_drv_clock_lfclk_request
 .text.nrfx_clock_init
                0x0000000000000d54       0x1c _build/nrf52832_xxaa/nrfx_clock.c.o
                0x0000000000000d54                nrfx_clock_init
 .text.nrfx_clock_enable
                0x0000000000000d70       0x28 _build/nrf52832_xxaa/nrfx_clock.c.o
                0x0000000000000d70                nrfx_clock_enable
 .text.nrfx_clock_lfclk_start
                0x0000000000000d98       0x60 _build/nrf52832_xxaa/nrfx_clock.c.o
                0x0000000000000d98                nrfx_clock_lfclk_start
 .text.POWER_CLOCK_IRQHandler
                0x0000000000000df8       0x64 _build/nrf52832_xxaa/nrfx_clock.c.o
                0x0000000000000df8                POWER_CLOCK_IRQHandler
 .text.SystemInit
                0x0000000000000e5c      0x3c0 _build/nrf52832_xxaa/system_nrf52.c.o
                0x0000000000000e5c                SystemInit
 .text.exit     0x000000000000121c       0x28 /home/rob/nrf52/gcc-arm-none-eabi-7-2017-q4-major/bin/../lib/gcc/arm-none-eabi/7.2.1/../../../../arm-none-eabi/lib/thumb/v7e-m/fpv4-sp/hard/libc_nano.a(lib_a-exit.o)
                0x000000000000121c                exit
 .text.__libc_init_array
                0x0000000000001244       0x48 /home/rob/nrf52/gcc-arm-none-eabi-7-2017-q4-major/bin/../lib/gcc/arm-none-eabi/7.2.1/../../../../arm-none-eabi/lib/thumb/v7e-m/fpv4-sp/hard/libc_nano.a(lib_a-init.o)
                0x0000000000001244                __libc_init_array
 .text.memcpy   0x000000000000128c       0x16 /home/rob/nrf52/gcc-arm-none-eabi-7-2017-q4-major/bin/../lib/gcc/arm-none-eabi/7.2.1/../../../../arm-none-eabi/lib/thumb/v7e-m/fpv4-sp/hard/libc_nano.a(lib_a-memcpy-stub.o)
                0x000000000000128c                memcpy
 .text.memset   0x00000000000012a2       0x10 /home/rob/nrf52/gcc-arm-none-eabi-7-2017-q4-major/bin/../lib/gcc/arm-none-eabi/7.2.1/../../../../arm-none-eabi/lib/thumb/v7e-m/fpv4-sp/hard/libc_nano.a(lib_a-memset.o)
                0x00000000000012a2                memset
 *fill*         0x00000000000012b2        0x2 
 .text._exit    0x00000000000012b4        0x4 /home/rob/nrf52/gcc-arm-none-eabi-7-2017-q4-major/bin/../lib/gcc/arm-none-eabi/7.2.1/../../../../arm-none-eabi/lib/thumb/v7e-m/fpv4-sp/hard/libnosys.a(_exit.o)
                0x00000000000012b4                _exit
 *(.init)
 .init          0x00000000000012b8        0x4 /home/rob/nrf52/gcc-arm-none-eabi-7-2017-q4-major/bin/../lib/gcc/arm-none-eabi/7.2.1/thumb/v7e-m/fpv4-sp/hard/crti.o
                0x00000000000012b8                _init
 .init          0x00000000000012bc        0x8 /home/rob/nrf52/gcc-arm-none-eabi-7-2017-q4-major/bin/../lib/gcc/arm-none-eabi/7.2.1/thumb/v7e-m/fpv4-sp/hard/crtn.o
 *(.fini)
 .fini          0x00000000000012c4        0x4 /home/rob/nrf52/gcc-arm-none-eabi-7-2017-q4-major/bin/../lib/gcc/arm-none-eabi/7.2.1/thumb/v7e-m/fpv4-sp/hard/crti.o
                0x00000000000012c4                _fini
 .fini          0x00000000000012c8        0x8 /home/rob/nrf52/gcc-arm-none-eabi-7-2017-q4-major/bin/../lib/gcc/arm-none-eabi/7.2.1/thumb/v7e-m/fpv4-sp/hard/crtn.o
 *crtbegin.o(.ctors)
 *crtbegin?.o(.ctors)
 *(EXCLUDE_FILE(*crtend.o *crtend?.o) .ctors)
 *(SORT_BY_NAME(.ctors.*))
 *(.ctors)
 *crtbegin.o(.dtors)
 *crtbegin?.o(.dtors)
 *(EXCLUDE_FILE(*crtend.o *crtend?.o) .dtors)
 *(SORT_BY_NAME(.dtors.*))
 *(.dtors)
 *(.rodata*)
 .rodata        0x00000000000012d0       0x14 _build/nrf52832_xxaa/main.c.o
 *fill*         0x00000000000012e4        0xc 
 .rodata.delay_bytecode.8310
                0x00000000000012f0        0x6 _build/nrf52832_xxaa/app_timer.c.o
 *fill*         0x00000000000012f6        0x2 
 .rodata.m_led_softblink_timer
                0x00000000000012f8        0x4 _build/nrf52832_xxaa/led_softblink.c.o
 .rodata._global_impure_ptr
                0x00000000000012fc        0x4 /home/rob/nrf52/gcc-arm-none-eabi-7-2017-q4-major/bin/../lib/gcc/arm-none-eabi/7.2.1/../../../../arm-none-eabi/lib/thumb/v7e-m/fpv4-sp/hard/libc_nano.a(lib_a-impure.o)
                0x00000000000012fc                _global_impure_ptr
 *(.eh_frame*)
 .eh_frame      0x0000000000001300        0x0 /home/rob/nrf52/gcc-arm-none-eabi-7-2017-q4-major/bin/../lib/gcc/arm-none-eabi/7.2.1/thumb/v7e-m/fpv4-sp/hard/crtbegin.o
 .eh_frame      0x0000000000001300        0x4 /home/rob/nrf52/gcc-arm-none-eabi-7-2017-q4-major/bin/../lib/gcc/arm-none-eabi/7.2.1/thumb/v7e-m/fpv4-sp/hard/crtend.o

.glue_7         0x0000000000001304        0x0
 .glue_7        0x0000000000001304        0x0 linker stubs

.glue_7t        0x0000000000001304        0x0
 .glue_7t       0x0000000000001304        0x0 linker stubs

.vfp11_veneer   0x0000000000001304        0x0
 .vfp11_veneer  0x0000000000001304        0x0 linker stubs

.v4_bx          0x0000000000001304        0x0
 .v4_bx         0x0000000000001304        0x0 linker stubs

.iplt           0x0000000000001304        0x0
 .iplt          0x0000000000001304        0x0 /home/rob/nrf52/gcc-arm-none-eabi-7-2017-q4-major/bin/../lib/gcc/arm-none-eabi/7.2.1/thumb/v7e-m/fpv4-sp/hard/crtbegin.o

.mem_section_dummy_rom

.log_const_data
                0x0000000000001304        0x0
                [!provide]                        PROVIDE (__start_log_const_data, .)
 *(SORT_BY_NAME(.log_const_data*))
                [!provide]                        PROVIDE (__stop_log_const_data, .)

.nrf_balloc     0x0000000000001304        0x0
                [!provide]                        PROVIDE (__start_nrf_balloc, .)
 *(.nrf_balloc)
                [!provide]                        PROVIDE (__stop_nrf_balloc, .)

.ARM.extab
 *(.ARM.extab* .gnu.linkonce.armextab.*)
                0x0000000000001304                __exidx_start = .

.ARM.exidx      0x0000000000001304        0x8
 *(.ARM.exidx* .gnu.linkonce.armexidx.*)
 .ARM.exidx     0x0000000000001304        0x8 /home/rob/nrf52/gcc-arm-none-eabi-7-2017-q4-major/bin/../lib/gcc/arm-none-eabi/7.2.1/../../../../arm-none-eabi/lib/thumb/v7e-m/fpv4-sp/hard/crt0.o
                0x000000000000130c                __exidx_end = .
                0x000000000000130c                __etext = .

.rel.dyn        0x000000000000130c        0x0
 .rel.iplt      0x000000000000130c        0x0 /home/rob/nrf52/gcc-arm-none-eabi-7-2017-q4-major/bin/../lib/gcc/arm-none-eabi/7.2.1/thumb/v7e-m/fpv4-sp/hard/crtbegin.o

.data           0x0000000020000000       0x6c load address 0x000000000000130c
                0x0000000020000000                __data_start__ = .
 *(vtable)
 *(.data*)
 .data.SystemCoreClock
                0x0000000020000000        0x4 _build/nrf52832_xxaa/system_nrf52.c.o
                0x0000000020000000                SystemCoreClock
 .data.impure_data
                0x0000000020000004       0x60 /home/rob/nrf52/gcc-arm-none-eabi-7-2017-q4-major/bin/../lib/gcc/arm-none-eabi/7.2.1/../../../../arm-none-eabi/lib/thumb/v7e-m/fpv4-sp/hard/libc_nano.a(lib_a-impure.o)
                0x0000000020000064                . = ALIGN (0x4)
                0x0000000020000064                PROVIDE (__preinit_array_start, .)
 *(.preinit_array)
                0x0000000020000064                PROVIDE (__preinit_array_end, .)
                0x0000000020000064                . = ALIGN (0x4)
                0x0000000020000064                PROVIDE (__init_array_start, .)
 *(SORT_BY_NAME(.init_array.*))
 *(.init_array)
 .init_array    0x0000000020000064        0x4 /home/rob/nrf52/gcc-arm-none-eabi-7-2017-q4-major/bin/../lib/gcc/arm-none-eabi/7.2.1/thumb/v7e-m/fpv4-sp/hard/crtbegin.o
                0x0000000020000068                PROVIDE (__init_array_end, .)
                0x0000000020000068                . = ALIGN (0x4)
                [!provide]                        PROVIDE (__fini_array_start, .)
 *(SORT_BY_NAME(.fini_array.*))
 *(.fini_array)
 .fini_array    0x0000000020000068        0x4 /home/rob/nrf52/gcc-arm-none-eabi-7-2017-q4-major/bin/../lib/gcc/arm-none-eabi/7.2.1/thumb/v7e-m/fpv4-sp/hard/crtbegin.o
                [!provide]                        PROVIDE (__fini_array_end, .)
 *(.jcr*)
                0x000000002000006c                . = ALIGN (0x4)
                0x000000002000006c                __data_end__ = .
LOAD /home/rob/nrf52/gcc-arm-none-eabi-7-2017-q4-major/bin/../lib/gcc/arm-none-eabi/7.2.1/thumb/v7e-m/fpv4-sp/hard/crti.o
LOAD /home/rob/nrf52/gcc-arm-none-eabi-7-2017-q4-major/bin/../lib/gcc/arm-none-eabi/7.2.1/thumb/v7e-m/fpv4-sp/hard/crtbegin.o
LOAD /home/rob/nrf52/gcc-arm-none-eabi-7-2017-q4-major/bin/../lib/gcc/arm-none-eabi/7.2.1/../../../../arm-none-eabi/lib/thumb/v7e-m/fpv4-sp/hard/crt0.o
LOAD _build/nrf52832_xxaa/gcc_startup_nrf52.S.o
LOAD _build/nrf52832_xxaa/main.c.o
LOAD _build/nrf52832_xxaa/boards.c.o
LOAD _build/nrf52832_xxaa/app_error.c.o
LOAD _build/nrf52832_xxaa/app_error_handler_gcc.c.o
LOAD _build/nrf52832_xxaa/app_error_weak.c.o
LOAD _build/nrf52832_xxaa/app_scheduler.c.o
LOAD _build/nrf52832_xxaa/app_timer.c.o
LOAD _build/nrf52832_xxaa/app_util_platform.c.o
LOAD _build/nrf52832_xxaa/led_softblink.c.o
LOAD _build/nrf52832_xxaa/low_power_pwm.c.o
LOAD _build/nrf52832_xxaa/nrf_assert.c.o
LOAD _build/nrf52832_xxaa/nrf_strerror.c.o
LOAD _build/nrf52832_xxaa/nrf_drv_clock.c.o
LOAD _build/nrf52832_xxaa/nrf_nvic.c.o
LOAD _build/nrf52832_xxaa/nrf_soc.c.o
LOAD _build/nrf52832_xxaa/nrfx_clock.c.o
LOAD _build/nrf52832_xxaa/nrfx_power_clock.c.o
LOAD _build/nrf52832_xxaa/system_nrf52.c.o
LOAD /home/rob/nrf52/gcc-arm-none-eabi-7-2017-q4-major/bin/../lib/gcc/arm-none-eabi/7.2.1/../../../../arm-none-eabi/lib/thumb/v7e-m/fpv4-sp/hard/libc_nano.a
LOAD /home/rob/nrf52/gcc-arm-none-eabi-7-2017-q4-major/bin/../lib/gcc/arm-none-eabi/7.2.1/../../../../arm-none-eabi/lib/thumb/v7e-m/fpv4-sp/hard/libnosys.a
LOAD /home/rob/nrf52/gcc-arm-none-eabi-7-2017-q4-major/bin/../lib/gcc/arm-none-eabi/7.2.1/../../../../arm-none-eabi/lib/thumb/v7e-m/fpv4-sp/hard/libm.a
START GROUP
LOAD /home/rob/nrf52/gcc-arm-none-eabi-7-2017-q4-major/bin/../lib/gcc/arm-none-eabi/7.2.1/thumb/v7e-m/fpv4-sp/hard/libgcc.a
LOAD /home/rob/nrf52/gcc-arm-none-eabi-7-2017-q4-major/bin/../lib/gcc/arm-none-eabi/7.2.1/../../../../arm-none-eabi/lib/thumb/v7e-m/fpv4-sp/hard/libg_nano.a
LOAD /home/rob/nrf52/gcc-arm-none-eabi-7-2017-q4-major/bin/../lib/gcc/arm-none-eabi/7.2.1/../../../../arm-none-eabi/lib/thumb/v7e-m/fpv4-sp/hard/libc_nano.a
END GROUP
START GROUP
LOAD /home/rob/nrf52/gcc-arm-none-eabi-7-2017-q4-major/bin/../lib/gcc/arm-none-eabi/7.2.1/thumb/v7e-m/fpv4-sp/hard/libgcc.a
LOAD /home/rob/nrf52/gcc-arm-none-eabi-7-2017-q4-major/bin/../lib/gcc/arm-none-eabi/7.2.1/../../../../arm-none-eabi/lib/thumb/v7e-m/fpv4-sp/hard/libc_nano.a
END GROUP
LOAD /home/rob/nrf52/gcc-arm-none-eabi-7-2017-q4-major/bin/../lib/gcc/arm-none-eabi/7.2.1/thumb/v7e-m/fpv4-sp/hard/crtend.o
LOAD /home/rob/nrf52/gcc-arm-none-eabi-7-2017-q4-major/bin/../lib/gcc/arm-none-eabi/7.2.1/thumb/v7e-m/fpv4-sp/hard/crtn.o
START GROUP
LOAD /home/rob/nrf52/gcc-arm-none-eabi-7-2017-q4-major/bin/../lib/gcc/arm-none-eabi/7.2.1/thumb/v7e-m/fpv4-sp/hard/libgcc.a
LOAD /home/rob/nrf52/gcc-arm-none-eabi-7-2017-q4-major/bin/../lib/gcc/arm-none-eabi/7.2.1/../../../../arm-none-eabi/lib/thumb/v7e-m/fpv4-sp/hard/libc.a
LOAD /home/rob/nrf52/gcc-arm-none-eabi-7-2017-q4-major/bin/../lib/gcc/arm-none-eabi/7.2.1/../../../../arm-none-eabi/lib/thumb/v7e-m/fpv4-sp/hard/libnosys.a
END GROUP

.igot.plt       0x000000002000006c        0x0 load address 0x0000000000001378
 .igot.plt      0x000000002000006c        0x0 /home/rob/nrf52/gcc-arm-none-eabi-7-2017-q4-major/bin/../lib/gcc/arm-none-eabi/7.2.1/thumb/v7e-m/fpv4-sp/hard/crtbegin.o
                0x000000002000006c                . = ALIGN (0x4)

.mem_section_dummy_ram

.log_dynamic_data
                0x000000002000006c        0x0
                [!provide]                        PROVIDE (__start_log_dynamic_data, .)
 *(SORT_BY_NAME(.log_dynamic_data*))
                [!provide]                        PROVIDE (__stop_log_dynamic_data, .)

.bss            0x000000002000006c      0x1d8 load address 0x0000000000001378
                0x000000002000006c                . = ALIGN (0x4)
                0x000000002000006c                __bss_start__ = .
 *(.bss*)
 .bss           0x000000002000006c       0x1c /home/rob/nrf52/gcc-arm-none-eabi-7-2017-q4-major/bin/../lib/gcc/arm-none-eabi/7.2.1/thumb/v7e-m/fpv4-sp/hard/crtbegin.o
 .bss.m_op_queue
                0x0000000020000088      0x10c _build/nrf52832_xxaa/app_timer.c.o
 .bss.m_rtc1_reset
                0x0000000020000194        0x1 _build/nrf52832_xxaa/app_timer.c.o
 .bss.m_rtc1_running
                0x0000000020000195        0x1 _build/nrf52832_xxaa/app_timer.c.o
 *fill*         0x0000000020000196        0x2 
 .bss.m_ticks_elapsed
                0x0000000020000198        0x8 _build/nrf52832_xxaa/app_timer.c.o
 .bss.m_ticks_elapsed_q_read_ind
                0x00000000200001a0        0x1 _build/nrf52832_xxaa/app_timer.c.o
 .bss.m_ticks_elapsed_q_write_ind
                0x00000000200001a1        0x1 _build/nrf52832_xxaa/app_timer.c.o
 *fill*         0x00000000200001a2        0x2 
 .bss.m_ticks_latest
                0x00000000200001a4        0x4 _build/nrf52832_xxaa/app_timer.c.o
 .bss.mp_timer_id_head
                0x00000000200001a8        0x4 _build/nrf52832_xxaa/app_timer.c.o
 .bss.m_in_critical_region
                0x00000000200001ac        0x4 _build/nrf52832_xxaa/app_util_platform.c.o
 .bss.m_led_sb  0x00000000200001b0       0x54 _build/nrf52832_xxaa/led_softblink.c.o
 .bss.m_led_softblink_timer_data
                0x0000000020000204       0x20 _build/nrf52832_xxaa/led_softblink.c.o
 .bss.pause_ticks.8384
                0x0000000020000224        0x4 _build/nrf52832_xxaa/led_softblink.c.o
 .bss.m_clock_cb
                0x0000000020000228       0x14 _build/nrf52832_xxaa/nrf_drv_clock.c.o
 .bss.m_clock_cb
                0x000000002000023c        0x8 _build/nrf52832_xxaa/nrfx_clock.c.o
 *(COMMON)
                0x0000000020000244                . = ALIGN (0x4)
                0x0000000020000244                __bss_end__ = .

.heap           0x0000000020000248     0x2000
                0x0000000020000248                __HeapBase = .
                0x0000000020000248                __end__ = .
                [!provide]                        PROVIDE (end, .)
 *(.heap*)
 .heap          0x0000000020000248     0x2000 _build/nrf52832_xxaa/gcc_startup_nrf52.S.o
                0x0000000020002248                __HeapLimit = .

.stack_dummy    0x0000000020000248     0x2000
 *(.stack*)
 .stack         0x0000000020000248     0x2000 _build/nrf52832_xxaa/gcc_startup_nrf52.S.o
                0x0000000020010000                __StackTop = (ORIGIN (RAM) + LENGTH (RAM))
                0x000000002000e000                __StackLimit = (__StackTop - SIZEOF (.stack_dummy))
                0x0000000020010000                PROVIDE (__stack, __StackTop)
                0x0000000000000001                ASSERT ((__StackLimit >= __HeapLimit), region RAM overflowed with stack)
                0x000000000000006c                DataInitFlashUsed = (__bss_start__ - __data_start__)
                0x000000000000130c                CodeFlashUsed = (__etext - ORIGIN (FLASH))
                0x0000000000001378                TotalFlashUsed = (CodeFlashUsed + DataInitFlashUsed)
                0x0000000000000001                ASSERT ((TotalFlashUsed <= LENGTH (FLASH)), region FLASH overflowed with .data and user data)
OUTPUT(_build/nrf52832_xxaa.out elf32-littlearm)

.ARM.attributes
                0x0000000000000000       0x30
 .ARM.attributes
                0x0000000000000000       0x22 /home/rob/nrf52/gcc-arm-none-eabi-7-2017-q4-major/bin/../lib/gcc/arm-none-eabi/7.2.1/thumb/v7e-m/fpv4-sp/hard/crti.o
 .ARM.attributes
                0x0000000000000022       0x34 /home/rob/nrf52/gcc-arm-none-eabi-7-2017-q4-major/bin/../lib/gcc/arm-none-eabi/7.2.1/thumb/v7e-m/fpv4-sp/hard/crtbegin.o
 .ARM.attributes
                0x0000000000000056       0x20 /home/rob/nrf52/gcc-arm-none-eabi-7-2017-q4-major/bin/../lib/gcc/arm-none-eabi/7.2.1/../../../../arm-none-eabi/lib/thumb/v7e-m/fpv4-sp/hard/crt0.o
 .ARM.attributes
                0x0000000000000076       0x20 _build/nrf52832_xxaa/gcc_startup_nrf52.S.o
 .ARM.attributes
                0x0000000000000096       0x39 _build/nrf52832_xxaa/main.c.o
 .ARM.attributes
                0x00000000000000cf       0x39 _build/nrf52832_xxaa/app_error.c.o
 .ARM.attributes
                0x0000000000000108       0x39 _build/nrf52832_xxaa/app_error_weak.c.o
 .ARM.attributes
                0x0000000000000141       0x39 _build/nrf52832_xxaa/app_timer.c.o
 .ARM.attributes
                0x000000000000017a       0x39 _build/nrf52832_xxaa/app_util_platform.c.o
 .ARM.attributes
                0x00000000000001b3       0x39 _build/nrf52832_xxaa/led_softblink.c.o
 .ARM.attributes
                0x00000000000001ec       0x39 _build/nrf52832_xxaa/low_power_pwm.c.o
 .ARM.attributes
                0x0000000000000225       0x39 _build/nrf52832_xxaa/nrf_drv_clock.c.o
 .ARM.attributes
                0x000000000000025e       0x39 _build/nrf52832_xxaa/nrfx_clock.c.o
 .ARM.attributes
                0x0000000000000297       0x39 _build/nrf52832_xxaa/system_nrf52.c.o
 .ARM.attributes
                0x00000000000002d0       0x34 /home/rob/nrf52/gcc-arm-none-eabi-7-2017-q4-major/bin/../lib/gcc/arm-none-eabi/7.2.1/../../../../arm-none-eabi/lib/thumb/v7e-m/fpv4-sp/hard/libc_nano.a(lib_a-exit.o)
 .ARM.attributes
                0x0000000000000304       0x34 /home/rob/nrf52/gcc-arm-none-eabi-7-2017-q4-major/bin/../lib/gcc/arm-none-eabi/7.2.1/../../../../arm-none-eabi/lib/thumb/v7e-m/fpv4-sp/hard/libc_nano.a(lib_a-impure.o)
 .ARM.attributes
                0x0000000000000338       0x34 /home/rob/nrf52/gcc-arm-none-eabi-7-2017-q4-major/bin/../lib/gcc/arm-none-eabi/7.2.1/../../../../arm-none-eabi/lib/thumb/v7e-m/fpv4-sp/hard/libc_nano.a(lib_a-init.o)
 .ARM.attributes
                0x000000000000036c       0x34 /home/rob/nrf52/gcc-arm-none-eabi-7-2017-q4-major/bin/../lib/gcc/arm-none-eabi/7.2.1/../../../../arm-none-eabi/lib/thumb/v7e-m/fpv4-sp/hard/libc_nano.a(lib_a-memcpy-stub.o)
 .ARM.attributes
                0x00000000000003a0       0x34 /home/rob/nrf52/gcc-arm-none-eabi-7-2017-q4-major/bin/../lib/gcc/arm-none-eabi/7.2.1/../../../../arm-none-eabi/lib/thumb/v7e-m/fpv4-sp/hard/libc_nano.a(lib_a-memset.o)
 .ARM.attributes
                0x00000000000003d4       0x34 /home/rob/nrf52/gcc-arm-none-eabi-7-2017-q4-major/bin/../lib/gcc/arm-none-eabi/7.2.1/../../../../arm-none-eabi/lib/thumb/v7e-m/fpv4-sp/hard/libnosys.a(_exit.o)
 .ARM.attributes
                0x0000000000000408       0x34 /home/rob/nrf52/gcc-arm-none-eabi-7-2017-q4-major/bin/../lib/gcc/arm-none-eabi/7.2.1/thumb/v7e-m/fpv4-sp/hard/crtend.o
 .ARM.attributes
                0x000000000000043c       0x22 /home/rob/nrf52/gcc-arm-none-eabi-7-2017-q4-major/bin/../lib/gcc/arm-none-eabi/7.2.1/thumb/v7e-m/fpv4-sp/hard/crtn.o

.comment        0x0000000000000000       0x7e
 .comment       0x0000000000000000       0x7e _build/nrf52832_xxaa/main.c.o
                                         0x7f (size before relaxing)
 .comment       0x000000000000007e       0x7f _build/nrf52832_xxaa/app_error.c.o
 .comment       0x000000000000007e       0x7f _build/nrf52832_xxaa/app_error_weak.c.o
 .comment       0x000000000000007e       0x7f _build/nrf52832_xxaa/app_timer.c.o
 .comment       0x000000000000007e       0x7f _build/nrf52832_xxaa/app_util_platform.c.o
 .comment       0x000000000000007e       0x7f _build/nrf52832_xxaa/led_softblink.c.o
 .comment       0x000000000000007e       0x7f _build/nrf52832_xxaa/low_power_pwm.c.o
 .comment       0x000000000000007e       0x7f _build/nrf52832_xxaa/nrf_drv_clock.c.o
 .comment       0x000000000000007e       0x7f _build/nrf52832_xxaa/nrfx_clock.c.o
 .comment       0x000000000000007e       0x7f _build/nrf52832_xxaa/system_nrf52.c.o

.debug_line     0x0000000000000000     0x5962
 .debug_line    0x0000000000000000       0x98 _build/nrf52832_xxaa/gcc_startup_nrf52.S.o
 .debug_line    0x0000000000000098      0x96c _build/nrf52832_xxaa/main.c.o
 .debug_line    0x0000000000000a04      0x517 _build/nrf52832_xxaa/app_error.c.o
 .debug_line    0x0000000000000f1b      0x83f _build/nrf52832_xxaa/app_error_weak.c.o
 .debug_line    0x000000000000175a      0xce3 _build/nrf52832_xxaa/app_timer.c.o
 .debug_line    0x000000000000243d      0x5b6 _build/nrf52832_xxaa/app_util_platform.c.o
 .debug_line    0x00000000000029f3      0x97a _build/nrf52832_xxaa/led_softblink.c.o
 .debug_line    0x000000000000336d      0xa45 _build/nrf52832_xxaa/low_power_pwm.c.o
 .debug_line    0x0000000000003db2      0xafb _build/nrf52832_xxaa/nrf_drv_clock.c.o
 .debug_line    0x00000000000048ad      0xc26 _build/nrf52832_xxaa/nrfx_clock.c.o
 .debug_line    0x00000000000054d3      0x48f _build/nrf52832_xxaa/system_nrf52.c.o

.debug_info     0x0000000000000000     0xc100
 .debug_info    0x0000000000000000       0x26 _build/nrf52832_xxaa/gcc_startup_nrf52.S.o
 .debug_info    0x0000000000000026     0x1094 _build/nrf52832_xxaa/main.c.o
 .debug_info    0x00000000000010ba      0xaeb _build/nrf52832_xxaa/app_error.c.o
 .debug_info    0x0000000000001ba5      0xc47 _build/nrf52832_xxaa/app_error_weak.c.o
 .debug_info    0x00000000000027ec     0x2389 _build/nrf52832_xxaa/app_timer.c.o
 .debug_info    0x0000000000004b75      0xfa6 _build/nrf52832_xxaa/app_util_platform.c.o
 .debug_info    0x0000000000005b1b      0xfff _build/nrf52832_xxaa/led_softblink.c.o
 .debug_info    0x0000000000006b1a     0x152b _build/nrf52832_xxaa/low_power_pwm.c.o
 .debug_info    0x0000000000008045     0x140a _build/nrf52832_xxaa/nrf_drv_clock.c.o
 .debug_info    0x000000000000944f     0x1b97 _build/nrf52832_xxaa/nrfx_clock.c.o
 .debug_info    0x000000000000afe6     0x111a _build/nrf52832_xxaa/system_nrf52.c.o

.debug_abbrev   0x0000000000000000     0x21b4
 .debug_abbrev  0x0000000000000000       0x14 _build/nrf52832_xxaa/gcc_startup_nrf52.S.o
 .debug_abbrev  0x0000000000000014      0x380 _build/nrf52832_xxaa/main.c.o
 .debug_abbrev  0x0000000000000394      0x235 _build/nrf52832_xxaa/app_error.c.o
 .debug_abbrev  0x00000000000005c9      0x254 _build/nrf52832_xxaa/app_error_weak.c.o
 .debug_abbrev  0x000000000000081d      0x494 _build/nrf52832_xxaa/app_timer.c.o
 .debug_abbrev  0x0000000000000cb1      0x326 _build/nrf52832_xxaa/app_util_platform.c.o
 .debug_abbrev  0x0000000000000fd7      0x31a _build/nrf52832_xxaa/led_softblink.c.o
 .debug_abbrev  0x00000000000012f1      0x397 _build/nrf52832_xxaa/low_power_pwm.c.o
 .debug_abbrev  0x0000000000001688      0x4b1 _build/nrf52832_xxaa/nrf_drv_clock.c.o
 .debug_abbrev  0x0000000000001b39      0x499 _build/nrf52832_xxaa/nrfx_clock.c.o
 .debug_abbrev  0x0000000000001fd2      0x1e2 _build/nrf52832_xxaa/system_nrf52.c.o

.debug_aranges  0x0000000000000000      0x2f0
 .debug_aranges
                0x0000000000000000       0x20 _build/nrf52832_xxaa/gcc_startup_nrf52.S.o
 .debug_aranges
                0x0000000000000020       0x20 _build/nrf52832_xxaa/main.c.o
 .debug_aranges
                0x0000000000000040       0x28 _build/nrf52832_xxaa/app_error.c.o
 .debug_aranges
                0x0000000000000068       0x20 _build/nrf52832_xxaa/app_error_weak.c.o
 .debug_aranges
                0x0000000000000088       0x70 _build/nrf52832_xxaa/app_timer.c.o
 .debug_aranges
                0x00000000000000f8       0x48 _build/nrf52832_xxaa/app_util_platform.c.o
 .debug_aranges
                0x0000000000000140       0x50 _build/nrf52832_xxaa/led_softblink.c.o
 .debug_aranges
                0x0000000000000190       0x40 _build/nrf52832_xxaa/low_power_pwm.c.o
 .debug_aranges
                0x00000000000001d0       0x80 _build/nrf52832_xxaa/nrf_drv_clock.c.o
 .debug_aranges
                0x0000000000000250       0x78 _build/nrf52832_xxaa/nrfx_clock.c.o
 .debug_aranges
                0x00000000000002c8       0x28 _build/nrf52832_xxaa/system_nrf52.c.o

.debug_str      0x0000000000000000    0x70085
 .debug_str     0x0000000000000000       0x9c _build/nrf52832_xxaa/gcc_startup_nrf52.S.o
 .debug_str     0x000000000000009c    0x69bf0 _build/nrf52832_xxaa/main.c.o
                                      0x6a9bb (size before relaxing)
 .debug_str     0x0000000000069c8c      0x129 _build/nrf52832_xxaa/app_error.c.o
                                      0x60ace (size before relaxing)
 .debug_str     0x0000000000069db5     0x3af8 _build/nrf52832_xxaa/app_error_weak.c.o
                                      0x6a725 (size before relaxing)
 .debug_str     0x000000000006d8ad      0xc19 _build/nrf52832_xxaa/app_timer.c.o
                                      0x6a340 (size before relaxing)
 .debug_str     0x000000000006e4c6      0x1c5 _build/nrf52832_xxaa/app_util_platform.c.o
                                      0x612c0 (size before relaxing)
 .debug_str     0x000000000006e68b      0x496 _build/nrf52832_xxaa/led_softblink.c.o
                                      0x69e32 (size before relaxing)
 .debug_str     0x000000000006eb21       0xb5 _build/nrf52832_xxaa/low_power_pwm.c.o
                                      0x69c72 (size before relaxing)
 .debug_str     0x000000000006ebd6      0x884 _build/nrf52832_xxaa/nrf_drv_clock.c.o
                                      0x6c15e (size before relaxing)
 .debug_str     0x000000000006f45a      0x8b4 _build/nrf52832_xxaa/nrfx_clock.c.o
                                      0x6c977 (size before relaxing)
 .debug_str     0x000000000006fd0e      0x377 _build/nrf52832_xxaa/system_nrf52.c.o
                                      0x5c4cb (size before relaxing)

.debug_loc      0x0000000000000000     0x203e
 .debug_loc     0x0000000000000000      0x1f2 _build/nrf52832_xxaa/main.c.o
 .debug_loc     0x00000000000001f2       0xca _build/nrf52832_xxaa/app_error.c.o
 .debug_loc     0x00000000000002bc       0x42 _build/nrf52832_xxaa/app_error_weak.c.o
 .debug_loc     0x00000000000002fe      0xeeb _build/nrf52832_xxaa/app_timer.c.o
 .debug_loc     0x00000000000011e9       0xc3 _build/nrf52832_xxaa/app_util_platform.c.o
 .debug_loc     0x00000000000012ac       0xb8 _build/nrf52832_xxaa/led_softblink.c.o
 .debug_loc     0x0000000000001364      0x708 _build/nrf52832_xxaa/low_power_pwm.c.o
 .debug_loc     0x0000000000001a6c      0x2b5 _build/nrf52832_xxaa/nrf_drv_clock.c.o
 .debug_loc     0x0000000000001d21      0x31d _build/nrf52832_xxaa/nrfx_clock.c.o

.debug_ranges   0x0000000000000000      0xd50
 .debug_ranges  0x0000000000000000       0xe8 _build/nrf52832_xxaa/main.c.o
 .debug_ranges  0x00000000000000e8       0x18 _build/nrf52832_xxaa/app_error.c.o
 .debug_ranges  0x0000000000000100       0x10 _build/nrf52832_xxaa/app_error_weak.c.o
 .debug_ranges  0x0000000000000110      0x498 _build/nrf52832_xxaa/app_timer.c.o
 .debug_ranges  0x00000000000005a8       0x50 _build/nrf52832_xxaa/app_util_platform.c.o
 .debug_ranges  0x00000000000005f8       0x58 _build/nrf52832_xxaa/led_softblink.c.o
 .debug_ranges  0x0000000000000650      0x208 _build/nrf52832_xxaa/low_power_pwm.c.o
 .debug_ranges  0x0000000000000858       0xf0 _build/nrf52832_xxaa/nrf_drv_clock.c.o
 .debug_ranges  0x0000000000000948      0x2a0 _build/nrf52832_xxaa/nrfx_clock.c.o
 .debug_ranges  0x0000000000000be8      0x168 _build/nrf52832_xxaa/system_nrf52.c.o

.debug_macro    0x0000000000000000    0x14fc8
 .debug_macro   0x0000000000000000      0x3ae _build/nrf52832_xxaa/main.c.o
 .debug_macro   0x00000000000003ae      0xa72 _build/nrf52832_xxaa/main.c.o
 .debug_macro   0x0000000000000e20       0x22 _build/nrf52832_xxaa/main.c.o
 .debug_macro   0x0000000000000e42       0x22 _build/nrf52832_xxaa/main.c.o
 .debug_macro   0x0000000000000e64       0x4f _build/nrf52832_xxaa/main.c.o
 .debug_macro   0x0000000000000eb3       0x51 _build/nrf52832_xxaa/main.c.o
 .debug_macro   0x0000000000000f04       0xef _build/nrf52832_xxaa/main.c.o
 .debug_macro   0x0000000000000ff3       0x6a _build/nrf52832_xxaa/main.c.o
 .debug_macro   0x000000000000105d      0x1df _build/nrf52832_xxaa/main.c.o
 .debug_macro   0x000000000000123c      0x62a _build/nrf52832_xxaa/main.c.o
 .debug_macro   0x0000000000001866      0x16d _build/nrf52832_xxaa/main.c.o
 .debug_macro   0x00000000000019d3       0x22 _build/nrf52832_xxaa/main.c.o
 .debug_macro   0x00000000000019f5       0x2d _build/nrf52832_xxaa/main.c.o
 .debug_macro   0x0000000000001a22       0x3b _build/nrf52832_xxaa/main.c.o
 .debug_macro   0x0000000000001a5d       0x50 _build/nrf52832_xxaa/main.c.o
 .debug_macro   0x0000000000001aad      0xe66 _build/nrf52832_xxaa/main.c.o
 .debug_macro   0x0000000000002913      0x392 _build/nrf52832_xxaa/main.c.o
 .debug_macro   0x0000000000002ca5     0xccbe _build/nrf52832_xxaa/main.c.o
 .debug_macro   0x000000000000f963     0x1313 _build/nrf52832_xxaa/main.c.o
 .debug_macro   0x0000000000010c76       0x82 _build/nrf52832_xxaa/main.c.o
 .debug_macro   0x0000000000010cf8       0x22 _build/nrf52832_xxaa/main.c.o
 .debug_macro   0x0000000000010d1a      0x3a3 _build/nrf52832_xxaa/main.c.o
 .debug_macro   0x00000000000110bd       0x36 _build/nrf52832_xxaa/main.c.o
 .debug_macro   0x00000000000110f3       0x81 _build/nrf52832_xxaa/main.c.o
 .debug_macro   0x0000000000011174      0x125 _build/nrf52832_xxaa/main.c.o
 .debug_macro   0x0000000000011299       0x16 _build/nrf52832_xxaa/main.c.o
 .debug_macro   0x00000000000112af      0x16d _build/nrf52832_xxaa/main.c.o
 .debug_macro   0x000000000001141c      0x4e4 _build/nrf52832_xxaa/main.c.o
 .debug_macro   0x0000000000011900       0x3f _build/nrf52832_xxaa/main.c.o
 .debug_macro   0x000000000001193f       0x58 _build/nrf52832_xxaa/main.c.o
 .debug_macro   0x0000000000011997       0x17 _build/nrf52832_xxaa/main.c.o
 .debug_macro   0x00000000000119ae       0x35 _build/nrf52832_xxaa/main.c.o
 .debug_macro   0x00000000000119e3       0x9c _build/nrf52832_xxaa/main.c.o
 .debug_macro   0x0000000000011a7f       0x16 _build/nrf52832_xxaa/main.c.o
 .debug_macro   0x0000000000011a95       0x35 _build/nrf52832_xxaa/main.c.o
 .debug_macro   0x0000000000011aca      0x353 _build/nrf52832_xxaa/main.c.o
 .debug_macro   0x0000000000011e1d       0x10 _build/nrf52832_xxaa/main.c.o
 .debug_macro   0x0000000000011e2d       0x58 _build/nrf52832_xxaa/main.c.o
 .debug_macro   0x0000000000011e85       0x1f _build/nrf52832_xxaa/main.c.o
 .debug_macro   0x0000000000011ea4       0x43 _build/nrf52832_xxaa/main.c.o
 .debug_macro   0x0000000000011ee7       0x20 _build/nrf52832_xxaa/main.c.o
 .debug_macro   0x0000000000011f07      0x18e _build/nrf52832_xxaa/main.c.o
 .debug_macro   0x0000000000012095       0x10 _build/nrf52832_xxaa/main.c.o
 .debug_macro   0x00000000000120a5       0xb6 _build/nrf52832_xxaa/main.c.o
 .debug_macro   0x000000000001215b       0x16 _build/nrf52832_xxaa/main.c.o
 .debug_macro   0x0000000000012171      0x129 _build/nrf52832_xxaa/main.c.o
 .debug_macro   0x000000000001229a       0x8e _build/nrf52832_xxaa/main.c.o
 .debug_macro   0x0000000000012328       0xa7 _build/nrf52832_xxaa/main.c.o
 .debug_macro   0x00000000000123cf       0x49 _build/nrf52832_xxaa/main.c.o
 .debug_macro   0x0000000000012418       0x8c _build/nrf52832_xxaa/main.c.o
 .debug_macro   0x00000000000124a4       0x19 _build/nrf52832_xxaa/main.c.o
 .debug_macro   0x00000000000124bd       0x16 _build/nrf52832_xxaa/main.c.o
 .debug_macro   0x00000000000124d3       0x7b _build/nrf52832_xxaa/main.c.o
 .debug_macro   0x000000000001254e       0x64 _build/nrf52832_xxaa/main.c.o
 .debug_macro   0x00000000000125b2       0x20 _build/nrf52832_xxaa/main.c.o
 .debug_macro   0x00000000000125d2       0x1c _build/nrf52832_xxaa/main.c.o
 .debug_macro   0x00000000000125ee      0x25a _build/nrf52832_xxaa/main.c.o
 .debug_macro   0x0000000000012848      0x16d _build/nrf52832_xxaa/main.c.o
 .debug_macro   0x00000000000129b5       0x40 _build/nrf52832_xxaa/main.c.o
 .debug_macro   0x00000000000129f5       0x42 _build/nrf52832_xxaa/main.c.o
 .debug_macro   0x0000000000012a37       0x16 _build/nrf52832_xxaa/main.c.o
 .debug_macro   0x0000000000012a4d       0x10 _build/nrf52832_xxaa/main.c.o
 .debug_macro   0x0000000000012a5d      0x21f _build/nrf52832_xxaa/app_error.c.o
 .debug_macro   0x0000000000012c7c       0x35 _build/nrf52832_xxaa/app_error.c.o
 .debug_macro   0x0000000000012cb1       0x97 _build/nrf52832_xxaa/app_error.c.o
 .debug_macro   0x0000000000012d48       0xf6 _build/nrf52832_xxaa/app_error.c.o
 .debug_macro   0x0000000000012e3e      0x358 _build/nrf52832_xxaa/app_error_weak.c.o
 .debug_macro   0x0000000000013196       0x16 _build/nrf52832_xxaa/app_error_weak.c.o
 .debug_macro   0x00000000000131ac       0x31 _build/nrf52832_xxaa/app_error_weak.c.o
 .debug_macro   0x00000000000131dd       0x16 _build/nrf52832_xxaa/app_error_weak.c.o
 .debug_macro   0x00000000000131f3       0x49 _build/nrf52832_xxaa/app_error_weak.c.o
 .debug_macro   0x000000000001323c      0x17d _build/nrf52832_xxaa/app_error_weak.c.o
 .debug_macro   0x00000000000133b9       0x9a _build/nrf52832_xxaa/app_error_weak.c.o
 .debug_macro   0x0000000000013453       0x28 _build/nrf52832_xxaa/app_error_weak.c.o
 .debug_macro   0x000000000001347b       0x16 _build/nrf52832_xxaa/app_error_weak.c.o
 .debug_macro   0x0000000000013491       0x22 _build/nrf52832_xxaa/app_error_weak.c.o
 .debug_macro   0x00000000000134b3       0x92 _build/nrf52832_xxaa/app_error_weak.c.o
 .debug_macro   0x0000000000013545       0x98 _build/nrf52832_xxaa/app_error_weak.c.o
 .debug_macro   0x00000000000135dd       0x10 _build/nrf52832_xxaa/app_error_weak.c.o
 .debug_macro   0x00000000000135ed       0x1c _build/nrf52832_xxaa/app_error_weak.c.o
 .debug_macro   0x0000000000013609      0x3dc _build/nrf52832_xxaa/app_timer.c.o
 .debug_macro   0x00000000000139e5       0x3c _build/nrf52832_xxaa/app_timer.c.o
 .debug_macro   0x0000000000013a21       0x45 _build/nrf52832_xxaa/app_timer.c.o
 .debug_macro   0x0000000000013a66      0x235 _build/nrf52832_xxaa/app_util_platform.c.o
 .debug_macro   0x0000000000013c9b      0x374 _build/nrf52832_xxaa/led_softblink.c.o
 .debug_macro   0x000000000001400f       0x82 _build/nrf52832_xxaa/led_softblink.c.o
 .debug_macro   0x0000000000014091       0x3a _build/nrf52832_xxaa/led_softblink.c.o
 .debug_macro   0x00000000000140cb       0x28 _build/nrf52832_xxaa/led_softblink.c.o
 .debug_macro   0x00000000000140f3      0x367 _build/nrf52832_xxaa/low_power_pwm.c.o
 .debug_macro   0x000000000001445a       0x22 _build/nrf52832_xxaa/low_power_pwm.c.o
 .debug_macro   0x000000000001447c      0x3e7 _build/nrf52832_xxaa/nrf_drv_clock.c.o
 .debug_macro   0x0000000000014863       0x54 _build/nrf52832_xxaa/nrf_drv_clock.c.o
 .debug_macro   0x00000000000148b7       0x37 _build/nrf52832_xxaa/nrf_drv_clock.c.o
 .debug_macro   0x00000000000148ee       0x10 _build/nrf52832_xxaa/nrf_drv_clock.c.o
 .debug_macro   0x00000000000148fe      0x177 _build/nrf52832_xxaa/nrf_drv_clock.c.o
 .debug_macro   0x0000000000014a75      0x404 _build/nrf52832_xxaa/nrfx_clock.c.o
 .debug_macro   0x0000000000014e79       0x1c _build/nrf52832_xxaa/nrfx_clock.c.o
 .debug_macro   0x0000000000014e95       0x42 _build/nrf52832_xxaa/nrfx_clock.c.o
 .debug_macro   0x0000000000014ed7       0xf1 _build/nrf52832_xxaa/system_nrf52.c.o

.debug_frame    0x0000000000000000      0x718
 .debug_frame   0x0000000000000000       0x2c _build/nrf52832_xxaa/main.c.o
 .debug_frame   0x000000000000002c       0x54 _build/nrf52832_xxaa/app_error.c.o
 .debug_frame   0x0000000000000080       0x20 _build/nrf52832_xxaa/app_error_weak.c.o
 .debug_frame   0x00000000000000a0      0x138 _build/nrf52832_xxaa/app_timer.c.o
 .debug_frame   0x00000000000001d8       0x70 _build/nrf52832_xxaa/app_util_platform.c.o
 .debug_frame   0x0000000000000248       0xc0 _build/nrf52832_xxaa/led_softblink.c.o
 .debug_frame   0x0000000000000308       0x9c _build/nrf52832_xxaa/low_power_pwm.c.o
 .debug_frame   0x00000000000003a4      0x158 _build/nrf52832_xxaa/nrf_drv_clock.c.o
 .debug_frame   0x00000000000004fc      0x120 _build/nrf52832_xxaa/nrfx_clock.c.o
 .debug_frame   0x000000000000061c       0x40 _build/nrf52832_xxaa/system_nrf52.c.o
 .debug_frame   0x000000000000065c       0x28 /home/rob/nrf52/gcc-arm-none-eabi-7-2017-q4-major/bin/../lib/gcc/arm-none-eabi/7.2.1/../../../../arm-none-eabi/lib/thumb/v7e-m/fpv4-sp/hard/libc_nano.a(lib_a-exit.o)
 .debug_frame   0x0000000000000684       0x2c /home/rob/nrf52/gcc-arm-none-eabi-7-2017-q4-major/bin/../lib/gcc/arm-none-eabi/7.2.1/../../../../arm-none-eabi/lib/thumb/v7e-m/fpv4-sp/hard/libc_nano.a(lib_a-init.o)
 .debug_frame   0x00000000000006b0       0x28 /home/rob/nrf52/gcc-arm-none-eabi-7-2017-q4-major/bin/../lib/gcc/arm-none-eabi/7.2.1/../../../../arm-none-eabi/lib/thumb/v7e-m/fpv4-sp/hard/libc_nano.a(lib_a-memcpy-stub.o)
 .debug_frame   0x00000000000006d8       0x20 /home/rob/nrf52/gcc-arm-none-eabi-7-2017-q4-major/bin/../lib/gcc/arm-none-eabi/7.2.1/../../../../arm-none-eabi/lib/thumb/v7e-m/fpv4-sp/hard/libc_nano.a(lib_a-memset.o)
 .debug_frame   0x00000000000006f8       0x20 /home/rob/nrf52/gcc-arm-none-eabi-7-2017-q4-major/bin/../lib/gcc/arm-none-eabi/7.2.1/../../../../arm-none-eabi/lib/thumb/v7e-m/fpv4-sp/hard/libnosys.a(_exit.o)
