Archive member included to satisfy reference by file (symbol)

/home/rob/nrf52/gcc-arm-none-eabi-7-2017-q4-major/bin/../lib/gcc/arm-none-eabi/7.2.1/../../../../arm-none-eabi/lib/thumb/v7e-m/fpv4-sp/hard/libc_nano.a(lib_a-exit.o)
                              /home/rob/nrf52/gcc-arm-none-eabi-7-2017-q4-major/bin/../lib/gcc/arm-none-eabi/7.2.1/../../../../arm-none-eabi/lib/thumb/v7e-m/fpv4-sp/hard/crt0.o (exit)
/home/rob/nrf52/gcc-arm-none-eabi-7-2017-q4-major/bin/../lib/gcc/arm-none-eabi/7.2.1/../../../../arm-none-eabi/lib/thumb/v7e-m/fpv4-sp/hard/libc_nano.a(lib_a-impure.o)
                              /home/rob/nrf52/gcc-arm-none-eabi-7-2017-q4-major/bin/../lib/gcc/arm-none-eabi/7.2.1/../../../../arm-none-eabi/lib/thumb/v7e-m/fpv4-sp/hard/libc_nano.a(lib_a-exit.o) (_global_impure_ptr)
/home/rob/nrf52/gcc-arm-none-eabi-7-2017-q4-major/bin/../lib/gcc/arm-none-eabi/7.2.1/../../../../arm-none-eabi/lib/thumb/v7e-m/fpv4-sp/hard/libc_nano.a(lib_a-init.o)
                              /home/rob/nrf52/gcc-arm-none-eabi-7-2017-q4-major/bin/../lib/gcc/arm-none-eabi/7.2.1/../../../../arm-none-eabi/lib/thumb/v7e-m/fpv4-sp/hard/crt0.o (__libc_init_array)
/home/rob/nrf52/gcc-arm-none-eabi-7-2017-q4-major/bin/../lib/gcc/arm-none-eabi/7.2.1/../../../../arm-none-eabi/lib/thumb/v7e-m/fpv4-sp/hard/libc_nano.a(lib_a-locale.o)
                              _build/nrf52832_xxaa/nrf_log_str_formatter.c.o (__locale_ctype_ptr)
/home/rob/nrf52/gcc-arm-none-eabi-7-2017-q4-major/bin/../lib/gcc/arm-none-eabi/7.2.1/../../../../arm-none-eabi/lib/thumb/v7e-m/fpv4-sp/hard/libc_nano.a(lib_a-mbtowc_r.o)
                              /home/rob/nrf52/gcc-arm-none-eabi-7-2017-q4-major/bin/../lib/gcc/arm-none-eabi/7.2.1/../../../../arm-none-eabi/lib/thumb/v7e-m/fpv4-sp/hard/libc_nano.a(lib_a-locale.o) (__ascii_mbtowc)
/home/rob/nrf52/gcc-arm-none-eabi-7-2017-q4-major/bin/../lib/gcc/arm-none-eabi/7.2.1/../../../../arm-none-eabi/lib/thumb/v7e-m/fpv4-sp/hard/libc_nano.a(lib_a-memcmp.o)
                              _build/nrf52832_xxaa/ble_advdata.c.o (memcmp)
/home/rob/nrf52/gcc-arm-none-eabi-7-2017-q4-major/bin/../lib/gcc/arm-none-eabi/7.2.1/../../../../arm-none-eabi/lib/thumb/v7e-m/fpv4-sp/hard/libc_nano.a(lib_a-memcpy-stub.o)
                              _build/nrf52832_xxaa/nrf_log_frontend.c.o (memcpy)
/home/rob/nrf52/gcc-arm-none-eabi-7-2017-q4-major/bin/../lib/gcc/arm-none-eabi/7.2.1/../../../../arm-none-eabi/lib/thumb/v7e-m/fpv4-sp/hard/libc_nano.a(lib_a-memmove.o)
                              _build/nrf52832_xxaa/ble_hrs.c.o (memmove)
/home/rob/nrf52/gcc-arm-none-eabi-7-2017-q4-major/bin/../lib/gcc/arm-none-eabi/7.2.1/../../../../arm-none-eabi/lib/thumb/v7e-m/fpv4-sp/hard/libc_nano.a(lib_a-memset.o)
                              /home/rob/nrf52/gcc-arm-none-eabi-7-2017-q4-major/bin/../lib/gcc/arm-none-eabi/7.2.1/../../../../arm-none-eabi/lib/thumb/v7e-m/fpv4-sp/hard/crt0.o (memset)
/home/rob/nrf52/gcc-arm-none-eabi-7-2017-q4-major/bin/../lib/gcc/arm-none-eabi/7.2.1/../../../../arm-none-eabi/lib/thumb/v7e-m/fpv4-sp/hard/libc_nano.a(lib_a-strcmp.o)
                              /home/rob/nrf52/gcc-arm-none-eabi-7-2017-q4-major/bin/../lib/gcc/arm-none-eabi/7.2.1/../../../../arm-none-eabi/lib/thumb/v7e-m/fpv4-sp/hard/libc_nano.a(lib_a-locale.o) (strcmp)
/home/rob/nrf52/gcc-arm-none-eabi-7-2017-q4-major/bin/../lib/gcc/arm-none-eabi/7.2.1/../../../../arm-none-eabi/lib/thumb/v7e-m/fpv4-sp/hard/libc_nano.a(lib_a-strcpy.o)
                              _build/nrf52832_xxaa/SEGGER_RTT.c.o (strcpy)
/home/rob/nrf52/gcc-arm-none-eabi-7-2017-q4-major/bin/../lib/gcc/arm-none-eabi/7.2.1/../../../../arm-none-eabi/lib/thumb/v7e-m/fpv4-sp/hard/libc_nano.a(lib_a-strlen.o)
                              _build/nrf52832_xxaa/nrf_log_frontend.c.o (strlen)
/home/rob/nrf52/gcc-arm-none-eabi-7-2017-q4-major/bin/../lib/gcc/arm-none-eabi/7.2.1/../../../../arm-none-eabi/lib/thumb/v7e-m/fpv4-sp/hard/libc_nano.a(lib_a-wctomb_r.o)
                              /home/rob/nrf52/gcc-arm-none-eabi-7-2017-q4-major/bin/../lib/gcc/arm-none-eabi/7.2.1/../../../../arm-none-eabi/lib/thumb/v7e-m/fpv4-sp/hard/libc_nano.a(lib_a-locale.o) (__ascii_wctomb)
/home/rob/nrf52/gcc-arm-none-eabi-7-2017-q4-major/bin/../lib/gcc/arm-none-eabi/7.2.1/../../../../arm-none-eabi/lib/thumb/v7e-m/fpv4-sp/hard/libc_nano.a(lib_a-ctype_.o)
                              /home/rob/nrf52/gcc-arm-none-eabi-7-2017-q4-major/bin/../lib/gcc/arm-none-eabi/7.2.1/../../../../arm-none-eabi/lib/thumb/v7e-m/fpv4-sp/hard/libc_nano.a(lib_a-locale.o) (_ctype_)
/home/rob/nrf52/gcc-arm-none-eabi-7-2017-q4-major/bin/../lib/gcc/arm-none-eabi/7.2.1/../../../../arm-none-eabi/lib/thumb/v7e-m/fpv4-sp/hard/libnosys.a(_exit.o)
                              /home/rob/nrf52/gcc-arm-none-eabi-7-2017-q4-major/bin/../lib/gcc/arm-none-eabi/7.2.1/../../../../arm-none-eabi/lib/thumb/v7e-m/fpv4-sp/hard/libc_nano.a(lib_a-exit.o) (_exit)
[...]
Memory Configuration

Name             Origin             Length             Attributes
FLASH            0x0000000000026000 0x000000000005a000 xr
RAM              0x0000000020002b90 0x000000000000d470 xrw
*default*        0x0000000000000000 0xffffffffffffffff

Linker script and memory map


.text           0x0000000000026000     0xe1f0
 *(.isr_vector)
 .isr_vector    0x0000000000026000      0x200 _build/nrf52832_xxaa/gcc_startup_nrf52.S.o
                0x0000000000026000                __isr_vector
 *(.text*)
 .text          0x0000000000026200       0x40 /home/rob/nrf52/gcc-arm-none-eabi-7-2017-q4-major/bin/../lib/gcc/arm-none-eabi/7.2.1/thumb/v7e-m/fpv4-sp/hard/crtbegin.o
 .text          0x0000000000026240       0x74 /home/rob/nrf52/gcc-arm-none-eabi-7-2017-q4-major/bin/../lib/gcc/arm-none-eabi/7.2.1/../../../../arm-none-eabi/lib/thumb/v7e-m/fpv4-sp/hard/crt0.o
                0x0000000000026240                _mainCRTStartup
                0x0000000000026240                _start
 .text          0x00000000000262b4       0x3c _build/nrf52832_xxaa/gcc_startup_nrf52.S.o
                0x00000000000262b4                Reset_Handler
                0x00000000000262dc                NMI_Handler
                0x00000000000262de                HardFault_Handler
                0x00000000000262e0                MemoryManagement_Handler
                0x00000000000262e2                BusFault_Handler
                0x00000000000262e4                UsageFault_Handler
                0x00000000000262e6                SVC_Handler
                0x00000000000262e8                DebugMon_Handler
                0x00000000000262ea                PendSV_Handler
                0x00000000000262ec                SysTick_Handler
                0x00000000000262ee                TIMER2_IRQHandler
                0x00000000000262ee                RTC0_IRQHandler
                0x00000000000262ee                PWM1_IRQHandler
                0x00000000000262ee                RADIO_IRQHandler
                0x00000000000262ee                PDM_IRQHandler
                0x00000000000262ee                TEMP_IRQHandler
                0x00000000000262ee                QDEC_IRQHandler
                0x00000000000262ee                TIMER3_IRQHandler
                0x00000000000262ee                FPU_IRQHandler
                0x00000000000262ee                SPIM0_SPIS0_TWIM0_TWIS0_SPI0_TWI0_IRQHandler
                0x00000000000262ee                TIMER4_IRQHandler
                0x00000000000262ee                I2S_IRQHandler
                0x00000000000262ee                SWI4_EGU4_IRQHandler
                0x00000000000262ee                TIMER0_IRQHandler
                0x00000000000262ee                TIMER1_IRQHandler
                0x00000000000262ee                PWM2_IRQHandler
                0x00000000000262ee                ECB_IRQHandler
                0x00000000000262ee                SPIM1_SPIS1_TWIM1_TWIS1_SPI1_TWI1_IRQHandler
                0x00000000000262ee                Default_Handler
                0x00000000000262ee                SAADC_IRQHandler
                0x00000000000262ee                CCM_AAR_IRQHandler
                0x00000000000262ee                WDT_IRQHandler
                0x00000000000262ee                SWI5_EGU5_IRQHandler
                0x00000000000262ee                RNG_IRQHandler
                0x00000000000262ee                RTC2_IRQHandler
                0x00000000000262ee                PWM0_IRQHandler
                0x00000000000262ee                SWI3_EGU3_IRQHandler
                0x00000000000262ee                SWI1_EGU1_IRQHandler
                0x00000000000262ee                SPIM2_SPIS2_SPI2_IRQHandler
                0x00000000000262ee                NFCT_IRQHandler
                0x00000000000262ee                MWU_IRQHandler
                0x00000000000262ee                COMP_LPCOMP_IRQHandler
 .text.nrf_log_backend_serial_put
                0x00000000000262f0       0xd4 _build/nrf52832_xxaa/nrf_log_backend_serial.c.o
                0x00000000000262f0                nrf_log_backend_serial_put
 .text.uart_evt_handler
                0x00000000000263c4        0xc _build/nrf52832_xxaa/nrf_log_backend_uart.c.o
 .text.nrf_log_backend_uart_flush
                0x00000000000263d0        0x4 _build/nrf52832_xxaa/nrf_log_backend_uart.c.o
 .text.nrf_log_backend_uart_put
                0x00000000000263d4       0x20 _build/nrf52832_xxaa/nrf_log_backend_uart.c.o
 .text.serial_tx
                0x00000000000263f4       0x4c _build/nrf52832_xxaa/nrf_log_backend_uart.c.o
 .text.nrf_log_backend_uart_panic_set
                0x0000000000026440       0x60 _build/nrf52832_xxaa/nrf_log_backend_uart.c.o
 .text.nrf_log_backend_uart_init
                0x00000000000264a0       0x48 _build/nrf52832_xxaa/nrf_log_backend_uart.c.o
                0x00000000000264a0                nrf_log_backend_uart_init
 .text.nrf_log_default_backends_init
                0x00000000000264e8       0x1c _build/nrf52832_xxaa/nrf_log_default_backends.c.o
                0x00000000000264e8                nrf_log_default_backends_init
 .text.log_skip
                0x0000000000026504       0xd0 _build/nrf52832_xxaa/nrf_log_frontend.c.o
 .text.nrf_log_init
                0x00000000000265d4       0x50 _build/nrf52832_xxaa/nrf_log_frontend.c.o
                0x00000000000265d4                nrf_log_init
 .text.nrf_log_module_name_get
                0x0000000000026624       0x5c _build/nrf52832_xxaa/nrf_log_frontend.c.o
                0x0000000000026624                nrf_log_module_name_get
 .text.nrf_log_color_id_get
                0x0000000000026680       0x2c _build/nrf52832_xxaa/nrf_log_frontend.c.o
                0x0000000000026680                nrf_log_color_id_get
 .text.nrf_log_frontend_std_0
                0x00000000000266ac       0xf0 _build/nrf52832_xxaa/nrf_log_frontend.c.o
                0x00000000000266ac                nrf_log_frontend_std_0
 .text.nrf_log_frontend_dequeue.part.6
                0x000000000002679c      0x258 _build/nrf52832_xxaa/nrf_log_frontend.c.o
 .text.nrf_log_frontend_std_1
                0x00000000000269f4      0x100 _build/nrf52832_xxaa/nrf_log_frontend.c.o
                0x00000000000269f4                nrf_log_frontend_std_1
 .text.nrf_log_frontend_std_2
                0x0000000000026af4      0x104 _build/nrf52832_xxaa/nrf_log_frontend.c.o
                0x0000000000026af4                nrf_log_frontend_std_2
 .text.nrf_log_frontend_std_3
                0x0000000000026bf8      0x110 _build/nrf52832_xxaa/nrf_log_frontend.c.o
                0x0000000000026bf8                nrf_log_frontend_std_3
 .text.nrf_log_frontend_dequeue
                0x0000000000026d08       0x18 _build/nrf52832_xxaa/nrf_log_frontend.c.o
                0x0000000000026d08                nrf_log_frontend_dequeue
 .text.nrf_log_backend_add
                0x0000000000026d20       0x5c _build/nrf52832_xxaa/nrf_log_frontend.c.o
                0x0000000000026d20                nrf_log_backend_add
 .text.nrf_log_panic
                0x0000000000026d7c       0x28 _build/nrf52832_xxaa/nrf_log_frontend.c.o
                0x0000000000026d7c                nrf_log_panic
 .text.nrf_log_std_entry_process
                0x0000000000026da4      0x14c _build/nrf52832_xxaa/nrf_log_str_formatter.c.o
                0x0000000000026da4                nrf_log_std_entry_process
 .text.nrf_log_hexdump_entry_process
                0x0000000000026ef0      0x15c _build/nrf52832_xxaa/nrf_log_str_formatter.c.o
                0x0000000000026ef0                nrf_log_hexdump_entry_process
 .text.detection_delay_timeout_handler
                0x000000000002704c      0x120 _build/nrf52832_xxaa/app_button.c.o
 .text.gpiote_event_handler
                0x000000000002716c       0xa8 _build/nrf52832_xxaa/app_button.c.o
 .text.app_button_init
                0x0000000000027214       0xb0 _build/nrf52832_xxaa/app_button.c.o
                0x0000000000027214                app_button_init
 .text.app_button_enable
                0x00000000000272c4       0x2c _build/nrf52832_xxaa/app_button.c.o
                0x00000000000272c4                app_button_enable
 .text.app_error_handler_bare
                0x00000000000272f0       0x20 _build/nrf52832_xxaa/app_error.c.o
                0x00000000000272f0                app_error_handler_bare
 .text.app_error_fault_handler
                0x0000000000027310       0x6c _build/nrf52832_xxaa/app_error_weak.c.o
                0x0000000000027310                app_error_fault_handler
 .text.RTC1_IRQHandler
                0x000000000002737c       0xa0 _build/nrf52832_xxaa/app_timer.c.o
                0x000000000002737c                RTC1_IRQHandler
 .text.SWI0_EGU0_IRQHandler
                0x000000000002741c      0x394 _build/nrf52832_xxaa/app_timer.c.o
                0x000000000002741c                SWI0_EGU0_IRQHandler
 .text.app_timer_init
                0x00000000000277b0       0xa8 _build/nrf52832_xxaa/app_timer.c.o
                0x00000000000277b0                app_timer_init
 .text.app_timer_create
                0x0000000000027858       0x24 _build/nrf52832_xxaa/app_timer.c.o
                0x0000000000027858                app_timer_create
 .text.app_timer_start
                0x000000000002787c       0xac _build/nrf52832_xxaa/app_timer.c.o
                0x000000000002787c                app_timer_start
 .text.app_timer_stop
                0x0000000000027928       0x74 _build/nrf52832_xxaa/app_timer.c.o
                0x0000000000027928                app_timer_stop
 .text.app_util_critical_region_enter
                0x000000000002799c       0x4c _build/nrf52832_xxaa/app_util_platform.c.o
                0x000000000002799c                app_util_critical_region_enter
 .text.app_util_critical_region_exit
                0x00000000000279e8       0x30 _build/nrf52832_xxaa/app_util_platform.c.o
                0x00000000000279e8                app_util_critical_region_exit
 .text.record_find_by_desc
                0x0000000000027a18       0xf4 _build/nrf52832_xxaa/fds.c.o
 .text.gc_record_find_next
                0x0000000000027b0c       0xe0 _build/nrf52832_xxaa/fds.c.o
 .text.queue_process
                0x0000000000027bec      0x860 _build/nrf52832_xxaa/fds.c.o
 .text.fs_event_handler
                0x000000000002844c        0x8 _build/nrf52832_xxaa/fds.c.o
 .text.fds_register
                0x0000000000028454       0x2c _build/nrf52832_xxaa/fds.c.o
                0x0000000000028454                fds_register
 .text.fds_init
                0x0000000000028480      0x3a0 _build/nrf52832_xxaa/fds.c.o
                0x0000000000028480                fds_init
 .text.fds_record_open
                0x0000000000028820       0x50 _build/nrf52832_xxaa/fds.c.o
                0x0000000000028820                fds_record_open
 .text.fds_record_close
                0x0000000000028870       0x4c _build/nrf52832_xxaa/fds.c.o
                0x0000000000028870                fds_record_close
 .text.fds_reserve
                0x00000000000288bc       0x84 _build/nrf52832_xxaa/fds.c.o
                0x00000000000288bc                fds_reserve
 .text.fds_reserve_cancel
                0x0000000000028940       0x58 _build/nrf52832_xxaa/fds.c.o
                0x0000000000028940                fds_reserve_cancel
 .text.fds_record_write
                0x0000000000028998      0x13c _build/nrf52832_xxaa/fds.c.o
                0x0000000000028998                fds_record_write
 .text.fds_record_write_reserved
                0x0000000000028ad4       0xf8 _build/nrf52832_xxaa/fds.c.o
                0x0000000000028ad4                fds_record_write_reserved
 .text.fds_record_update
                0x0000000000028bcc      0x140 _build/nrf52832_xxaa/fds.c.o
                0x0000000000028bcc                fds_record_update
 .text.fds_file_delete
                0x0000000000028d0c       0x70 _build/nrf52832_xxaa/fds.c.o
                0x0000000000028d0c                fds_file_delete
 .text.fds_gc   0x0000000000028d7c       0x78 _build/nrf52832_xxaa/fds.c.o
                0x0000000000028d7c                fds_gc
 .text.fds_record_find
                0x0000000000028df4       0xe4 _build/nrf52832_xxaa/fds.c.o
                0x0000000000028df4                fds_record_find
 .text.fds_record_find_by_key
                0x0000000000028ed8       0xdc _build/nrf52832_xxaa/fds.c.o
                0x0000000000028ed8                fds_record_find_by_key
 .text.fds_record_find_in_file
                0x0000000000028fb4       0xdc _build/nrf52832_xxaa/fds.c.o
                0x0000000000028fb4                fds_record_find_in_file
 .text.fds_record_id_from_desc
                0x0000000000029090       0x10 _build/nrf52832_xxaa/fds.c.o
                0x0000000000029090                fds_record_id_from_desc
 .text.nrf_atfifo_init
                0x00000000000290a0       0x30 _build/nrf52832_xxaa/nrf_atfifo.c.o
                0x00000000000290a0                nrf_atfifo_init
 .text.nrf_atfifo_clear
                0x00000000000290d0       0x44 _build/nrf52832_xxaa/nrf_atfifo.c.o
                0x00000000000290d0                nrf_atfifo_clear
 .text.nrf_atfifo_item_alloc
                0x0000000000029114       0x58 _build/nrf52832_xxaa/nrf_atfifo.c.o
                0x0000000000029114                nrf_atfifo_item_alloc
 .text.nrf_atfifo_item_put
                0x000000000002916c       0x20 _build/nrf52832_xxaa/nrf_atfifo.c.o
                0x000000000002916c                nrf_atfifo_item_put
 .text.nrf_atfifo_item_get
                0x000000000002918c       0x5c _build/nrf52832_xxaa/nrf_atfifo.c.o
                0x000000000002918c                nrf_atfifo_item_get
 .text.nrf_atfifo_item_free
                0x00000000000291e8       0x20 _build/nrf52832_xxaa/nrf_atfifo.c.o
                0x00000000000291e8                nrf_atfifo_item_free
 .text.nrf_atflags_set
                0x0000000000029208       0x14 _build/nrf52832_xxaa/nrf_atflags.c.o
                0x0000000000029208                nrf_atflags_set
 .text.nrf_atflags_clear
                0x000000000002921c       0x14 _build/nrf52832_xxaa/nrf_atflags.c.o
                0x000000000002921c                nrf_atflags_clear
 .text.nrf_atflags_get
                0x0000000000029230       0x14 _build/nrf52832_xxaa/nrf_atflags.c.o
                0x0000000000029230                nrf_atflags_get
 .text.nrf_atflags_find_and_set_flag
                0x0000000000029244       0x88 _build/nrf52832_xxaa/nrf_atflags.c.o
                0x0000000000029244                nrf_atflags_find_and_set_flag
 .text.nrf_atomic_u32_fetch_store
                0x00000000000292cc       0x14 _build/nrf52832_xxaa/nrf_atomic.c.o
                0x00000000000292cc                nrf_atomic_u32_fetch_store
 .text.nrf_atomic_u32_fetch_or
                0x00000000000292e0       0x18 _build/nrf52832_xxaa/nrf_atomic.c.o
                0x00000000000292e0                nrf_atomic_u32_fetch_or
 .text.nrf_atomic_u32_or
                0x00000000000292f8       0x18 _build/nrf52832_xxaa/nrf_atomic.c.o
                0x00000000000292f8                nrf_atomic_u32_or
 .text.nrf_atomic_u32_and
                0x0000000000029310       0x18 _build/nrf52832_xxaa/nrf_atomic.c.o
                0x0000000000029310                nrf_atomic_u32_and
 .text.nrf_atomic_u32_fetch_add
                0x0000000000029328       0x18 _build/nrf52832_xxaa/nrf_atomic.c.o
                0x0000000000029328                nrf_atomic_u32_fetch_add
 .text.nrf_atomic_u32_add
                0x0000000000029340       0x18 _build/nrf52832_xxaa/nrf_atomic.c.o
                0x0000000000029340                nrf_atomic_u32_add
 .text.nrf_atomic_u32_sub
                0x0000000000029358       0x18 _build/nrf52832_xxaa/nrf_atomic.c.o
                0x0000000000029358                nrf_atomic_u32_sub
 .text.nrf_atomic_flag_set_fetch
                0x0000000000029370       0x18 _build/nrf52832_xxaa/nrf_atomic.c.o
                0x0000000000029370                nrf_atomic_flag_set_fetch
 .text.nrf_atomic_flag_set
                0x0000000000029388       0x18 _build/nrf52832_xxaa/nrf_atomic.c.o
                0x0000000000029388                nrf_atomic_flag_set
 .text.nrf_atomic_flag_clear_fetch
                0x00000000000293a0       0x18 _build/nrf52832_xxaa/nrf_atomic.c.o
                0x00000000000293a0                nrf_atomic_flag_clear_fetch
 .text.nrf_balloc_init
                0x00000000000293b8       0x38 _build/nrf52832_xxaa/nrf_balloc.c.o
                0x00000000000293b8                nrf_balloc_init
 .text.nrf_balloc_alloc
                0x00000000000293f0       0x50 _build/nrf52832_xxaa/nrf_balloc.c.o
                0x00000000000293f0                nrf_balloc_alloc
 .text.nrf_balloc_free
                0x0000000000029440       0x38 _build/nrf52832_xxaa/nrf_balloc.c.o
                0x0000000000029440                nrf_balloc_free
 .text.nrf_fprintf_buffer_flush
                0x0000000000029478       0x18 _build/nrf52832_xxaa/nrf_fprintf.c.o
                0x0000000000029478                nrf_fprintf_buffer_flush
 .text.nrf_fprintf
                0x0000000000029490       0x20 _build/nrf52832_xxaa/nrf_fprintf.c.o
                0x0000000000029490                nrf_fprintf
 .text.unsigned_print
                0x00000000000294b0      0x10c _build/nrf52832_xxaa/nrf_fprintf_format.c.o
 .text.nrf_fprintf_fmt
                0x00000000000295bc      0x5bc _build/nrf52832_xxaa/nrf_fprintf_format.c.o
                0x00000000000295bc                nrf_fprintf_fmt
 .text.nrf_fstorage_init
                0x0000000000029b78       0x54 _build/nrf52832_xxaa/nrf_fstorage.c.o
                0x0000000000029b78                nrf_fstorage_init
 .text.nrf_fstorage_write
                0x0000000000029bcc      0x128 _build/nrf52832_xxaa/nrf_fstorage.c.o
                0x0000000000029bcc                nrf_fstorage_write
 .text.nrf_fstorage_erase
                0x0000000000029cf4       0xe0 _build/nrf52832_xxaa/nrf_fstorage.c.o
                0x0000000000029cf4                nrf_fstorage_erase
 .text.nrf_fstorage_is_busy
                0x0000000000029dd4       0x50 _build/nrf52832_xxaa/nrf_fstorage.c.o
                0x0000000000029dd4                nrf_fstorage_is_busy
 .text.sd_flash_write
                0x0000000000029e24        0x4 _build/nrf52832_xxaa/nrf_fstorage_sd.c.o
 .text.sd_flash_page_erase
                0x0000000000029e28        0x4 _build/nrf52832_xxaa/nrf_fstorage_sd.c.o
 .text.rmap     0x0000000000029e2c        0x4 _build/nrf52832_xxaa/nrf_fstorage_sd.c.o
 .text.wmap     0x0000000000029e30        0x4 _build/nrf52832_xxaa/nrf_fstorage_sd.c.o
 .text.is_busy  0x0000000000029e34       0x10 _build/nrf52832_xxaa/nrf_fstorage_sd.c.o
 .text.nrf_fstorage_sdh_req_handler
                0x0000000000029e44       0x14 _build/nrf52832_xxaa/nrf_fstorage_sd.c.o
                0x0000000000029e44                nrf_fstorage_sdh_req_handler
 .text.read     0x0000000000029e58       0x10 _build/nrf52832_xxaa/nrf_fstorage_sd.c.o
 .text.uninit   0x0000000000029e68       0x20 _build/nrf52832_xxaa/nrf_fstorage_sd.c.o
 .text.init     0x0000000000029e88       0x38 _build/nrf52832_xxaa/nrf_fstorage_sd.c.o
 .text.queue_process
                0x0000000000029ec0      0x18c _build/nrf52832_xxaa/nrf_fstorage_sd.c.o
 .text.write    0x000000000002a04c       0x70 _build/nrf52832_xxaa/nrf_fstorage_sd.c.o
 .text.erase    0x000000000002a0bc       0x6c _build/nrf52832_xxaa/nrf_fstorage_sd.c.o
 .text.nrf_fstorage_sdh_state_handler
                0x000000000002a128      0x1a0 _build/nrf52832_xxaa/nrf_fstorage_sd.c.o
                0x000000000002a128                nrf_fstorage_sdh_state_handler
 .text.nrf_fstorage_sys_evt_handler
                0x000000000002a2c8      0x254 _build/nrf52832_xxaa/nrf_fstorage_sd.c.o
                0x000000000002a2c8                nrf_fstorage_sys_evt_handler
 .text.nrf_memobj_pool_init
                0x000000000002a51c        0x4 _build/nrf52832_xxaa/nrf_memobj.c.o
                0x000000000002a51c                nrf_memobj_pool_init
 .text.nrf_memobj_alloc
                0x000000000002a520       0x84 _build/nrf52832_xxaa/nrf_memobj.c.o
                0x000000000002a520                nrf_memobj_alloc
 .text.nrf_memobj_get
                0x000000000002a5a4        0x8 _build/nrf52832_xxaa/nrf_memobj.c.o
                0x000000000002a5a4                nrf_memobj_get
 .text.nrf_memobj_put
                0x000000000002a5ac       0x44 _build/nrf52832_xxaa/nrf_memobj.c.o
                0x000000000002a5ac                nrf_memobj_put
 .text.nrf_memobj_write
                0x000000000002a5f0       0x5c _build/nrf52832_xxaa/nrf_memobj.c.o
                0x000000000002a5f0                nrf_memobj_write
 .text.nrf_memobj_read
                0x000000000002a64c       0x5c _build/nrf52832_xxaa/nrf_memobj.c.o
                0x000000000002a64c                nrf_memobj_read
 .text.sd_app_evt_wait
                0x000000000002a6a8        0x4 _build/nrf52832_xxaa/nrf_pwr_mgmt.c.o
 .text.nrf_pwr_mgmt_init
                0x000000000002a6ac       0x2c _build/nrf52832_xxaa/nrf_pwr_mgmt.c.o
                0x000000000002a6ac                nrf_pwr_mgmt_init
 .text.nrf_pwr_mgmt_run
                0x000000000002a6d8       0x50 _build/nrf52832_xxaa/nrf_pwr_mgmt.c.o
                0x000000000002a6d8                nrf_pwr_mgmt_run
 .text.nrf_section_iter_init
                0x000000000002a728       0x14 _build/nrf52832_xxaa/nrf_section_iter.c.o
                0x000000000002a728                nrf_section_iter_init
 .text.nrf_section_iter_next
                0x000000000002a73c       0x18 _build/nrf52832_xxaa/nrf_section_iter.c.o
                0x000000000002a73c                nrf_section_iter_next
 .text.nrf_strerror_get
                0x000000000002a754       0x6c _build/nrf52832_xxaa/nrf_strerror.c.o
                0x000000000002a754                nrf_strerror_get
 .text.sensorsim_init
                0x000000000002a7c0       0x1c _build/nrf52832_xxaa/sensorsim.c.o
                0x000000000002a7c0                sensorsim_init
 .text.sensorsim_measure
                0x000000000002a7dc       0x48 _build/nrf52832_xxaa/sensorsim.c.o
                0x000000000002a7dc                sensorsim_measure
 .text.SystemInit
                0x000000000002a824      0x3c0 _build/nrf52832_xxaa/system_nrf52.c.o
                0x000000000002a824                SystemInit
 .text.bsp_board_led_state_get
                0x000000000002abe4       0x1c _build/nrf52832_xxaa/boards.c.o
                0x000000000002abe4                bsp_board_led_state_get
 .text.bsp_board_led_on
                0x000000000002ac00       0x18 _build/nrf52832_xxaa/boards.c.o
                0x000000000002ac00                bsp_board_led_on
 .text.bsp_board_led_off
                0x000000000002ac18       0x18 _build/nrf52832_xxaa/boards.c.o
                0x000000000002ac18                bsp_board_led_off
 .text.bsp_board_leds_off
                0x000000000002ac30       0x2c _build/nrf52832_xxaa/boards.c.o
                0x000000000002ac30                bsp_board_leds_off
 .text.bsp_board_leds_on
                0x000000000002ac5c       0x2c _build/nrf52832_xxaa/boards.c.o
                0x000000000002ac5c                bsp_board_leds_on
 .text.bsp_board_led_invert
                0x000000000002ac88       0x24 _build/nrf52832_xxaa/boards.c.o
                0x000000000002ac88                bsp_board_led_invert
 .text.bsp_board_button_state_get
                0x000000000002acac       0x1c _build/nrf52832_xxaa/boards.c.o
                0x000000000002acac                bsp_board_button_state_get
 .text.bsp_board_pin_to_button_idx
                0x000000000002acc8       0x24 _build/nrf52832_xxaa/boards.c.o
                0x000000000002acc8                bsp_board_pin_to_button_idx
 .text.bsp_board_button_idx_to_pin
                0x000000000002acec        0xc _build/nrf52832_xxaa/boards.c.o
                0x000000000002acec                bsp_board_button_idx_to_pin
 .text.bsp_board_init
                0x000000000002acf8       0x5c _build/nrf52832_xxaa/boards.c.o
                0x000000000002acf8                bsp_board_init
 .text.clock_irq_handler
                0x000000000002ad54       0x44 _build/nrf52832_xxaa/nrf_drv_clock.c.o
 .text.soc_evt_handler
                0x000000000002ad98       0x28 _build/nrf52832_xxaa/nrf_drv_clock.c.o
 .text.sd_state_evt_handler
                0x000000000002adc0       0xa0 _build/nrf52832_xxaa/nrf_drv_clock.c.o
 .text.uarte_evt_handler
                0x000000000002ae60       0x34 _build/nrf52832_xxaa/nrf_drv_uart.c.o
 .text.uart_evt_handler
                0x000000000002ae94       0x34 _build/nrf52832_xxaa/nrf_drv_uart.c.o
 .text.nrf_drv_uart_init
                0x000000000002aec8       0x80 _build/nrf52832_xxaa/nrf_drv_uart.c.o
                0x000000000002aec8                nrf_drv_uart_init
 .text.nrfx_clock_init
                0x000000000002af48       0x1c _build/nrf52832_xxaa/nrfx_clock.c.o
                0x000000000002af48                nrfx_clock_init
 .text.nrfx_clock_enable
                0x000000000002af64       0x28 _build/nrf52832_xxaa/nrfx_clock.c.o
                0x000000000002af64                nrfx_clock_enable
 .text.nrfx_clock_lfclk_stop
                0x000000000002af8c       0x18 _build/nrf52832_xxaa/nrfx_clock.c.o
                0x000000000002af8c                nrfx_clock_lfclk_stop
 .text.POWER_CLOCK_IRQHandler
                0x000000000002afa4       0x64 _build/nrf52832_xxaa/nrfx_clock.c.o
                0x000000000002afa4                POWER_CLOCK_IRQHandler
 .text.nrfx_gpiote_init
                0x000000000002b008       0x8c _build/nrf52832_xxaa/nrfx_gpiote.c.o
                0x000000000002b008                nrfx_gpiote_init
 .text.nrfx_gpiote_is_init
                0x000000000002b094       0x14 _build/nrf52832_xxaa/nrfx_gpiote.c.o
                0x000000000002b094                nrfx_gpiote_is_init
 .text.nrfx_gpiote_in_init
                0x000000000002b0a8      0x1bc _build/nrf52832_xxaa/nrfx_gpiote.c.o
                0x000000000002b0a8                nrfx_gpiote_in_init
 .text.nrfx_gpiote_in_event_enable
                0x000000000002b264       0xc4 _build/nrf52832_xxaa/nrfx_gpiote.c.o
                0x000000000002b264                nrfx_gpiote_in_event_enable
 .text.nrfx_gpiote_in_is_set
                0x000000000002b328       0x14 _build/nrf52832_xxaa/nrfx_gpiote.c.o
                0x000000000002b328                nrfx_gpiote_in_is_set
 .text.GPIOTE_IRQHandler
                0x000000000002b33c      0x548 _build/nrf52832_xxaa/nrfx_gpiote.c.o
                0x000000000002b33c                GPIOTE_IRQHandler
 .text.UARTE0_UART0_IRQHandler
                0x000000000002b884        0xc _build/nrf52832_xxaa/nrfx_prs.c.o
                0x000000000002b884                UARTE0_UART0_IRQHandler
 .text.nrfx_prs_acquire
                0x000000000002b890       0x4c _build/nrf52832_xxaa/nrfx_prs.c.o
                0x000000000002b890                nrfx_prs_acquire
 .text.nrfx_prs_release
                0x000000000002b8dc       0x18 _build/nrf52832_xxaa/nrfx_prs.c.o
                0x000000000002b8dc                nrfx_prs_release
 .text.nrfx_uart_0_irq_handler
                0x000000000002b8f4      0x1bc _build/nrf52832_xxaa/nrfx_uart.c.o
                0x000000000002b8f4                nrfx_uart_0_irq_handler
 .text.nrfx_uart_init
                0x000000000002bab0      0x1a4 _build/nrf52832_xxaa/nrfx_uart.c.o
                0x000000000002bab0                nrfx_uart_init
 .text.nrfx_uart_uninit
                0x000000000002bc54       0xcc _build/nrf52832_xxaa/nrfx_uart.c.o
                0x000000000002bc54                nrfx_uart_uninit
 .text.nrfx_uart_tx
                0x000000000002bd20       0xcc _build/nrf52832_xxaa/nrfx_uart.c.o
                0x000000000002bd20                nrfx_uart_tx
 .text.nrfx_uarte_0_irq_handler
                0x000000000002bdec      0x128 _build/nrf52832_xxaa/nrfx_uarte.c.o
                0x000000000002bdec                nrfx_uarte_0_irq_handler
 .text.nrfx_uarte_init
                0x000000000002bf14      0x1c4 _build/nrf52832_xxaa/nrfx_uarte.c.o
                0x000000000002bf14                nrfx_uarte_init
 .text.nrfx_uarte_uninit
                0x000000000002c0d8       0xd0 _build/nrf52832_xxaa/nrfx_uarte.c.o
                0x000000000002c0d8                nrfx_uarte_uninit
 .text.nrfx_uarte_tx
                0x000000000002c1a8       0xa0 _build/nrf52832_xxaa/nrfx_uarte.c.o
                0x000000000002c1a8                nrfx_uarte_tx
 .text.alert_timer_handler
                0x000000000002c248        0x8 _build/nrf52832_xxaa/bsp.c.o
 .text.bsp_button_event_handler
                0x000000000002c250       0xa0 _build/nrf52832_xxaa/bsp.c.o
 .text.button_timer_handler
                0x000000000002c2f0       0x30 _build/nrf52832_xxaa/bsp.c.o
 .text.leds_timer_handler
                0x000000000002c320      0x2e4 _build/nrf52832_xxaa/bsp.c.o
 .text.bsp_button_is_pressed
                0x000000000002c604        0xc _build/nrf52832_xxaa/bsp.c.o
                0x000000000002c604                bsp_button_is_pressed
 .text.bsp_indication_set
                0x000000000002c610      0x328 _build/nrf52832_xxaa/bsp.c.o
                0x000000000002c610                bsp_indication_set
 .text.bsp_init
                0x000000000002c938       0xbc _build/nrf52832_xxaa/bsp.c.o
                0x000000000002c938                bsp_init
 .text.bsp_event_to_button_action_assign
                0x000000000002c9f4       0x50 _build/nrf52832_xxaa/bsp.c.o
                0x000000000002c9f4                bsp_event_to_button_action_assign
 .text.bsp_wakeup_button_enable
                0x000000000002ca44       0x30 _build/nrf52832_xxaa/bsp.c.o
                0x000000000002ca44                bsp_wakeup_button_enable
 .text.ble_evt_handler
                0x000000000002ca74       0xac _build/nrf52832_xxaa/bsp_btn_ble.c.o
 .text.bsp_btn_ble_sleep_mode_prepare
                0x000000000002cb20       0x24 _build/nrf52832_xxaa/bsp_btn_ble.c.o
                0x000000000002cb20                bsp_btn_ble_sleep_mode_prepare
 .text.bsp_btn_ble_init
                0x000000000002cb44       0x6c _build/nrf52832_xxaa/bsp_btn_ble.c.o
                0x000000000002cb44                bsp_btn_ble_init
 .text.sd_power_system_off
                0x000000000002cbb0        0x4 _build/nrf52832_xxaa/main.c.o
 .text.sd_ble_gap_disconnect
                0x000000000002cbb4        0x4 _build/nrf52832_xxaa/main.c.o
 .text.sd_ble_gap_appearance_set
                0x000000000002cbb8        0x4 _build/nrf52832_xxaa/main.c.o
 .text.sd_ble_gap_ppcp_set
                0x000000000002cbbc        0x4 _build/nrf52832_xxaa/main.c.o
 .text.sd_ble_gap_device_name_set
                0x000000000002cbc0        0x4 _build/nrf52832_xxaa/main.c.o
 .text.sd_ble_gap_phy_update
                0x000000000002cbc4        0x4 _build/nrf52832_xxaa/main.c.o
 .text.fds_evt_handler
                0x000000000002cbc8        0x4 _build/nrf52832_xxaa/main.c.o
 .text.nrf_qwr_error_handler
                0x000000000002cbcc        0x4 _build/nrf52832_xxaa/main.c.o
 .text.sensor_contact_detected_timeout_handler
                0x000000000002cbd0       0x1c _build/nrf52832_xxaa/main.c.o
 .text.heart_rate_meas_timeout_handler
                0x000000000002cbec       0x68 _build/nrf52832_xxaa/main.c.o
 .text.battery_level_meas_timeout_handler
                0x000000000002cc54       0x44 _build/nrf52832_xxaa/main.c.o
 .text.ble_evt_handler
                0x000000000002cc98       0xac _build/nrf52832_xxaa/main.c.o
 .text.gatt_evt_handler
                0x000000000002cd44       0x48 _build/nrf52832_xxaa/main.c.o
 .text.on_conn_params_evt
                0x000000000002cd8c       0x24 _build/nrf52832_xxaa/main.c.o
 .text.bsp_event_handler
                0x000000000002cdb0       0x70 _build/nrf52832_xxaa/main.c.o
                0x000000000002cdb0                bsp_event_handler
 .text.rr_interval_timeout_handler
                0x000000000002ce20       0x80 _build/nrf52832_xxaa/main.c.o
 .text.conn_params_error_handler
                0x000000000002cea0        0x4 _build/nrf52832_xxaa/main.c.o
 .text.on_adv_evt
                0x000000000002cea4       0x58 _build/nrf52832_xxaa/main.c.o
 .text.pm_evt_handler
                0x000000000002cefc       0xa8 _build/nrf52832_xxaa/main.c.o
 .text.startup.main
                0x000000000002cfa4      0x430 _build/nrf52832_xxaa/main.c.o
                0x000000000002cfa4                main
 .text.sd_ble_gap_addr_get
                0x000000000002d3d4        0x4 _build/nrf52832_xxaa/ble_advdata.c.o
 .text.sd_ble_gap_appearance_get
                0x000000000002d3d8        0x4 _build/nrf52832_xxaa/ble_advdata.c.o
 .text.sd_ble_gap_device_name_get
                0x000000000002d3dc        0x4 _build/nrf52832_xxaa/ble_advdata.c.o
 .text.sd_ble_uuid_encode
                0x000000000002d3e0        0x4 _build/nrf52832_xxaa/ble_advdata.c.o
 .text.uuid_list_sized_encode
                0x000000000002d3e4       0xb4 _build/nrf52832_xxaa/ble_advdata.c.o
 .text.ble_advdata_encode
                0x000000000002d498      0x3f8 _build/nrf52832_xxaa/ble_advdata.c.o
                0x000000000002d498                ble_advdata_encode
 .text.ble_advdata_parse
                0x000000000002d890       0x4c _build/nrf52832_xxaa/ble_advdata.c.o
                0x000000000002d890                ble_advdata_parse
 .text.sd_ble_gap_adv_set_configure
                0x000000000002d8dc        0x4 _build/nrf52832_xxaa/ble_advertising.c.o
 .text.sd_ble_gap_adv_start
                0x000000000002d8e0        0x4 _build/nrf52832_xxaa/ble_advertising.c.o
 .text.sd_ble_gap_adv_stop
                0x000000000002d8e4        0x4 _build/nrf52832_xxaa/ble_advertising.c.o
 .text.ble_advertising_start.part.3
                0x000000000002d8e8      0x2d0 _build/nrf52832_xxaa/ble_advertising.c.o
 .text.ble_advertising_conn_cfg_tag_set
                0x000000000002dbb8        0x8 _build/nrf52832_xxaa/ble_advertising.c.o
                0x000000000002dbb8                ble_advertising_conn_cfg_tag_set
 .text.ble_advertising_init
                0x000000000002dbc0       0xec _build/nrf52832_xxaa/ble_advertising.c.o
                0x000000000002dbc0                ble_advertising_init
 .text.ble_advertising_start
                0x000000000002dcac      0x2d8 _build/nrf52832_xxaa/ble_advertising.c.o
                0x000000000002dcac                ble_advertising_start
 .text.ble_advertising_on_ble_evt
                0x000000000002df84       0x98 _build/nrf52832_xxaa/ble_advertising.c.o
                0x000000000002df84                ble_advertising_on_ble_evt
 .text.ble_advertising_on_sys_evt
                0x000000000002e01c       0x44 _build/nrf52832_xxaa/ble_advertising.c.o
                0x000000000002e01c                ble_advertising_on_sys_evt
 .text.ble_advertising_restart_without_whitelist
                0x000000000002e060       0x78 _build/nrf52832_xxaa/ble_advertising.c.o
                0x000000000002e060                ble_advertising_restart_without_whitelist
 .text.sd_ble_gap_conn_param_update
                0x000000000002e0d8        0x4 _build/nrf52832_xxaa/ble_conn_params.c.o
 .text.sd_ble_gap_disconnect
                0x000000000002e0dc        0x4 _build/nrf52832_xxaa/ble_conn_params.c.o
 .text.sd_ble_gap_ppcp_set
                0x000000000002e0e0        0x4 _build/nrf52832_xxaa/ble_conn_params.c.o
 .text.sd_ble_gap_ppcp_get
                0x000000000002e0e4        0x4 _build/nrf52832_xxaa/ble_conn_params.c.o
 .text.update_timeout_handler
                0x000000000002e0e8       0x80 _build/nrf52832_xxaa/ble_conn_params.c.o
 .text.ble_evt_handler
                0x000000000002e168      0x1d4 _build/nrf52832_xxaa/ble_conn_params.c.o
 .text.ble_conn_params_init
                0x000000000002e33c       0x7c _build/nrf52832_xxaa/ble_conn_params.c.o
                0x000000000002e33c                ble_conn_params_init
 .text.ble_evt_handler
                0x000000000002e3b8      0x124 _build/nrf52832_xxaa/ble_conn_state.c.o
 .text.ble_conn_state_role
                0x000000000002e4dc       0x34 _build/nrf52832_xxaa/ble_conn_state.c.o
                0x000000000002e4dc                ble_conn_state_role
 .text.ble_conn_state_status
                0x000000000002e510       0x34 _build/nrf52832_xxaa/ble_conn_state.c.o
                0x000000000002e510                ble_conn_state_status
 .text.ble_conn_state_encrypted
                0x000000000002e544       0x30 _build/nrf52832_xxaa/ble_conn_state.c.o
                0x000000000002e544                ble_conn_state_encrypted
 .text.ble_conn_state_conn_handles
                0x000000000002e574       0x54 _build/nrf52832_xxaa/ble_conn_state.c.o
                0x000000000002e574                ble_conn_state_conn_handles
 .text.ble_conn_state_user_flag_acquire
                0x000000000002e5c8       0x14 _build/nrf52832_xxaa/ble_conn_state.c.o
                0x000000000002e5c8                ble_conn_state_user_flag_acquire
 .text.ble_conn_state_user_flag_get
                0x000000000002e5dc       0x38 _build/nrf52832_xxaa/ble_conn_state.c.o
                0x000000000002e5dc                ble_conn_state_user_flag_get
 .text.ble_conn_state_user_flag_set
                0x000000000002e614       0x44 _build/nrf52832_xxaa/ble_conn_state.c.o
                0x000000000002e614                ble_conn_state_user_flag_set
 .text.ble_conn_state_for_each_set_user_flag
                0x000000000002e658       0x58 _build/nrf52832_xxaa/ble_conn_state.c.o
                0x000000000002e658                ble_conn_state_for_each_set_user_flag
 .text.ble_srv_is_notification_enabled
                0x000000000002e6b0        0x8 _build/nrf52832_xxaa/ble_srv_common.c.o
                0x000000000002e6b0                ble_srv_is_notification_enabled
 .text.ble_srv_report_ref_encode
                0x000000000002e6b8        0xc _build/nrf52832_xxaa/ble_srv_common.c.o
                0x000000000002e6b8                ble_srv_report_ref_encode
 .text.ble_srv_ascii_to_utf8
                0x000000000002e6c4       0x14 _build/nrf52832_xxaa/ble_srv_common.c.o
                0x000000000002e6c4                ble_srv_ascii_to_utf8
 .text.db_update_pending_handle
                0x000000000002e6d8       0xbc _build/nrf52832_xxaa/gatt_cache_manager.c.o
 .text.local_db_apply_in_evt
                0x000000000002e794       0xb8 _build/nrf52832_xxaa/gatt_cache_manager.c.o
 .text.sc_send_pending_handle
                0x000000000002e84c       0xcc _build/nrf52832_xxaa/gatt_cache_manager.c.o
 .text.apply_pending_handle
                0x000000000002e918       0xb8 _build/nrf52832_xxaa/gatt_cache_manager.c.o
 .text.gcm_im_evt_handler
                0x000000000002e9d0       0xe4 _build/nrf52832_xxaa/gatt_cache_manager.c.o
                0x000000000002e9d0                gcm_im_evt_handler
 .text.gcm_pdb_evt_handler
                0x000000000002eab4       0xa8 _build/nrf52832_xxaa/gatt_cache_manager.c.o
                0x000000000002eab4                gcm_pdb_evt_handler
 .text.gcm_init
                0x000000000002eb5c       0x5c _build/nrf52832_xxaa/gatt_cache_manager.c.o
                0x000000000002eb5c                gcm_init
 .text.gcm_ble_evt_handler
                0x000000000002ebb8       0xd4 _build/nrf52832_xxaa/gatt_cache_manager.c.o
                0x000000000002ebb8                gcm_ble_evt_handler
 .text.sd_ble_gatts_service_changed
                0x000000000002ec8c        0x4 _build/nrf52832_xxaa/gatts_cache_manager.c.o
 .text.sd_ble_gatts_sys_attr_set
                0x000000000002ec90        0x4 _build/nrf52832_xxaa/gatts_cache_manager.c.o
 .text.sd_ble_gatts_sys_attr_get
                0x000000000002ec94        0x4 _build/nrf52832_xxaa/gatts_cache_manager.c.o
 .text.sd_ble_gatts_initial_user_handle_get
                0x000000000002ec98        0x4 _build/nrf52832_xxaa/gatts_cache_manager.c.o
 .text.gscm_pdb_evt_handler
                0x000000000002ec9c       0x58 _build/nrf52832_xxaa/gatts_cache_manager.c.o
                0x000000000002ec9c                gscm_pdb_evt_handler
 .text.gscm_init
                0x000000000002ecf4       0x10 _build/nrf52832_xxaa/gatts_cache_manager.c.o
                0x000000000002ecf4                gscm_init
 .text.gscm_local_db_cache_update
                0x000000000002ed04       0x9c _build/nrf52832_xxaa/gatts_cache_manager.c.o
                0x000000000002ed04                gscm_local_db_cache_update
 .text.gscm_local_db_cache_apply
                0x000000000002eda0       0x84 _build/nrf52832_xxaa/gatts_cache_manager.c.o
                0x000000000002eda0                gscm_local_db_cache_apply
 .text.gscm_service_changed_ind_needed
                0x000000000002ee24       0x2c _build/nrf52832_xxaa/gatts_cache_manager.c.o
                0x000000000002ee24                gscm_service_changed_ind_needed
 .text.gscm_service_changed_ind_send
                0x000000000002ee50       0x38 _build/nrf52832_xxaa/gatts_cache_manager.c.o
                0x000000000002ee50                gscm_service_changed_ind_send
 .text.gscm_db_change_notification_done
                0x000000000002ee88       0x24 _build/nrf52832_xxaa/gatts_cache_manager.c.o
                0x000000000002ee88                gscm_db_change_notification_done
 .text.sd_ecb_block_encrypt
                0x000000000002eeac        0x4 _build/nrf52832_xxaa/id_manager.c.o
 .text.im_ble_evt_handler
                0x000000000002eeb0      0x274 _build/nrf52832_xxaa/id_manager.c.o
                0x000000000002eeb0                im_ble_evt_handler
 .text.im_is_duplicate_bonding_data
                0x000000000002f124      0x100 _build/nrf52832_xxaa/id_manager.c.o
                0x000000000002f124                im_is_duplicate_bonding_data
 .text.im_find_duplicate_bonding_data
                0x000000000002f224       0x40 _build/nrf52832_xxaa/id_manager.c.o
                0x000000000002f224                im_find_duplicate_bonding_data
 .text.im_init  0x000000000002f264       0x34 _build/nrf52832_xxaa/id_manager.c.o
                0x000000000002f264                im_init
 .text.im_peer_id_get_by_conn_handle
                0x000000000002f298       0x40 _build/nrf52832_xxaa/id_manager.c.o
                0x000000000002f298                im_peer_id_get_by_conn_handle
 .text.im_ble_addr_get
                0x000000000002f2d8       0x50 _build/nrf52832_xxaa/id_manager.c.o
                0x000000000002f2d8                im_ble_addr_get
 .text.im_master_ids_compare
                0x000000000002f328       0x44 _build/nrf52832_xxaa/id_manager.c.o
                0x000000000002f328                im_master_ids_compare
 .text.im_peer_id_get_by_master_id
                0x000000000002f36c       0xf0 _build/nrf52832_xxaa/id_manager.c.o
                0x000000000002f36c                im_peer_id_get_by_master_id
 .text.im_conn_handle_get
                0x000000000002f45c       0x38 _build/nrf52832_xxaa/id_manager.c.o
                0x000000000002f45c                im_conn_handle_get
 .text.im_new_peer_id
                0x000000000002f494       0x3c _build/nrf52832_xxaa/id_manager.c.o
                0x000000000002f494                im_new_peer_id
 .text.im_peer_free
                0x000000000002f4d0       0x7c _build/nrf52832_xxaa/id_manager.c.o
                0x000000000002f4d0                im_peer_free
 .text.sd_ble_gap_data_length_update
                0x000000000002f54c        0x4 _build/nrf52832_xxaa/nrf_ble_gatt.c.o
 .text.sd_ble_gattc_exchange_mtu_request
                0x000000000002f550        0x4 _build/nrf52832_xxaa/nrf_ble_gatt.c.o
 .text.sd_ble_gatts_exchange_mtu_reply
                0x000000000002f554        0x4 _build/nrf52832_xxaa/nrf_ble_gatt.c.o
 .text.data_length_update.constprop.6
                0x000000000002f558       0x8c _build/nrf52832_xxaa/nrf_ble_gatt.c.o
 .text.nrf_ble_gatt_init
                0x000000000002f5e4       0x30 _build/nrf52832_xxaa/nrf_ble_gatt.c.o
                0x000000000002f5e4                nrf_ble_gatt_init
 .text.nrf_ble_gatt_on_ble_evt
                0x000000000002f614      0x1ac _build/nrf52832_xxaa/nrf_ble_gatt.c.o
                0x000000000002f614                nrf_ble_gatt_on_ble_evt
 .text.sd_ble_gatts_rw_authorize_reply
                0x000000000002f7c0        0x4 _build/nrf52832_xxaa/nrf_ble_qwr.c.o
 .text.sd_ble_user_mem_reply
                0x000000000002f7c4        0x4 _build/nrf52832_xxaa/nrf_ble_qwr.c.o
 .text.nrf_ble_qwr_init
                0x000000000002f7c8       0x24 _build/nrf52832_xxaa/nrf_ble_qwr.c.o
                0x000000000002f7c8                nrf_ble_qwr_init
 .text.nrf_ble_qwr_conn_handle_assign
                0x000000000002f7ec       0x18 _build/nrf52832_xxaa/nrf_ble_qwr.c.o
                0x000000000002f7ec                nrf_ble_qwr_conn_handle_assign
 .text.nrf_ble_qwr_on_ble_evt
                0x000000000002f804       0xf8 _build/nrf52832_xxaa/nrf_ble_qwr.c.o
                0x000000000002f804                nrf_ble_qwr_on_ble_evt
 .text.peer_data_delete_process
                0x000000000002f8fc       0x94 _build/nrf52832_xxaa/peer_data_storage.c.o
 .text.fds_evt_handler
                0x000000000002f990       0xec _build/nrf52832_xxaa/peer_data_storage.c.o
 .text.pds_init
                0x000000000002fa7c       0x6c _build/nrf52832_xxaa/peer_data_storage.c.o
                0x000000000002fa7c                pds_init
 .text.pds_peer_data_read
                0x000000000002fae8       0x84 _build/nrf52832_xxaa/peer_data_storage.c.o
                0x000000000002fae8                pds_peer_data_read
 .text.pds_peer_data_iterate_prepare
                0x000000000002fb6c       0x10 _build/nrf52832_xxaa/peer_data_storage.c.o
                0x000000000002fb6c                pds_peer_data_iterate_prepare
 .text.pds_peer_data_iterate
                0x000000000002fb7c       0x5c _build/nrf52832_xxaa/peer_data_storage.c.o
                0x000000000002fb7c                pds_peer_data_iterate
 .text.pds_space_reserve
                0x000000000002fbd8       0x30 _build/nrf52832_xxaa/peer_data_storage.c.o
                0x000000000002fbd8                pds_space_reserve
 .text.pds_space_reserve_cancel
                0x000000000002fc08       0x20 _build/nrf52832_xxaa/peer_data_storage.c.o
                0x000000000002fc08                pds_space_reserve_cancel
 .text.pds_peer_data_store
                0x000000000002fc28       0xc0 _build/nrf52832_xxaa/peer_data_storage.c.o
                0x000000000002fc28                pds_peer_data_store
 .text.pds_peer_id_allocate
                0x000000000002fce8        0x8 _build/nrf52832_xxaa/peer_data_storage.c.o
                0x000000000002fce8                pds_peer_id_allocate
 .text.pds_peer_id_free
                0x000000000002fcf0       0x18 _build/nrf52832_xxaa/peer_data_storage.c.o
                0x000000000002fcf0                pds_peer_id_free
 .text.pds_peer_id_is_allocated
                0x000000000002fd08        0x4 _build/nrf52832_xxaa/peer_data_storage.c.o
                0x000000000002fd08                pds_peer_id_is_allocated
 .text.pds_next_peer_id_get
                0x000000000002fd0c        0x4 _build/nrf52832_xxaa/peer_data_storage.c.o
                0x000000000002fd0c                pds_next_peer_id_get
 .text.pds_next_deleted_peer_id_get
                0x000000000002fd10        0x4 _build/nrf52832_xxaa/peer_data_storage.c.o
                0x000000000002fd10                pds_next_deleted_peer_id_get
 .text.write_buf_store
                0x000000000002fd14       0xc8 _build/nrf52832_xxaa/peer_database.c.o
                0x000000000002fd14                write_buf_store
 .text.pdb_pds_evt_handler
                0x000000000002fddc      0x174 _build/nrf52832_xxaa/peer_database.c.o
                0x000000000002fddc                pdb_pds_evt_handler
 .text.pdb_init
                0x000000000002ff50       0x74 _build/nrf52832_xxaa/peer_database.c.o
                0x000000000002ff50                pdb_init
 .text.pdb_peer_allocate
                0x000000000002ffc4        0x4 _build/nrf52832_xxaa/peer_database.c.o
                0x000000000002ffc4                pdb_peer_allocate
 .text.pdb_peer_free
                0x000000000002ffc8      0x118 _build/nrf52832_xxaa/peer_database.c.o
                0x000000000002ffc8                pdb_peer_free
 .text.pdb_peer_data_ptr_get
                0x00000000000300e0        0x8 _build/nrf52832_xxaa/peer_database.c.o
                0x00000000000300e0                pdb_peer_data_ptr_get
 .text.pdb_write_buf_get
                0x00000000000300e8      0x168 _build/nrf52832_xxaa/peer_database.c.o
                0x00000000000300e8                pdb_write_buf_get
 .text.pdb_write_buf_release
                0x0000000000030250       0xb8 _build/nrf52832_xxaa/peer_database.c.o
                0x0000000000030250                pdb_write_buf_release
 .text.pdb_write_buf_store_prepare
                0x0000000000030308       0xbc _build/nrf52832_xxaa/peer_database.c.o
                0x0000000000030308                pdb_write_buf_store_prepare
 .text.pdb_write_buf_store
                0x00000000000303c4       0x70 _build/nrf52832_xxaa/peer_database.c.o
                0x00000000000303c4                pdb_write_buf_store
 .text.pdb_next_peer_id_get
                0x0000000000030434        0x4 _build/nrf52832_xxaa/peer_database.c.o
                0x0000000000030434                pdb_next_peer_id_get
 .text.pdb_next_deleted_peer_id_get
                0x0000000000030438        0x4 _build/nrf52832_xxaa/peer_database.c.o
                0x0000000000030438                pdb_next_deleted_peer_id_get
 .text.pdb_peer_data_load
                0x000000000003043c       0x18 _build/nrf52832_xxaa/peer_database.c.o
                0x000000000003043c                pdb_peer_data_load
 .text.pdb_raw_store
                0x0000000000030454        0x8 _build/nrf52832_xxaa/peer_database.c.o
                0x0000000000030454                pdb_raw_store
 .text.peer_id_init
                0x000000000003045c       0x2c _build/nrf52832_xxaa/peer_id.c.o
                0x000000000003045c                peer_id_init
 .text.peer_id_allocate
                0x0000000000030488       0x38 _build/nrf52832_xxaa/peer_id.c.o
                0x0000000000030488                peer_id_allocate
 .text.peer_id_delete
                0x00000000000304c0       0x24 _build/nrf52832_xxaa/peer_id.c.o
                0x00000000000304c0                peer_id_delete
 .text.peer_id_free
                0x00000000000304e4       0x28 _build/nrf52832_xxaa/peer_id.c.o
                0x00000000000304e4                peer_id_free
 .text.peer_id_is_allocated
                0x000000000003050c       0x14 _build/nrf52832_xxaa/peer_id.c.o
                0x000000000003050c                peer_id_is_allocated
 .text.peer_id_get_next_used
                0x0000000000030520       0x70 _build/nrf52832_xxaa/peer_id.c.o
                0x0000000000030520                peer_id_get_next_used
 .text.peer_id_get_next_deleted
                0x0000000000030590       0x40 _build/nrf52832_xxaa/peer_id.c.o
                0x0000000000030590                peer_id_get_next_deleted
 .text.ble_evt_handler
                0x00000000000305d0       0x24 _build/nrf52832_xxaa/peer_manager.c.o
 .text.rank_vars_update
                0x00000000000305f4       0xa8 _build/nrf52832_xxaa/peer_manager.c.o
 .text.pm_pdb_evt_handler
                0x000000000003069c      0x1bc _build/nrf52832_xxaa/peer_manager.c.o
                0x000000000003069c                pm_pdb_evt_handler
 .text.pm_sm_evt_handler
                0x0000000000030858       0x2c _build/nrf52832_xxaa/peer_manager.c.o
                0x0000000000030858                pm_sm_evt_handler
 .text.pm_gcm_evt_handler
                0x0000000000030884       0x28 _build/nrf52832_xxaa/peer_manager.c.o
                0x0000000000030884                pm_gcm_evt_handler
 .text.pm_im_evt_handler
                0x00000000000308ac       0x28 _build/nrf52832_xxaa/peer_manager.c.o
                0x00000000000308ac                pm_im_evt_handler
 .text.pm_init  0x00000000000308d4       0x58 _build/nrf52832_xxaa/peer_manager.c.o
                0x00000000000308d4                pm_init
 .text.pm_register
                0x000000000003092c       0x38 _build/nrf52832_xxaa/peer_manager.c.o
                0x000000000003092c                pm_register
 .text.pm_sec_params_set
                0x0000000000030964       0x14 _build/nrf52832_xxaa/peer_manager.c.o
                0x0000000000030964                pm_sec_params_set
 .text.pm_conn_sec_config_reply
                0x0000000000030978        0x8 _build/nrf52832_xxaa/peer_manager.c.o
                0x0000000000030978                pm_conn_sec_config_reply
 .text.pm_peers_delete
                0x0000000000030980       0x9c _build/nrf52832_xxaa/peer_manager.c.o
                0x0000000000030980                pm_peers_delete
 .text.pm_buffer_init
                0x0000000000030a1c       0x40 _build/nrf52832_xxaa/pm_buffer.c.o
                0x0000000000030a1c                pm_buffer_init
 .text.pm_buffer_block_acquire
                0x0000000000030a5c       0x90 _build/nrf52832_xxaa/pm_buffer.c.o
                0x0000000000030a5c                pm_buffer_block_acquire
 .text.pm_buffer_ptr_get
                0x0000000000030aec       0x30 _build/nrf52832_xxaa/pm_buffer.c.o
                0x0000000000030aec                pm_buffer_ptr_get
 .text.pm_buffer_release
                0x0000000000030b1c       0x30 _build/nrf52832_xxaa/pm_buffer.c.o
                0x0000000000030b1c                pm_buffer_release
 .text.pm_mutex_init
                0x0000000000030b4c       0x10 _build/nrf52832_xxaa/pm_mutex.c.o
                0x0000000000030b4c                pm_mutex_init
 .text.pm_mutex_lock
                0x0000000000030b5c       0x54 _build/nrf52832_xxaa/pm_mutex.c.o
                0x0000000000030b5c                pm_mutex_lock
 .text.pm_mutex_unlock
                0x0000000000030bb0       0x40 _build/nrf52832_xxaa/pm_mutex.c.o
                0x0000000000030bb0                pm_mutex_unlock
 .text.pm_mutex_lock_first_available
                0x0000000000030bf0       0x78 _build/nrf52832_xxaa/pm_mutex.c.o
                0x0000000000030bf0                pm_mutex_lock_first_available
 .text.pm_mutex_lock_status_get
                0x0000000000030c68       0x20 _build/nrf52832_xxaa/pm_mutex.c.o
                0x0000000000030c68                pm_mutex_lock_status_get
 .text.sd_ble_gap_authenticate
                0x0000000000030c88        0x4 _build/nrf52832_xxaa/security_dispatcher.c.o
 .text.sd_ble_gap_sec_params_reply
                0x0000000000030c8c        0x4 _build/nrf52832_xxaa/security_dispatcher.c.o
 .text.sd_ble_gap_sec_info_reply
                0x0000000000030c90        0x4 _build/nrf52832_xxaa/security_dispatcher.c.o
 .text.smd_conn_sec_config_reply
                0x0000000000030c94       0x10 _build/nrf52832_xxaa/security_dispatcher.c.o
                0x0000000000030c94                smd_conn_sec_config_reply
 .text.smd_init
                0x0000000000030ca4       0x98 _build/nrf52832_xxaa/security_dispatcher.c.o
                0x0000000000030ca4                smd_init
 .text.smd_params_reply
                0x0000000000030d3c      0x1c0 _build/nrf52832_xxaa/security_dispatcher.c.o
                0x0000000000030d3c                smd_params_reply
 .text.smd_link_secure
                0x0000000000030efc       0x28 _build/nrf52832_xxaa/security_dispatcher.c.o
                0x0000000000030efc                smd_link_secure
 .text.smd_ble_evt_handler
                0x0000000000030f24      0x690 _build/nrf52832_xxaa/security_dispatcher.c.o
                0x0000000000030f24                smd_ble_evt_handler
 .text.params_reply_pending_handle
                0x00000000000315b4      0x158 _build/nrf52832_xxaa/security_manager.c.o
 .text.link_secure_pending_handle
                0x000000000003170c      0x18c _build/nrf52832_xxaa/security_manager.c.o
 .text.sm_smd_evt_handler
                0x0000000000031898      0x2fc _build/nrf52832_xxaa/security_manager.c.o
                0x0000000000031898                sm_smd_evt_handler
 .text.sm_pdb_evt_handler
                0x0000000000031b94       0x60 _build/nrf52832_xxaa/security_manager.c.o
                0x0000000000031b94                sm_pdb_evt_handler
 .text.sm_init  0x0000000000031bf4       0xa4 _build/nrf52832_xxaa/security_manager.c.o
                0x0000000000031bf4                sm_init
 .text.sm_ble_evt_handler
                0x0000000000031c98       0x20 _build/nrf52832_xxaa/security_manager.c.o
                0x0000000000031c98                sm_ble_evt_handler
 .text.sm_sec_params_set
                0x0000000000031cb8       0x88 _build/nrf52832_xxaa/security_manager.c.o
                0x0000000000031cb8                sm_sec_params_set
 .text.sm_conn_sec_config_reply
                0x0000000000031d40        0x4 _build/nrf52832_xxaa/security_manager.c.o
                0x0000000000031d40                sm_conn_sec_config_reply
 .text.sd_ble_gatts_service_add
                0x0000000000031d44        0x4 _build/nrf52832_xxaa/ble_bas.c.o
 .text.sd_ble_gatts_characteristic_add
                0x0000000000031d48        0x4 _build/nrf52832_xxaa/ble_bas.c.o
 .text.sd_ble_gatts_descriptor_add
                0x0000000000031d4c        0x4 _build/nrf52832_xxaa/ble_bas.c.o
 .text.sd_ble_gatts_value_set
                0x0000000000031d50        0x4 _build/nrf52832_xxaa/ble_bas.c.o
 .text.sd_ble_gatts_hvx
                0x0000000000031d54        0x4 _build/nrf52832_xxaa/ble_bas.c.o
 .text.ble_bas_on_ble_evt
                0x0000000000031d58       0x50 _build/nrf52832_xxaa/ble_bas.c.o
                0x0000000000031d58                ble_bas_on_ble_evt
 .text.ble_bas_init
                0x0000000000031da8      0x1a4 _build/nrf52832_xxaa/ble_bas.c.o
                0x0000000000031da8                ble_bas_init
 .text.ble_bas_battery_level_update
                0x0000000000031f4c       0xd8 _build/nrf52832_xxaa/ble_bas.c.o
                0x0000000000031f4c                ble_bas_battery_level_update
 .text.sd_ble_gatts_service_add
                0x0000000000032024        0x4 _build/nrf52832_xxaa/ble_dis.c.o
 .text.sd_ble_gatts_characteristic_add
                0x0000000000032028        0x4 _build/nrf52832_xxaa/ble_dis.c.o
 .text.char_add
                0x000000000003202c       0xb8 _build/nrf52832_xxaa/ble_dis.c.o
 .text.ble_dis_init
                0x00000000000320e4      0x2d4 _build/nrf52832_xxaa/ble_dis.c.o
                0x00000000000320e4                ble_dis_init
 .text.sd_ble_gatts_service_add
                0x00000000000323b8        0x4 _build/nrf52832_xxaa/ble_hrs.c.o
 .text.sd_ble_gatts_characteristic_add
                0x00000000000323bc        0x4 _build/nrf52832_xxaa/ble_hrs.c.o
 .text.sd_ble_gatts_hvx
                0x00000000000323c0        0x4 _build/nrf52832_xxaa/ble_hrs.c.o
 .text.heart_rate_measurement_char_add
                0x00000000000323c4      0x170 _build/nrf52832_xxaa/ble_hrs.c.o
 .text.ble_hrs_on_ble_evt
                0x0000000000032534       0x54 _build/nrf52832_xxaa/ble_hrs.c.o
                0x0000000000032534                ble_hrs_on_ble_evt
 .text.ble_hrs_init
                0x0000000000032588       0xf4 _build/nrf52832_xxaa/ble_hrs.c.o
                0x0000000000032588                ble_hrs_init
 .text.ble_hrs_heart_rate_measurement_send
                0x000000000003267c      0x138 _build/nrf52832_xxaa/ble_hrs.c.o
                0x000000000003267c                ble_hrs_heart_rate_measurement_send
 .text.ble_hrs_rr_interval_add
                0x00000000000327b4       0x30 _build/nrf52832_xxaa/ble_hrs.c.o
                0x00000000000327b4                ble_hrs_rr_interval_add
 .text.ble_hrs_sensor_contact_detected_update
                0x00000000000327e4        0x8 _build/nrf52832_xxaa/ble_hrs.c.o
                0x00000000000327e4                ble_hrs_sensor_contact_detected_update
 .text.ble_hrs_on_gatt_evt
                0x00000000000327ec       0x20 _build/nrf52832_xxaa/ble_hrs.c.o
                0x00000000000327ec                ble_hrs_on_gatt_evt
 .text.sd_softdevice_enable
                0x000000000003280c        0x4 _build/nrf52832_xxaa/nrf_sdh.c.o
 .text.sd_softdevice_disable
                0x0000000000032810        0x4 _build/nrf52832_xxaa/nrf_sdh.c.o
 .text.nrf_sdh_enable_request
                0x0000000000032814      0x120 _build/nrf52832_xxaa/nrf_sdh.c.o
                0x0000000000032814                nrf_sdh_enable_request
 .text.nrf_sdh_disable_request
                0x0000000000032934       0xe0 _build/nrf52832_xxaa/nrf_sdh.c.o
                0x0000000000032934                nrf_sdh_disable_request
 .text.nrf_sdh_request_continue
                0x0000000000032a14       0x20 _build/nrf52832_xxaa/nrf_sdh.c.o
                0x0000000000032a14                nrf_sdh_request_continue
 .text.nrf_sdh_is_enabled
                0x0000000000032a34        0xc _build/nrf52832_xxaa/nrf_sdh.c.o
                0x0000000000032a34                nrf_sdh_is_enabled
 .text.SWI2_EGU2_IRQHandler
                0x0000000000032a40       0x2c _build/nrf52832_xxaa/nrf_sdh.c.o
                0x0000000000032a40                SWI2_EGU2_IRQHandler
 .text.sd_ble_enable
                0x0000000000032a6c        0x4 _build/nrf52832_xxaa/nrf_sdh_ble.c.o
 .text.sd_ble_cfg_set
                0x0000000000032a70        0x4 _build/nrf52832_xxaa/nrf_sdh_ble.c.o
 .text.sd_ble_evt_get
                0x0000000000032a74        0x4 _build/nrf52832_xxaa/nrf_sdh_ble.c.o
 .text.nrf_sdh_ble_evts_poll.part.1
                0x0000000000032a78       0x54 _build/nrf52832_xxaa/nrf_sdh_ble.c.o
 .text.nrf_sdh_ble_evts_poll
                0x0000000000032acc       0x10 _build/nrf52832_xxaa/nrf_sdh_ble.c.o
 .text.nrf_sdh_ble_default_cfg_set
                0x0000000000032adc      0x1ac _build/nrf52832_xxaa/nrf_sdh_ble.c.o
                0x0000000000032adc                nrf_sdh_ble_default_cfg_set
 .text.nrf_sdh_ble_enable
                0x0000000000032c88       0x9c _build/nrf52832_xxaa/nrf_sdh_ble.c.o
                0x0000000000032c88                nrf_sdh_ble_enable
 .text.sd_evt_get
                0x0000000000032d24        0x4 _build/nrf52832_xxaa/nrf_sdh_soc.c.o
 .text.nrf_sdh_soc_evts_poll
                0x0000000000032d28       0x4c _build/nrf52832_xxaa/nrf_sdh_soc.c.o
 .text.exit     0x0000000000032d74       0x28 /home/rob/nrf52/gcc-arm-none-eabi-7-2017-q4-major/bin/../lib/gcc/arm-none-eabi/7.2.1/../../../../arm-none-eabi/lib/thumb/v7e-m/fpv4-sp/hard/libc_nano.a(lib_a-exit.o)
                0x0000000000032d74                exit
 .text.__libc_init_array
                0x0000000000032d9c       0x48 /home/rob/nrf52/gcc-arm-none-eabi-7-2017-q4-major/bin/../lib/gcc/arm-none-eabi/7.2.1/../../../../arm-none-eabi/lib/thumb/v7e-m/fpv4-sp/hard/libc_nano.a(lib_a-init.o)
                0x0000000000032d9c                __libc_init_array
 .text.__locale_ctype_ptr
                0x0000000000032de4       0x1c /home/rob/nrf52/gcc-arm-none-eabi-7-2017-q4-major/bin/../lib/gcc/arm-none-eabi/7.2.1/../../../../arm-none-eabi/lib/thumb/v7e-m/fpv4-sp/hard/libc_nano.a(lib_a-locale.o)
                0x0000000000032de4                __locale_ctype_ptr
 .text.__ascii_mbtowc
                0x0000000000032e00       0x24 /home/rob/nrf52/gcc-arm-none-eabi-7-2017-q4-major/bin/../lib/gcc/arm-none-eabi/7.2.1/../../../../arm-none-eabi/lib/thumb/v7e-m/fpv4-sp/hard/libc_nano.a(lib_a-mbtowc_r.o)
                0x0000000000032e00                __ascii_mbtowc
 .text.memcmp   0x0000000000032e24       0x1e /home/rob/nrf52/gcc-arm-none-eabi-7-2017-q4-major/bin/../lib/gcc/arm-none-eabi/7.2.1/../../../../arm-none-eabi/lib/thumb/v7e-m/fpv4-sp/hard/libc_nano.a(lib_a-memcmp.o)
                0x0000000000032e24                memcmp
 .text.memcpy   0x0000000000032e42       0x16 /home/rob/nrf52/gcc-arm-none-eabi-7-2017-q4-major/bin/../lib/gcc/arm-none-eabi/7.2.1/../../../../arm-none-eabi/lib/thumb/v7e-m/fpv4-sp/hard/libc_nano.a(lib_a-memcpy-stub.o)
                0x0000000000032e42                memcpy
 .text.memmove  0x0000000000032e58       0x32 /home/rob/nrf52/gcc-arm-none-eabi-7-2017-q4-major/bin/../lib/gcc/arm-none-eabi/7.2.1/../../../../arm-none-eabi/lib/thumb/v7e-m/fpv4-sp/hard/libc_nano.a(lib_a-memmove.o)
                0x0000000000032e58                memmove
 .text.memset   0x0000000000032e8a       0x10 /home/rob/nrf52/gcc-arm-none-eabi-7-2017-q4-major/bin/../lib/gcc/arm-none-eabi/7.2.1/../../../../arm-none-eabi/lib/thumb/v7e-m/fpv4-sp/hard/libc_nano.a(lib_a-memset.o)
                0x0000000000032e8a                memset
 .text          0x0000000000032e9a       0x10 /home/rob/nrf52/gcc-arm-none-eabi-7-2017-q4-major/bin/../lib/gcc/arm-none-eabi/7.2.1/../../../../arm-none-eabi/lib/thumb/v7e-m/fpv4-sp/hard/libc_nano.a(lib_a-strlen.o)
                0x0000000000032e9a                strlen
 .text.__ascii_wctomb
                0x0000000000032eaa       0x1a /home/rob/nrf52/gcc-arm-none-eabi-7-2017-q4-major/bin/../lib/gcc/arm-none-eabi/7.2.1/../../../../arm-none-eabi/lib/thumb/v7e-m/fpv4-sp/hard/libc_nano.a(lib_a-wctomb_r.o)
                0x0000000000032eaa                __ascii_wctomb
 .text._exit    0x0000000000032ec4        0x4 /home/rob/nrf52/gcc-arm-none-eabi-7-2017-q4-major/bin/../lib/gcc/arm-none-eabi/7.2.1/../../../../arm-none-eabi/lib/thumb/v7e-m/fpv4-sp/hard/libnosys.a(_exit.o)
                0x0000000000032ec4                _exit
 .text          0x0000000000032ec8       0x30 /home/rob/nrf52/gcc-arm-none-eabi-7-2017-q4-major/bin/../lib/gcc/arm-none-eabi/7.2.1/thumb/v7e-m/fpv4-sp/hard/libgcc.a(_aeabi_uldivmod.o)
                0x0000000000032ec8                __aeabi_uldivmod
 .text          0x0000000000032ef8      0x2cc /home/rob/nrf52/gcc-arm-none-eabi-7-2017-q4-major/bin/../lib/gcc/arm-none-eabi/7.2.1/thumb/v7e-m/fpv4-sp/hard/libgcc.a(_udivmoddi4.o)
                0x0000000000032ef8                __udivmoddi4
 .text          0x00000000000331c4        0x4 /home/rob/nrf52/gcc-arm-none-eabi-7-2017-q4-major/bin/../lib/gcc/arm-none-eabi/7.2.1/thumb/v7e-m/fpv4-sp/hard/libgcc.a(_dvmd_tls.o)
                0x00000000000331c4                __aeabi_ldiv0
                0x00000000000331c4                __aeabi_idiv0
 *(.init)
 .init          0x00000000000331c8        0x4 /home/rob/nrf52/gcc-arm-none-eabi-7-2017-q4-major/bin/../lib/gcc/arm-none-eabi/7.2.1/thumb/v7e-m/fpv4-sp/hard/crti.o
                0x00000000000331c8                _init
 .init          0x00000000000331cc        0x8 /home/rob/nrf52/gcc-arm-none-eabi-7-2017-q4-major/bin/../lib/gcc/arm-none-eabi/7.2.1/thumb/v7e-m/fpv4-sp/hard/crtn.o
 *(.fini)
 .fini          0x00000000000331d4        0x4 /home/rob/nrf52/gcc-arm-none-eabi-7-2017-q4-major/bin/../lib/gcc/arm-none-eabi/7.2.1/thumb/v7e-m/fpv4-sp/hard/crti.o
                0x00000000000331d4                _fini
 .fini          0x00000000000331d8        0x8 /home/rob/nrf52/gcc-arm-none-eabi-7-2017-q4-major/bin/../lib/gcc/arm-none-eabi/7.2.1/thumb/v7e-m/fpv4-sp/hard/crtn.o
 *crtbegin.o(.ctors)
 *crtbegin?.o(.ctors)
 *(EXCLUDE_FILE(*crtend.o *crtend?.o) .ctors)
 *(SORT_BY_NAME(.ctors.*))
 *(.ctors)
 *crtbegin.o(.dtors)
 *crtbegin?.o(.dtors)
 *(EXCLUDE_FILE(*crtend.o *crtend?.o) .dtors)
 *(SORT_BY_NAME(.dtors.*))
 *(.dtors)
 *(.rodata*)
 .rodata        0x00000000000331e0       0x20 _build/nrf52832_xxaa/nrf_log_backend_uart.c.o
 .rodata.nrf_log_backend_uart_api
                0x0000000000033200        0xc _build/nrf52832_xxaa/nrf_log_backend_uart.c.o
                0x0000000000033200                nrf_log_backend_uart_api
 .rodata.nrf_log_frontend_dequeue.part.6.str1.4
                0x000000000003320c       0x11 _build/nrf52832_xxaa/nrf_log_frontend.c.o
 *fill*         0x000000000003321d        0x3 
 .rodata.str1.4
                0x0000000000033220       0x17 _build/nrf52832_xxaa/nrf_log_frontend.c.o
 *fill*         0x0000000000033237        0x1 
 .rodata.m_colors
                0x0000000000033238       0x24 _build/nrf52832_xxaa/nrf_log_str_formatter.c.o
 .rodata.nrf_log_hexdump_entry_process.str1.4
                0x000000000003325c       0x13 _build/nrf52832_xxaa/nrf_log_str_formatter.c.o
                                         0x16 (size before relaxing)
 *fill*         0x000000000003326f        0x1 
 .rodata.nrf_log_std_entry_process.str1.4
                0x0000000000033270       0x3b _build/nrf52832_xxaa/nrf_log_str_formatter.c.o
 *fill*         0x00000000000332ab        0x1 
 .rodata.severity_names
                0x00000000000332ac       0x14 _build/nrf52832_xxaa/nrf_log_str_formatter.c.o
 .rodata.str1.4
                0x00000000000332c0       0x56 _build/nrf52832_xxaa/nrf_log_str_formatter.c.o
 *fill*         0x0000000000033316        0x2 
 .rodata.m_detection_delay_timer_id
                0x0000000000033318        0x4 _build/nrf52832_xxaa/app_button.c.o
 .rodata.app_error_fault_handler.str1.4
                0x000000000003331c       0x19 _build/nrf52832_xxaa/app_error_weak.c.o
 *fill*         0x0000000000033335        0xb 
 .rodata.delay_bytecode.8697
                0x0000000000033340        0x6 _build/nrf52832_xxaa/app_timer.c.o
 *fill*         0x0000000000033346        0x2 
 .rodata.dirty_header.9030
                0x0000000000033348        0x4 _build/nrf52832_xxaa/fds.c.o
 .rodata.page_tag_data.8903
                0x000000000003334c        0x8 _build/nrf52832_xxaa/fds.c.o
 .rodata.page_tag_swap.8899
                0x0000000000033354        0x8 _build/nrf52832_xxaa/fds.c.o
 .rodata.str1.4
                0x000000000003335c        0xf _build/nrf52832_xxaa/fds.c.o
 *fill*         0x000000000003336b        0x1 
 .rodata._aV2C.7399
                0x000000000003336c       0x10 _build/nrf52832_xxaa/nrf_fprintf_format.c.o
 .rodata.__func__.7577
                0x000000000003337c       0x12 _build/nrf52832_xxaa/nrf_fstorage.c.o
 *fill*         0x000000000003338e        0x2 
 .rodata.__func__.7598
                0x0000000000033390       0x13 _build/nrf52832_xxaa/nrf_fstorage.c.o
 *fill*         0x00000000000333a3        0x1 
 .rodata.__func__.7605
                0x00000000000333a4       0x13 _build/nrf52832_xxaa/nrf_fstorage.c.o
 *fill*         0x00000000000333b7        0x1 
 .rodata.nrf_fstorage_erase.str1.4
                0x00000000000333b8       0x77 _build/nrf52832_xxaa/nrf_fstorage.c.o
 *fill*         0x000000000003342f        0x1 
 .rodata.nrf_fstorage_init.str1.4
                0x0000000000033430       0x3a _build/nrf52832_xxaa/nrf_fstorage.c.o
 *fill*         0x000000000003346a        0x2 
 .rodata.nrf_fstorage_read.str1.4
                0x000000000003346c       0x4a _build/nrf52832_xxaa/nrf_fstorage.c.o
 *fill*         0x00000000000334b6        0x2 
 .rodata.nrf_fstorage_uninit.str1.4
                0x00000000000334b8        0xc _build/nrf52832_xxaa/nrf_fstorage.c.o
 .rodata.nrf_fstorage_write.str1.4
                0x00000000000334c4       0x97 _build/nrf52832_xxaa/nrf_fstorage.c.o
 *fill*         0x000000000003355b        0x1 
 .rodata.str1.4
                0x000000000003355c        0xd _build/nrf52832_xxaa/nrf_fstorage.c.o
 *fill*         0x0000000000033569        0x3 
 .rodata.m_flash_info
                0x000000000003356c        0xc _build/nrf52832_xxaa/nrf_fstorage_sd.c.o
 .rodata.nrf_fstorage_sd
                0x0000000000033578       0x20 _build/nrf52832_xxaa/nrf_fstorage_sd.c.o
                0x0000000000033578                nrf_fstorage_sd
 .rodata.str1.4
                0x0000000000033598        0xe _build/nrf52832_xxaa/nrf_fstorage_sd.c.o
 *fill*         0x00000000000335a6        0x2 
 .rodata.pwr_mgmt_data
                0x00000000000335a8        0xc _build/nrf52832_xxaa/nrf_pwr_mgmt.c.o
 .rodata.str1.4
                0x00000000000335b4        0x9 _build/nrf52832_xxaa/nrf_pwr_mgmt.c.o
 *fill*         0x00000000000335bd        0x3 
 .rodata.m_unknown_str
                0x00000000000335c0       0x13 _build/nrf52832_xxaa/nrf_strerror.c.o
 *fill*         0x00000000000335d3        0x1 
 .rodata.nrf_strerror_array
                0x00000000000335d4      0x128 _build/nrf52832_xxaa/nrf_strerror.c.o
 .rodata.str1.4
                0x00000000000336fc      0x3e9 _build/nrf52832_xxaa/nrf_strerror.c.o
 *fill*         0x0000000000033ae5        0x3 
 .rodata.m_board_btn_list
                0x0000000000033ae8        0x4 _build/nrf52832_xxaa/boards.c.o
 .rodata.m_board_led_list
                0x0000000000033aec        0x4 _build/nrf52832_xxaa/boards.c.o
 .rodata.str1.4
                0x0000000000033af0        0x6 _build/nrf52832_xxaa/nrf_drv_clock.c.o
 *fill*         0x0000000000033af6        0x2 
 .rodata.str1.4
                0x0000000000033af8        0x6 _build/nrf52832_xxaa/nrfx_clock.c.o
 *fill*         0x0000000000033afe        0x2 
 .rodata.str1.4
                0x0000000000033b00        0x7 _build/nrf52832_xxaa/nrfx_gpiote.c.o
 *fill*         0x0000000000033b07        0x1 
 .rodata.str1.4
                0x0000000000033b08        0x4 _build/nrf52832_xxaa/nrfx_prs.c.o
 .rodata.str1.4
                0x0000000000033b0c        0x5 _build/nrf52832_xxaa/nrfx_uart.c.o
 *fill*         0x0000000000033b11        0x3 
 .rodata.str1.4
                0x0000000000033b14        0x6 _build/nrf52832_xxaa/nrfx_uarte.c.o
 *fill*         0x0000000000033b1a        0x2 
 .rodata.app_buttons
                0x0000000000033b1c       0x20 _build/nrf52832_xxaa/bsp.c.o
 .rodata.m_bsp_alert_tmr
                0x0000000000033b3c        0x4 _build/nrf52832_xxaa/bsp.c.o
 .rodata.m_bsp_button_tmr
                0x0000000000033b40        0x4 _build/nrf52832_xxaa/bsp.c.o
 .rodata.m_bsp_leds_tmr
                0x0000000000033b44        0x4 _build/nrf52832_xxaa/bsp.c.o
 .rodata.advertising_start.str1.4
                0x0000000000033b48        0xd _build/nrf52832_xxaa/main.c.o
 *fill*         0x0000000000033b55        0x3 
 .rodata.ble_evt_handler.str1.4
                0x0000000000033b58       0x25 _build/nrf52832_xxaa/main.c.o
 *fill*         0x0000000000033b7d        0x3 
 .rodata.gatt_evt_handler.str1.4
                0x0000000000033b80       0x2f _build/nrf52832_xxaa/main.c.o
 *fill*         0x0000000000033baf        0x1 
 .rodata.m_battery_timer_id
                0x0000000000033bb0        0x4 _build/nrf52832_xxaa/main.c.o
 .rodata.m_heart_rate_timer_id
                0x0000000000033bb4        0x4 _build/nrf52832_xxaa/main.c.o
 .rodata.m_rr_interval_timer_id
                0x0000000000033bb8        0x4 _build/nrf52832_xxaa/main.c.o
 .rodata.m_sensor_contact_timer_id
                0x0000000000033bbc        0x4 _build/nrf52832_xxaa/main.c.o
 .rodata.main.str1.4
                0x0000000000033bc0       0x43 _build/nrf52832_xxaa/main.c.o
 *fill*         0x0000000000033c03        0x1 
 .rodata.on_adv_evt.str1.4
                0x0000000000033c04       0x12 _build/nrf52832_xxaa/main.c.o
 *fill*         0x0000000000033c16        0x2 
 .rodata.pm_evt_handler.str1.4
                0x0000000000033c18       0x6c _build/nrf52832_xxaa/main.c.o
 .rodata        0x0000000000033c84       0x10 _build/nrf52832_xxaa/gatts_cache_manager.c.o
 .rodata.service_changed_pending.9922
                0x0000000000033c94        0x4 _build/nrf52832_xxaa/gatts_cache_manager.c.o
 .rodata.service_changed_pending.9978
                0x0000000000033c98        0x4 _build/nrf52832_xxaa/gatts_cache_manager.c.o
 .rodata.data_length_update.constprop.6.str1.4
                0x0000000000033c9c       0xe2 _build/nrf52832_xxaa/nrf_ble_gatt.c.o
 *fill*         0x0000000000033d7e        0x2 
 .rodata.nrf_ble_gatt_on_ble_evt.str1.4
                0x0000000000033d80       0x63 _build/nrf52832_xxaa/nrf_ble_gatt.c.o
 *fill*         0x0000000000033de3        0x1 
 .rodata.str1.4
                0x0000000000033de4        0xd _build/nrf52832_xxaa/nrf_ble_gatt.c.o
 *fill*         0x0000000000033df1        0x3 
 .rodata.str1.4
                0x0000000000033df4        0x8 _build/nrf52832_xxaa/ble_bas.c.o
 .rodata        0x0000000000033dfc        0x4 _build/nrf52832_xxaa/nrf_sdh.c.o
 .rodata.sdh_req_observers
                0x0000000000033e00        0xc _build/nrf52832_xxaa/nrf_sdh.c.o
 .rodata.sdh_stack_observers
                0x0000000000033e0c        0xc _build/nrf52832_xxaa/nrf_sdh.c.o
 .rodata.sdh_state_observers
                0x0000000000033e18        0xc _build/nrf52832_xxaa/nrf_sdh.c.o
 .rodata.str1.4
                0x0000000000033e24        0x8 _build/nrf52832_xxaa/nrf_sdh.c.o
 .rodata.nrf_sdh_ble_default_cfg_set.str1.4
                0x0000000000033e2c      0x1cf _build/nrf52832_xxaa/nrf_sdh_ble.c.o
 *fill*         0x0000000000033ffb        0x1 
 .rodata.nrf_sdh_ble_enable.str1.4
                0x0000000000033ffc       0xad _build/nrf52832_xxaa/nrf_sdh_ble.c.o
 *fill*         0x00000000000340a9        0x3 
 .rodata.sdh_ble_observers
                0x00000000000340ac        0xc _build/nrf52832_xxaa/nrf_sdh_ble.c.o
 .rodata.str1.4
                0x00000000000340b8        0xc _build/nrf52832_xxaa/nrf_sdh_ble.c.o
 .rodata.sdh_soc_observers
                0x00000000000340c4        0xc _build/nrf52832_xxaa/nrf_sdh_soc.c.o
 .rodata.str1.4
                0x00000000000340d0        0xc _build/nrf52832_xxaa/nrf_sdh_soc.c.o
 .rodata._global_impure_ptr
                0x00000000000340dc        0x4 /home/rob/nrf52/gcc-arm-none-eabi-7-2017-q4-major/bin/../lib/gcc/arm-none-eabi/7.2.1/../../../../arm-none-eabi/lib/thumb/v7e-m/fpv4-sp/hard/libc_nano.a(lib_a-impure.o)
                0x00000000000340dc                _global_impure_ptr
 .rodata._setlocale_r.str1.1
                0x00000000000340e0        0x8 /home/rob/nrf52/gcc-arm-none-eabi-7-2017-q4-major/bin/../lib/gcc/arm-none-eabi/7.2.1/../../../../arm-none-eabi/lib/thumb/v7e-m/fpv4-sp/hard/libc_nano.a(lib_a-locale.o)
                                          0x9 (size before relaxing)
 .rodata.str1.1
                0x00000000000340e8        0x2 /home/rob/nrf52/gcc-arm-none-eabi-7-2017-q4-major/bin/../lib/gcc/arm-none-eabi/7.2.1/../../../../arm-none-eabi/lib/thumb/v7e-m/fpv4-sp/hard/libc_nano.a(lib_a-locale.o)
 .rodata._ctype_
                0x00000000000340ea      0x101 /home/rob/nrf52/gcc-arm-none-eabi-7-2017-q4-major/bin/../lib/gcc/arm-none-eabi/7.2.1/../../../../arm-none-eabi/lib/thumb/v7e-m/fpv4-sp/hard/libc_nano.a(lib_a-ctype_.o)
                0x00000000000340ea                _ctype_
 *(.eh_frame*)
 *fill*         0x00000000000341eb        0x1 
 .eh_frame      0x00000000000341ec        0x0 /home/rob/nrf52/gcc-arm-none-eabi-7-2017-q4-major/bin/../lib/gcc/arm-none-eabi/7.2.1/thumb/v7e-m/fpv4-sp/hard/crtbegin.o
 .eh_frame      0x00000000000341ec        0x4 /home/rob/nrf52/gcc-arm-none-eabi-7-2017-q4-major/bin/../lib/gcc/arm-none-eabi/7.2.1/thumb/v7e-m/fpv4-sp/hard/crtend.o

.glue_7         0x00000000000341f0        0x0
 .glue_7        0x00000000000341f0        0x0 linker stubs

.glue_7t        0x00000000000341f0        0x0
 .glue_7t       0x00000000000341f0        0x0 linker stubs

.vfp11_veneer   0x00000000000341f0        0x0
 .vfp11_veneer  0x00000000000341f0        0x0 linker stubs

.v4_bx          0x00000000000341f0        0x0
 .v4_bx         0x00000000000341f0        0x0 linker stubs

.iplt           0x00000000000341f0        0x0
 .iplt          0x00000000000341f0        0x0 /home/rob/nrf52/gcc-arm-none-eabi-7-2017-q4-major/bin/../lib/gcc/arm-none-eabi/7.2.1/thumb/v7e-m/fpv4-sp/hard/crtbegin.o

.mem_section_dummy_rom

.sdh_soc_observers
                0x00000000000341f0       0x18
                0x00000000000341f0                PROVIDE (__start_sdh_soc_observers, .)
 *(SORT_BY_NAME(.sdh_soc_observers*))
 .sdh_soc_observers0
                0x00000000000341f0        0x8 _build/nrf52832_xxaa/nrf_fstorage_sd.c.o
 .sdh_soc_observers0
                0x00000000000341f8        0x8 _build/nrf52832_xxaa/nrf_drv_clock.c.o
 .sdh_soc_observers1
                0x0000000000034200        0x8 _build/nrf52832_xxaa/main.c.o
                0x0000000000034208                PROVIDE (__stop_sdh_soc_observers, .)

.sdh_ble_observers
                0x0000000000034208       0x50
                0x0000000000034208                PROVIDE (__start_sdh_ble_observers, .)
 *(SORT_BY_NAME(.sdh_ble_observers*))
 .sdh_ble_observers0
                0x0000000000034208        0x8 _build/nrf52832_xxaa/ble_conn_state.c.o
 .sdh_ble_observers1
                0x0000000000034210        0x8 _build/nrf52832_xxaa/bsp_btn_ble.c.o
 .sdh_ble_observers1
                0x0000000000034218       0x10 _build/nrf52832_xxaa/main.c.o
 .sdh_ble_observers1
                0x0000000000034228        0x8 _build/nrf52832_xxaa/ble_conn_params.c.o
 .sdh_ble_observers1
                0x0000000000034230        0x8 _build/nrf52832_xxaa/peer_manager.c.o
 .sdh_ble_observers2
                0x0000000000034238       0x18 _build/nrf52832_xxaa/main.c.o
 .sdh_ble_observers3
                0x0000000000034250        0x8 _build/nrf52832_xxaa/main.c.o
                0x0000000000034258                PROVIDE (__stop_sdh_ble_observers, .)

.pwr_mgmt_data  0x0000000000034258        0x0
                0x0000000000034258                PROVIDE (__start_pwr_mgmt_data, .)
 *(SORT_BY_NAME(.pwr_mgmt_data*))
                0x0000000000034258                PROVIDE (__stop_pwr_mgmt_data, .)

.log_const_data
                0x0000000000034258       0x88
                0x0000000000034258                PROVIDE (__start_log_const_data, .)
 *(SORT_BY_NAME(.log_const_data*))
 .log_const_data_CLOCK
                0x0000000000034258        0x8 _build/nrf52832_xxaa/nrfx_clock.c.o
                0x0000000000034258                m_nrf_log_CLOCK_logs_data_const
 .log_const_data_GPIOTE
                0x0000000000034260        0x8 _build/nrf52832_xxaa/nrfx_gpiote.c.o
                0x0000000000034260                m_nrf_log_GPIOTE_logs_data_const
 .log_const_data_PRS
                0x0000000000034268        0x8 _build/nrf52832_xxaa/nrfx_prs.c.o
                0x0000000000034268                m_nrf_log_PRS_logs_data_const
 .log_const_data_UART
                0x0000000000034270        0x8 _build/nrf52832_xxaa/nrfx_uart.c.o
                0x0000000000034270                m_nrf_log_UART_logs_data_const
 .log_const_data_UARTE
                0x0000000000034278        0x8 _build/nrf52832_xxaa/nrfx_uarte.c.o
                0x0000000000034278                m_nrf_log_UARTE_logs_data_const
 .log_const_data_app
                0x0000000000034280        0x8 _build/nrf52832_xxaa/nrf_log_frontend.c.o
                0x0000000000034280                m_nrf_log_app_logs_data_const
 .log_const_data_atfifo_m_fifo
                0x0000000000034288        0x8 _build/nrf52832_xxaa/nrf_fstorage_sd.c.o
                0x0000000000034288                m_nrf_log_atfifo_m_fifo_logs_data_const
 .log_const_data_atfifo_m_queue
                0x0000000000034290        0x8 _build/nrf52832_xxaa/fds.c.o
                0x0000000000034290                m_nrf_log_atfifo_m_queue_logs_data_const
 .log_const_data_balloc_log_mempool
                0x0000000000034298        0x8 _build/nrf52832_xxaa/nrf_log_frontend.c.o
                0x0000000000034298                m_nrf_log_balloc_log_mempool_logs_data_const
 .log_const_data_ble_bas
                0x00000000000342a0        0x8 _build/nrf52832_xxaa/ble_bas.c.o
                0x00000000000342a0                m_nrf_log_ble_bas_logs_data_const
 .log_const_data_clock
                0x00000000000342a8        0x8 _build/nrf52832_xxaa/nrf_drv_clock.c.o
                0x00000000000342a8                m_nrf_log_clock_logs_data_const
 .log_const_data_nrf_ble_gatt
                0x00000000000342b0        0x8 _build/nrf52832_xxaa/nrf_ble_gatt.c.o
                0x00000000000342b0                m_nrf_log_nrf_ble_gatt_logs_data_const
 .log_const_data_nrf_fstorage
                0x00000000000342b8        0x8 _build/nrf52832_xxaa/nrf_fstorage.c.o
                0x00000000000342b8                m_nrf_log_nrf_fstorage_logs_data_const
 .log_const_data_nrf_sdh
                0x00000000000342c0        0x8 _build/nrf52832_xxaa/nrf_sdh.c.o
                0x00000000000342c0                m_nrf_log_nrf_sdh_logs_data_const
 .log_const_data_nrf_sdh_ble
                0x00000000000342c8        0x8 _build/nrf52832_xxaa/nrf_sdh_ble.c.o
                0x00000000000342c8                m_nrf_log_nrf_sdh_ble_logs_data_const
 .log_const_data_nrf_sdh_soc
                0x00000000000342d0        0x8 _build/nrf52832_xxaa/nrf_sdh_soc.c.o
                0x00000000000342d0                m_nrf_log_nrf_sdh_soc_logs_data_const
 .log_const_data_pwr_mgmt
                0x00000000000342d8        0x8 _build/nrf52832_xxaa/nrf_pwr_mgmt.c.o
                0x00000000000342d8                m_nrf_log_pwr_mgmt_logs_data_const
                0x00000000000342e0                PROVIDE (__stop_log_const_data, .)

.nrf_balloc     0x00000000000342e0       0x18
                [!provide]                        PROVIDE (__start_nrf_balloc, .)
 *(.nrf_balloc)
 .nrf_balloc    0x00000000000342e0       0x18 _build/nrf52832_xxaa/nrf_log_frontend.c.o
                0x00000000000342e0                log_mempool
                [!provide]                        PROVIDE (__stop_nrf_balloc, .)

.sdh_state_observers
                0x00000000000342f8       0x10
                0x00000000000342f8                PROVIDE (__start_sdh_state_observers, .)
 *(SORT_BY_NAME(.sdh_state_observers*))
 .sdh_state_observers0
                0x00000000000342f8        0x8 _build/nrf52832_xxaa/nrf_fstorage_sd.c.o
 .sdh_state_observers0
                0x0000000000034300        0x8 _build/nrf52832_xxaa/nrf_drv_clock.c.o
                0x0000000000034308                PROVIDE (__stop_sdh_state_observers, .)

.sdh_stack_observers
                0x0000000000034308       0x10
                0x0000000000034308                PROVIDE (__start_sdh_stack_observers, .)
 *(SORT_BY_NAME(.sdh_stack_observers*))
 .sdh_stack_observers0
                0x0000000000034308        0x8 _build/nrf52832_xxaa/nrf_sdh_ble.c.o
 .sdh_stack_observers0
                0x0000000000034310        0x8 _build/nrf52832_xxaa/nrf_sdh_soc.c.o
                0x0000000000034318                PROVIDE (__stop_sdh_stack_observers, .)

.sdh_req_observers
                0x0000000000034318        0x8
                0x0000000000034318                PROVIDE (__start_sdh_req_observers, .)
 *(SORT_BY_NAME(.sdh_req_observers*))
 .sdh_req_observers0
                0x0000000000034318        0x8 _build/nrf52832_xxaa/nrf_fstorage_sd.c.o
                0x0000000000034318                m_req_obs
                0x0000000000034320                PROVIDE (__stop_sdh_req_observers, .)

.nrf_queue      0x0000000000034320        0x0
                [!provide]                        PROVIDE (__start_nrf_queue, .)
 *(.nrf_queue)
                [!provide]                        PROVIDE (__stop_nrf_queue, .)

.cli_command    0x0000000000034320        0x0
                [!provide]                        PROVIDE (__start_cli_command, .)
 *(.cli_command)
                [!provide]                        PROVIDE (__stop_cli_command, .)

.crypto_data    0x0000000000034320        0x0
                [!provide]                        PROVIDE (__start_crypto_data, .)
 *(SORT_BY_NAME(.crypto_data*))
                [!provide]                        PROVIDE (__stop_crypto_data, .)

.ARM.extab
 *(.ARM.extab* .gnu.linkonce.armextab.*)
                0x0000000000034320                __exidx_start = .

.ARM.exidx      0x0000000000034320        0x8
 *(.ARM.exidx* .gnu.linkonce.armexidx.*)
 .ARM.exidx     0x0000000000034320        0x8 /home/rob/nrf52/gcc-arm-none-eabi-7-2017-q4-major/bin/../lib/gcc/arm-none-eabi/7.2.1/../../../../arm-none-eabi/lib/thumb/v7e-m/fpv4-sp/hard/crt0.o
 .ARM.exidx     0x0000000000034328        0x0 /home/rob/nrf52/gcc-arm-none-eabi-7-2017-q4-major/bin/../lib/gcc/arm-none-eabi/7.2.1/thumb/v7e-m/fpv4-sp/hard/libgcc.a(_udivmoddi4.o)
                                          0x8 (size before relaxing)
                0x0000000000034328                __exidx_end = .
                0x0000000000034328                __etext = .

.rel.dyn        0x0000000000034328        0x0
 .rel.iplt      0x0000000000034328        0x0 /home/rob/nrf52/gcc-arm-none-eabi-7-2017-q4-major/bin/../lib/gcc/arm-none-eabi/7.2.1/thumb/v7e-m/fpv4-sp/hard/crtbegin.o

.data           0x0000000020002b90      0x240 load address 0x0000000000034328
                0x0000000020002b90                __data_start__ = .
 *(vtable)
 *(.data*)
 .data.m_uart   0x0000000020002b90       0x14 _build/nrf52832_xxaa/nrf_log_backend_uart.c.o
                0x0000000020002b90                m_uart
 .data.uart_log_backend
                0x0000000020002ba4        0xc _build/nrf52832_xxaa/nrf_log_default_backends.c.o
 .data.m_queue_inst
                0x0000000020002bb0       0x14 _build/nrf52832_xxaa/fds.c.o
 .data.m_fifo_inst
                0x0000000020002bc4       0x14 _build/nrf52832_xxaa/nrf_fstorage_sd.c.o
 .data.SystemCoreClock
                0x0000000020002bd8        0x4 _build/nrf52832_xxaa/system_nrf52.c.o
                0x0000000020002bd8                SystemCoreClock
 .data.m_adv_uuids
                0x0000000020002bdc        0xc _build/nrf52832_xxaa/main.c.o
 .data.m_conn_handle
                0x0000000020002be8        0x2 _build/nrf52832_xxaa/main.c.o
 .data.m_rr_interval_enabled
                0x0000000020002bea        0x1 _build/nrf52832_xxaa/main.c.o
 .data.m_flag_allow_repairing
                0x0000000020002beb        0x1 _build/nrf52832_xxaa/security_dispatcher.c.o
 .data.m_flag_sec_proc
                0x0000000020002bec        0x1 _build/nrf52832_xxaa/security_dispatcher.c.o
 .data.m_flag_sec_proc_bonding
                0x0000000020002bed        0x1 _build/nrf52832_xxaa/security_dispatcher.c.o
 .data.m_flag_sec_proc_new_peer
                0x0000000020002bee        0x1 _build/nrf52832_xxaa/security_dispatcher.c.o
 .data.m_flag_sec_proc_pairing
                0x0000000020002bef        0x1 _build/nrf52832_xxaa/security_dispatcher.c.o
 .data.m_flag_link_secure_force_repairing
                0x0000000020002bf0        0x1 _build/nrf52832_xxaa/security_manager.c.o
 .data.m_flag_link_secure_null_params
                0x0000000020002bf1        0x1 _build/nrf52832_xxaa/security_manager.c.o
 .data.m_flag_link_secure_pending_busy
                0x0000000020002bf2        0x1 _build/nrf52832_xxaa/security_manager.c.o
 .data.m_flag_link_secure_pending_flash_full
                0x0000000020002bf3        0x1 _build/nrf52832_xxaa/security_manager.c.o
 .data.m_flag_params_reply_pending_busy
                0x0000000020002bf4        0x1 _build/nrf52832_xxaa/security_manager.c.o
 .data.m_flag_params_reply_pending_flash_full
                0x0000000020002bf5        0x1 _build/nrf52832_xxaa/security_manager.c.o
 *fill*         0x0000000020002bf6        0x2 
 .data._impure_ptr
                0x0000000020002bf8        0x4 /home/rob/nrf52/gcc-arm-none-eabi-7-2017-q4-major/bin/../lib/gcc/arm-none-eabi/7.2.1/../../../../arm-none-eabi/lib/thumb/v7e-m/fpv4-sp/hard/libc_nano.a(lib_a-impure.o)
                0x0000000020002bf8                _impure_ptr
 .data.impure_data
                0x0000000020002bfc       0x60 /home/rob/nrf52/gcc-arm-none-eabi-7-2017-q4-major/bin/../lib/gcc/arm-none-eabi/7.2.1/../../../../arm-none-eabi/lib/thumb/v7e-m/fpv4-sp/hard/libc_nano.a(lib_a-impure.o)
 .data.__global_locale
                0x0000000020002c5c      0x16c /home/rob/nrf52/gcc-arm-none-eabi-7-2017-q4-major/bin/../lib/gcc/arm-none-eabi/7.2.1/../../../../arm-none-eabi/lib/thumb/v7e-m/fpv4-sp/hard/libc_nano.a(lib_a-locale.o)
                0x0000000020002c5c                __global_locale
                0x0000000020002dc8                . = ALIGN (0x4)
                0x0000000020002dc8                PROVIDE (__preinit_array_start, .)
 *(.preinit_array)
                0x0000000020002dc8                PROVIDE (__preinit_array_end, .)
                0x0000000020002dc8                . = ALIGN (0x4)
                0x0000000020002dc8                PROVIDE (__init_array_start, .)
 *(SORT_BY_NAME(.init_array.*))
 *(.init_array)
 .init_array    0x0000000020002dc8        0x4 /home/rob/nrf52/gcc-arm-none-eabi-7-2017-q4-major/bin/../lib/gcc/arm-none-eabi/7.2.1/thumb/v7e-m/fpv4-sp/hard/crtbegin.o
                0x0000000020002dcc                PROVIDE (__init_array_end, .)
                0x0000000020002dcc                . = ALIGN (0x4)
                [!provide]                        PROVIDE (__fini_array_start, .)
 *(SORT_BY_NAME(.fini_array.*))
 *(.fini_array)
 .fini_array    0x0000000020002dcc        0x4 /home/rob/nrf52/gcc-arm-none-eabi-7-2017-q4-major/bin/../lib/gcc/arm-none-eabi/7.2.1/thumb/v7e-m/fpv4-sp/hard/crtbegin.o
                [!provide]                        PROVIDE (__fini_array_end, .)
 *(.jcr*)
                0x0000000020002dd0                . = ALIGN (0x4)
                0x0000000020002dd0                __data_end__ = .
LOAD /home/rob/nrf52/gcc-arm-none-eabi-7-2017-q4-major/bin/../lib/gcc/arm-none-eabi/7.2.1/thumb/v7e-m/fpv4-sp/hard/crti.o
LOAD /home/rob/nrf52/gcc-arm-none-eabi-7-2017-q4-major/bin/../lib/gcc/arm-none-eabi/7.2.1/thumb/v7e-m/fpv4-sp/hard/crtbegin.o
LOAD /home/rob/nrf52/gcc-arm-none-eabi-7-2017-q4-major/bin/../lib/gcc/arm-none-eabi/7.2.1/../../../../arm-none-eabi/lib/thumb/v7e-m/fpv4-sp/hard/crt0.o
LOAD _build/nrf52832_xxaa/gcc_startup_nrf52.S.o
LOAD _build/nrf52832_xxaa/nrf_log_backend_rtt.c.o
LOAD _build/nrf52832_xxaa/nrf_log_backend_serial.c.o
LOAD _build/nrf52832_xxaa/nrf_log_backend_uart.c.o
LOAD _build/nrf52832_xxaa/nrf_log_default_backends.c.o
LOAD _build/nrf52832_xxaa/nrf_log_frontend.c.o
LOAD _build/nrf52832_xxaa/nrf_log_str_formatter.c.o
LOAD _build/nrf52832_xxaa/app_button.c.o
LOAD _build/nrf52832_xxaa/app_error.c.o
LOAD _build/nrf52832_xxaa/app_error_handler_gcc.c.o
LOAD _build/nrf52832_xxaa/app_error_weak.c.o
LOAD _build/nrf52832_xxaa/app_scheduler.c.o
LOAD _build/nrf52832_xxaa/app_timer.c.o
LOAD _build/nrf52832_xxaa/app_util_platform.c.o
LOAD _build/nrf52832_xxaa/crc16.c.o
LOAD _build/nrf52832_xxaa/fds.c.o
LOAD _build/nrf52832_xxaa/hardfault_implementation.c.o
LOAD _build/nrf52832_xxaa/nrf_assert.c.o
LOAD _build/nrf52832_xxaa/nrf_atfifo.c.o