Archive member included to satisfy reference by file (symbol)

/home/rob/nrf52/gcc-arm-none-eabi-7-2017-q4-major/bin/../lib/gcc/arm-none-eabi/7.2.1/../../../../arm-none-eabi/lib/thumb/v7e-m/fpv4-sp/hard/libc_nano.a(lib_a-exit.o)
                              /home/rob/nrf52/gcc-arm-none-eabi-7-2017-q4-major/bin/../lib/gcc/arm-none-eabi/7.2.1/../../../../arm-none-eabi/lib/thumb/v7e-m/fpv4-sp/hard/crt0.o (exit)
/home/rob/nrf52/gcc-arm-none-eabi-7-2017-q4-major/bin/../lib/gcc/arm-none-eabi/7.2.1/../../../../arm-none-eabi/lib/thumb/v7e-m/fpv4-sp/hard/libc_nano.a(lib_a-impure.o)
                              /home/rob/nrf52/gcc-arm-none-eabi-7-2017-q4-major/bin/../lib/gcc/arm-none-eabi/7.2.1/../../../../arm-none-eabi/lib/thumb/v7e-m/fpv4-sp/hard/libc_nano.a(lib_a-exit.o) (_global_impure_ptr)
/home/rob/nrf52/gcc-arm-none-eabi-7-2017-q4-major/bin/../lib/gcc/arm-none-eabi/7.2.1/../../../../arm-none-eabi/lib/thumb/v7e-m/fpv4-sp/hard/libc_nano.a(lib_a-init.o)
                              /home/rob/nrf52/gcc-arm-none-eabi-7-2017-q4-major/bin/../lib/gcc/arm-none-eabi/7.2.1/../../../../arm-none-eabi/lib/thumb/v7e-m/fpv4-sp/hard/crt0.o (__libc_init_array)
/home/rob/nrf52/gcc-arm-none-eabi-7-2017-q4-major/bin/../lib/gcc/arm-none-eabi/7.2.1/../../../../arm-none-eabi/lib/thumb/v7e-m/fpv4-sp/hard/libc_nano.a(lib_a-locale.o)
                              _build/nrf52832_xxaa/nrf_log_str_formatter.c.o (__locale_ctype_ptr)
/home/rob/nrf52/gcc-arm-none-eabi-7-2017-q4-major/bin/../lib/gcc/arm-none-eabi/7.2.1/../../../../arm-none-eabi/lib/thumb/v7e-m/fpv4-sp/hard/libc_nano.a(lib_a-mbtowc_r.o)
                              /home/rob/nrf52/gcc-arm-none-eabi-7-2017-q4-major/bin/../lib/gcc/arm-none-eabi/7.2.1/../../../../arm-none-eabi/lib/thumb/v7e-m/fpv4-sp/hard/libc_nano.a(lib_a-locale.o) (__ascii_mbtowc)
/home/rob/nrf52/gcc-arm-none-eabi-7-2017-q4-major/bin/../lib/gcc/arm-none-eabi/7.2.1/../../../../arm-none-eabi/lib/thumb/v7e-m/fpv4-sp/hard/libc_nano.a(lib_a-memcmp.o)
                              _build/nrf52832_xxaa/id_manager.c.o (memcmp)
/home/rob/nrf52/gcc-arm-none-eabi-7-2017-q4-major/bin/../lib/gcc/arm-none-eabi/7.2.1/../../../../arm-none-eabi/lib/thumb/v7e-m/fpv4-sp/hard/libc_nano.a(lib_a-memcpy-stub.o)
                              _build/nrf52832_xxaa/nrf_log_frontend.c.o (memcpy)
/home/rob/nrf52/gcc-arm-none-eabi-7-2017-q4-major/bin/../lib/gcc/arm-none-eabi/7.2.1/../../../../arm-none-eabi/lib/thumb/v7e-m/fpv4-sp/hard/libc_nano.a(lib_a-memset.o)
                              /home/rob/nrf52/gcc-arm-none-eabi-7-2017-q4-major/bin/../lib/gcc/arm-none-eabi/7.2.1/../../../../arm-none-eabi/lib/thumb/v7e-m/fpv4-sp/hard/crt0.o (memset)
/home/rob/nrf52/gcc-arm-none-eabi-7-2017-q4-major/bin/../lib/gcc/arm-none-eabi/7.2.1/../../../../arm-none-eabi/lib/thumb/v7e-m/fpv4-sp/hard/libc_nano.a(lib_a-strcmp.o)
                              /home/rob/nrf52/gcc-arm-none-eabi-7-2017-q4-major/bin/../lib/gcc/arm-none-eabi/7.2.1/../../../../arm-none-eabi/lib/thumb/v7e-m/fpv4-sp/hard/libc_nano.a(lib_a-locale.o) (strcmp)
/home/rob/nrf52/gcc-arm-none-eabi-7-2017-q4-major/bin/../lib/gcc/arm-none-eabi/7.2.1/../../../../arm-none-eabi/lib/thumb/v7e-m/fpv4-sp/hard/libc_nano.a(lib_a-strcpy.o)
                              _build/nrf52832_xxaa/SEGGER_RTT.c.o (strcpy)
/home/rob/nrf52/gcc-arm-none-eabi-7-2017-q4-major/bin/../lib/gcc/arm-none-eabi/7.2.1/../../../../arm-none-eabi/lib/thumb/v7e-m/fpv4-sp/hard/libc_nano.a(lib_a-strlen.o)
                              _build/nrf52832_xxaa/nrf_log_frontend.c.o (strlen)
/home/rob/nrf52/gcc-arm-none-eabi-7-2017-q4-major/bin/../lib/gcc/arm-none-eabi/7.2.1/../../../../arm-none-eabi/lib/thumb/v7e-m/fpv4-sp/hard/libc_nano.a(lib_a-wctomb_r.o)
                              /home/rob/nrf52/gcc-arm-none-eabi-7-2017-q4-major/bin/../lib/gcc/arm-none-eabi/7.2.1/../../../../arm-none-eabi/lib/thumb/v7e-m/fpv4-sp/hard/libc_nano.a(lib_a-locale.o) (__ascii_wctomb)
/home/rob/nrf52/gcc-arm-none-eabi-7-2017-q4-major/bin/../lib/gcc/arm-none-eabi/7.2.1/../../../../arm-none-eabi/lib/thumb/v7e-m/fpv4-sp/hard/libc_nano.a(lib_a-ctype_.o)
                              /home/rob/nrf52/gcc-arm-none-eabi-7-2017-q4-major/bin/../lib/gcc/arm-none-eabi/7.2.1/../../../../arm-none-eabi/lib/thumb/v7e-m/fpv4-sp/hard/libc_nano.a(lib_a-locale.o) (_ctype_)
/home/rob/nrf52/gcc-arm-none-eabi-7-2017-q4-major/bin/../lib/gcc/arm-none-eabi/7.2.1/../../../../arm-none-eabi/lib/thumb/v7e-m/fpv4-sp/hard/libnosys.a(_exit.o)
                              /home/rob/nrf52/gcc-arm-none-eabi-7-2017-q4-major/bin/../lib/gcc/arm-none-eabi/7.2.1/../../../../arm-none-eabi/lib/thumb/v7e-m/fpv4-sp/hard/libc_nano.a(lib_a-exit.o) (_exit)
/home/rob/nrf52/gcc-arm-none-eabi-7-2017-q4-major/bin/../lib/gcc/arm-none-eabi/7.2.1/thumb/v7e-m/fpv4-sp/hard/libgcc.a(_aeabi_ldivmod.o)
                              _build/nrf52832_xxaa/bsp.c.o (__aeabi_ldivmod)
[...]
Memory Configuration

Name             Origin             Length             Attributes
FLASH            0x0000000000023000 0x000000000005d000 xr
RAM              0x00000000200020e0 0x000000000000df20 xrw
*default*        0x0000000000000000 0xffffffffffffffff

Linker script and memory map


.text           0x0000000000023000     0xcc10
 *(.isr_vector)
 .isr_vector    0x0000000000023000      0x200 _build/nrf52832_xxaa/gcc_startup_nrf52.S.o
                0x0000000000023000                __isr_vector
 *(.text*)
 .text          0x0000000000023200       0x40 /home/rob/nrf52/gcc-arm-none-eabi-7-2017-q4-major/bin/../lib/gcc/arm-none-eabi/7.2.1/thumb/v7e-m/fpv4-sp/hard/crtbegin.o
 .text          0x0000000000023240       0x74 /home/rob/nrf52/gcc-arm-none-eabi-7-2017-q4-major/bin/../lib/gcc/arm-none-eabi/7.2.1/../../../../arm-none-eabi/lib/thumb/v7e-m/fpv4-sp/hard/crt0.o
                0x0000000000023240                _mainCRTStartup
                0x0000000000023240                _start
 .text.nrf_log_backend_serial_put
                0x00000000000232b4       0xe4 _build/nrf52832_xxaa/nrf_log_backend_serial.c.o
                0x00000000000232b4                nrf_log_backend_serial_put
 .text.uart_evt_handler
                0x0000000000023398        0xc _build/nrf52832_xxaa/nrf_log_backend_uart.c.o
 .text.nrf_log_backend_uart_flush
                0x00000000000233a4        0x4 _build/nrf52832_xxaa/nrf_log_backend_uart.c.o
 .text.nrf_log_backend_uart_panic_set
                0x00000000000233a8       0x48 _build/nrf52832_xxaa/nrf_log_backend_uart.c.o
 .text.nrf_log_backend_uart_put
                0x00000000000233f0       0x20 _build/nrf52832_xxaa/nrf_log_backend_uart.c.o
 .text.serial_tx
                0x0000000000023410       0x34 _build/nrf52832_xxaa/nrf_log_backend_uart.c.o
 .text.nrf_log_backend_uart_init
                0x0000000000023444       0x48 _build/nrf52832_xxaa/nrf_log_backend_uart.c.o
                0x0000000000023444                nrf_log_backend_uart_init
 .text.nrf_log_default_backends_init
                0x000000000002348c       0x1c _build/nrf52832_xxaa/nrf_log_default_backends.c.o
                0x000000000002348c                nrf_log_default_backends_init
 .text.nrf_log_frontend_dequeue.part.5
                0x00000000000234a8      0x21c _build/nrf52832_xxaa/nrf_log_frontend.c.o
 .text.nrf_log_init
                0x00000000000236c4       0x50 _build/nrf52832_xxaa/nrf_log_frontend.c.o
                0x00000000000236c4                nrf_log_init
 .text.nrf_log_module_name_get
                0x0000000000023714       0x5c _build/nrf52832_xxaa/nrf_log_frontend.c.o
                0x0000000000023714                nrf_log_module_name_get
 .text.nrf_log_color_id_get
                0x0000000000023770       0x2c _build/nrf52832_xxaa/nrf_log_frontend.c.o
                0x0000000000023770                nrf_log_color_id_get
 .text.nrf_log_frontend_std_0
                0x000000000002379c      0x194 _build/nrf52832_xxaa/nrf_log_frontend.c.o
                0x000000000002379c                nrf_log_frontend_std_0
 .text.nrf_log_frontend_std_1
                0x0000000000023930      0x1a4 _build/nrf52832_xxaa/nrf_log_frontend.c.o
                0x0000000000023930                nrf_log_frontend_std_1
 .text.nrf_log_frontend_std_2
                0x0000000000023ad4      0x1b8 _build/nrf52832_xxaa/nrf_log_frontend.c.o
                0x0000000000023ad4                nrf_log_frontend_std_2
 .text.nrf_log_frontend_std_3
                0x0000000000023c8c      0x1c4 _build/nrf52832_xxaa/nrf_log_frontend.c.o
                0x0000000000023c8c                nrf_log_frontend_std_3
 .text.nrf_log_frontend_dequeue
                0x0000000000023e50       0x18 _build/nrf52832_xxaa/nrf_log_frontend.c.o
                0x0000000000023e50                nrf_log_frontend_dequeue
 .text.nrf_log_backend_add
                0x0000000000023e68       0x5c _build/nrf52832_xxaa/nrf_log_frontend.c.o
                0x0000000000023e68                nrf_log_backend_add
 .text.nrf_log_panic
                0x0000000000023ec4       0x28 _build/nrf52832_xxaa/nrf_log_frontend.c.o
                0x0000000000023ec4                nrf_log_panic
 .text.nrf_log_std_entry_process
                0x0000000000023eec      0x130 _build/nrf52832_xxaa/nrf_log_str_formatter.c.o
                0x0000000000023eec                nrf_log_std_entry_process
 .text.nrf_log_hexdump_entry_process
                0x000000000002401c      0x13c _build/nrf52832_xxaa/nrf_log_str_formatter.c.o
                0x000000000002401c                nrf_log_hexdump_entry_process
 .text.detection_delay_timeout_handler
                0x0000000000024158       0xac _build/nrf52832_xxaa/app_button.c.o
 .text.gpiote_event_handler
                0x0000000000024204       0x5c _build/nrf52832_xxaa/app_button.c.o
 .text.app_button_init
                0x0000000000024260       0xac _build/nrf52832_xxaa/app_button.c.o
                0x0000000000024260                app_button_init
 .text.app_button_enable
                0x000000000002430c       0x2c _build/nrf52832_xxaa/app_button.c.o
                0x000000000002430c                app_button_enable
 .text.app_error_handler_bare
                0x0000000000024338       0x20 _build/nrf52832_xxaa/app_error.c.o
                0x0000000000024338                app_error_handler_bare
 .text.app_error_fault_handler
                0x0000000000024358       0x68 _build/nrf52832_xxaa/app_error_weak.c.o
                0x0000000000024358                app_error_fault_handler
 .text.RTC1_IRQHandler
                0x00000000000243c0       0xa0 _build/nrf52832_xxaa/app_timer.c.o
                0x00000000000243c0                RTC1_IRQHandler
 .text.SWI0_EGU0_IRQHandler
                0x0000000000024460      0x670 _build/nrf52832_xxaa/app_timer.c.o
                0x0000000000024460                SWI0_EGU0_IRQHandler
 .text.app_timer_init
                0x0000000000024ad0      0x180 _build/nrf52832_xxaa/app_timer.c.o
                0x0000000000024ad0                app_timer_init
 .text.app_timer_create
                0x0000000000024c50       0x24 _build/nrf52832_xxaa/app_timer.c.o
                0x0000000000024c50                app_timer_create
 .text.app_timer_start
                0x0000000000024c74       0xac _build/nrf52832_xxaa/app_timer.c.o
                0x0000000000024c74                app_timer_start
 .text.app_timer_stop
                0x0000000000024d20       0x74 _build/nrf52832_xxaa/app_timer.c.o
                0x0000000000024d20                app_timer_stop
 .text.app_util_critical_region_enter
                0x0000000000024d94       0x4c _build/nrf52832_xxaa/app_util_platform.c.o
                0x0000000000024d94                app_util_critical_region_enter
 .text.app_util_critical_region_exit
                0x0000000000024de0       0x30 _build/nrf52832_xxaa/app_util_platform.c.o
                0x0000000000024de0                app_util_critical_region_exit
 .text.record_find_by_desc
                0x0000000000024e10       0xf4 _build/nrf52832_xxaa/fds.c.o
 .text.gc_record_find_next
                0x0000000000024f04       0xe0 _build/nrf52832_xxaa/fds.c.o
 .text.queue_process
                0x0000000000024fe4      0x7cc _build/nrf52832_xxaa/fds.c.o
 .text.fs_event_handler
                0x00000000000257b0        0x8 _build/nrf52832_xxaa/fds.c.o
 .text.fds_register
                0x00000000000257b8       0x3c _build/nrf52832_xxaa/fds.c.o
                0x00000000000257b8                fds_register
 .text.fds_init
                0x00000000000257f4      0x3bc _build/nrf52832_xxaa/fds.c.o
                0x00000000000257f4                fds_init
 .text.fds_record_open
                0x0000000000025bb0       0x5c _build/nrf52832_xxaa/fds.c.o
                0x0000000000025bb0                fds_record_open
 .text.fds_record_close
                0x0000000000025c0c       0x4c _build/nrf52832_xxaa/fds.c.o
                0x0000000000025c0c                fds_record_close
 .text.fds_reserve
                0x0000000000025c58       0x84 _build/nrf52832_xxaa/fds.c.o
                0x0000000000025c58                fds_reserve
 .text.fds_reserve_cancel
                0x0000000000025cdc       0x58 _build/nrf52832_xxaa/fds.c.o
                0x0000000000025cdc                fds_reserve_cancel
 .text.fds_record_write
                0x0000000000025d34      0x15c _build/nrf52832_xxaa/fds.c.o
                0x0000000000025d34                fds_record_write
 .text.fds_record_write_reserved
                0x0000000000025e90      0x114 _build/nrf52832_xxaa/fds.c.o
                0x0000000000025e90                fds_record_write_reserved
 .text.fds_record_update
                0x0000000000025fa4      0x15c _build/nrf52832_xxaa/fds.c.o
                0x0000000000025fa4                fds_record_update
 .text.fds_file_delete
                0x0000000000026100       0x7c _build/nrf52832_xxaa/fds.c.o
                0x0000000000026100                fds_file_delete
 .text.fds_gc   0x000000000002617c       0x7c _build/nrf52832_xxaa/fds.c.o
                0x000000000002617c                fds_gc
 .text.fds_record_find
                0x00000000000261f8       0xe4 _build/nrf52832_xxaa/fds.c.o
                0x00000000000261f8                fds_record_find
 .text.fds_record_find_by_key
                0x00000000000262dc       0xdc _build/nrf52832_xxaa/fds.c.o
                0x00000000000262dc                fds_record_find_by_key
 .text.fds_record_find_in_file
                0x00000000000263b8       0xdc _build/nrf52832_xxaa/fds.c.o
                0x00000000000263b8                fds_record_find_in_file
 .text.fds_record_id_from_desc
                0x0000000000026494       0x10 _build/nrf52832_xxaa/fds.c.o
                0x0000000000026494                fds_record_id_from_desc
 .text.nrf_atfifo_init
                0x00000000000264a4       0x30 _build/nrf52832_xxaa/nrf_atfifo.c.o
                0x00000000000264a4                nrf_atfifo_init
 .text.nrf_atfifo_clear
                0x00000000000264d4       0x44 _build/nrf52832_xxaa/nrf_atfifo.c.o
                0x00000000000264d4                nrf_atfifo_clear
 .text.nrf_atfifo_item_alloc
                0x0000000000026518       0x58 _build/nrf52832_xxaa/nrf_atfifo.c.o
                0x0000000000026518                nrf_atfifo_item_alloc
 .text.nrf_atfifo_item_put
                0x0000000000026570       0x20 _build/nrf52832_xxaa/nrf_atfifo.c.o
                0x0000000000026570                nrf_atfifo_item_put
 .text.nrf_atfifo_item_get
                0x0000000000026590       0x5c _build/nrf52832_xxaa/nrf_atfifo.c.o
                0x0000000000026590                nrf_atfifo_item_get
 .text.nrf_atfifo_item_free
                0x00000000000265ec       0x20 _build/nrf52832_xxaa/nrf_atfifo.c.o
                0x00000000000265ec                nrf_atfifo_item_free
 .text.nrf_balloc_init
                0x000000000002660c       0x38 _build/nrf52832_xxaa/nrf_balloc.c.o
                0x000000000002660c                nrf_balloc_init
 .text.nrf_balloc_alloc
                0x0000000000026644       0x50 _build/nrf52832_xxaa/nrf_balloc.c.o
                0x0000000000026644                nrf_balloc_alloc
 .text.nrf_balloc_free
                0x0000000000026694       0x38 _build/nrf52832_xxaa/nrf_balloc.c.o
                0x0000000000026694                nrf_balloc_free
 .text.nrf_fprintf_buffer_flush
                0x00000000000266cc       0x18 _build/nrf52832_xxaa/nrf_fprintf.c.o
                0x00000000000266cc                nrf_fprintf_buffer_flush
 .text.nrf_fprintf
                0x00000000000266e4       0x20 _build/nrf52832_xxaa/nrf_fprintf.c.o
                0x00000000000266e4                nrf_fprintf
 .text.unsigned_print
                0x0000000000026704      0x10c _build/nrf52832_xxaa/nrf_fprintf_format.c.o
 .text.nrf_fprintf_fmt
                0x0000000000026810      0x5bc _build/nrf52832_xxaa/nrf_fprintf_format.c.o
                0x0000000000026810                nrf_fprintf_fmt
 .text.nrf_fstorage_init
                0x0000000000026dcc       0x10 _build/nrf52832_xxaa/nrf_fstorage.c.o
                0x0000000000026dcc                nrf_fstorage_init
 .text.nrf_fstorage_write
                0x0000000000026ddc       0x68 _build/nrf52832_xxaa/nrf_fstorage.c.o
                0x0000000000026ddc                nrf_fstorage_write
 .text.nrf_fstorage_erase
                0x0000000000026e44       0x44 _build/nrf52832_xxaa/nrf_fstorage.c.o
                0x0000000000026e44                nrf_fstorage_erase
 .text.nrf_fstorage_is_busy
                0x0000000000026e88       0x50 _build/nrf52832_xxaa/nrf_fstorage.c.o
                0x0000000000026e88                nrf_fstorage_is_busy
 .text.sd_flash_write
                0x0000000000026ed8        0x4 _build/nrf52832_xxaa/nrf_fstorage_sd.c.o
 .text.sd_flash_page_erase
                0x0000000000026edc        0x4 _build/nrf52832_xxaa/nrf_fstorage_sd.c.o
 .text.rmap     0x0000000000026ee0        0x4 _build/nrf52832_xxaa/nrf_fstorage_sd.c.o
 .text.wmap     0x0000000000026ee4        0x4 _build/nrf52832_xxaa/nrf_fstorage_sd.c.o
 .text.is_busy  0x0000000000026ee8       0x10 _build/nrf52832_xxaa/nrf_fstorage_sd.c.o
 .text.nrf_fstorage_sdh_req_handler
                0x0000000000026ef8       0x14 _build/nrf52832_xxaa/nrf_fstorage_sd.c.o
                0x0000000000026ef8                nrf_fstorage_sdh_req_handler
 .text.read     0x0000000000026f0c       0x10 _build/nrf52832_xxaa/nrf_fstorage_sd.c.o
 .text.uninit   0x0000000000026f1c       0x20 _build/nrf52832_xxaa/nrf_fstorage_sd.c.o
 .text.init     0x0000000000026f3c       0x44 _build/nrf52832_xxaa/nrf_fstorage_sd.c.o
 .text.nrf_fstorage_sys_evt_handler
                0x0000000000026f80      0x1b0 _build/nrf52832_xxaa/nrf_fstorage_sd.c.o
                0x0000000000026f80                nrf_fstorage_sys_evt_handler
 .text.queue_process
                0x0000000000027130       0xf4 _build/nrf52832_xxaa/nrf_fstorage_sd.c.o
 .text.erase    0x0000000000027224       0x80 _build/nrf52832_xxaa/nrf_fstorage_sd.c.o
 .text.write    0x00000000000272a4       0x80 _build/nrf52832_xxaa/nrf_fstorage_sd.c.o
 .text.nrf_fstorage_sdh_state_handler
                0x0000000000027324      0x108 _build/nrf52832_xxaa/nrf_fstorage_sd.c.o
                0x0000000000027324                nrf_fstorage_sdh_state_handler
 .text.nrf_memobj_pool_init
                0x000000000002742c        0x4 _build/nrf52832_xxaa/nrf_memobj.c.o
                0x000000000002742c                nrf_memobj_pool_init
 .text.nrf_memobj_alloc
                0x0000000000027430       0x84 _build/nrf52832_xxaa/nrf_memobj.c.o
                0x0000000000027430                nrf_memobj_alloc
 .text.nrf_memobj_get
                0x00000000000274b4       0x20 _build/nrf52832_xxaa/nrf_memobj.c.o
                0x00000000000274b4                nrf_memobj_get
 .text.nrf_memobj_put
                0x00000000000274d4       0x50 _build/nrf52832_xxaa/nrf_memobj.c.o
                0x00000000000274d4                nrf_memobj_put
 .text.nrf_memobj_write
                0x0000000000027524       0x5c _build/nrf52832_xxaa/nrf_memobj.c.o
                0x0000000000027524                nrf_memobj_write
 .text.nrf_memobj_read
                0x0000000000027580       0x5c _build/nrf52832_xxaa/nrf_memobj.c.o
                0x0000000000027580                nrf_memobj_read
 .text.nrf_section_iter_init
                0x00000000000275dc       0x14 _build/nrf52832_xxaa/nrf_section_iter.c.o
                0x00000000000275dc                nrf_section_iter_init
 .text.nrf_section_iter_next
                0x00000000000275f0       0x18 _build/nrf52832_xxaa/nrf_section_iter.c.o
                0x00000000000275f0                nrf_section_iter_next
 .text.nrf_strerror_get
                0x0000000000027608       0x6c _build/nrf52832_xxaa/nrf_strerror.c.o
                0x0000000000027608                nrf_strerror_get
 .text.sdk_mapped_flags_first_key_index_get
                0x0000000000027674       0x30 _build/nrf52832_xxaa/sdk_mapped_flags.c.o
                0x0000000000027674                sdk_mapped_flags_first_key_index_get
 .text.sdk_mapped_flags_update_by_key
                0x00000000000276a4       0x38 _build/nrf52832_xxaa/sdk_mapped_flags.c.o
                0x00000000000276a4                sdk_mapped_flags_update_by_key
 .text.sdk_mapped_flags_bulk_update_by_key
                0x00000000000276dc       0x5c _build/nrf52832_xxaa/sdk_mapped_flags.c.o
                0x00000000000276dc                sdk_mapped_flags_bulk_update_by_key
 .text.sdk_mapped_flags_get_by_key
                0x0000000000027738       0x38 _build/nrf52832_xxaa/sdk_mapped_flags.c.o
                0x0000000000027738                sdk_mapped_flags_get_by_key
 .text.sdk_mapped_flags_key_list_get
                0x0000000000027770       0x34 _build/nrf52832_xxaa/sdk_mapped_flags.c.o
                0x0000000000027770                sdk_mapped_flags_key_list_get
 .text.bsp_board_led_state_get
                0x00000000000277a4       0x1c _build/nrf52832_xxaa/boards.c.o
                0x00000000000277a4                bsp_board_led_state_get
 .text.bsp_board_led_on
                0x00000000000277c0       0x18 _build/nrf52832_xxaa/boards.c.o
                0x00000000000277c0                bsp_board_led_on
 .text.bsp_board_led_off
                0x00000000000277d8       0x18 _build/nrf52832_xxaa/boards.c.o
                0x00000000000277d8                bsp_board_led_off
 .text.bsp_board_leds_off
                0x00000000000277f0       0x2c _build/nrf52832_xxaa/boards.c.o
                0x00000000000277f0                bsp_board_leds_off
 .text.bsp_board_leds_on
                0x000000000002781c       0x2c _build/nrf52832_xxaa/boards.c.o
                0x000000000002781c                bsp_board_leds_on
 .text.bsp_board_led_invert
                0x0000000000027848       0x24 _build/nrf52832_xxaa/boards.c.o
                0x0000000000027848                bsp_board_led_invert
 .text.bsp_board_leds_init
                0x000000000002786c       0x3c _build/nrf52832_xxaa/boards.c.o
                0x000000000002786c                bsp_board_leds_init
 .text.bsp_board_button_state_get
                0x00000000000278a8       0x1c _build/nrf52832_xxaa/boards.c.o
                0x00000000000278a8                bsp_board_button_state_get
 .text.bsp_board_pin_to_button_idx
                0x00000000000278c4       0x24 _build/nrf52832_xxaa/boards.c.o
                0x00000000000278c4                bsp_board_pin_to_button_idx
 .text.bsp_board_button_idx_to_pin
                0x00000000000278e8        0xc _build/nrf52832_xxaa/boards.c.o
                0x00000000000278e8                bsp_board_button_idx_to_pin
 .text.soc_evt_handler
                0x00000000000278f4       0x24 _build/nrf52832_xxaa/nrf_drv_clock.c.o
 .text.sd_state_evt_handler
                0x0000000000027918       0xc0 _build/nrf52832_xxaa/nrf_drv_clock.c.o
 .text.POWER_CLOCK_IRQHandler
                0x00000000000279d8       0x7c _build/nrf52832_xxaa/nrf_drv_clock.c.o
                0x00000000000279d8                POWER_CLOCK_IRQHandler
 .text.nrf_drv_common_irq_enable
                0x0000000000027a54       0x48 _build/nrf52832_xxaa/nrf_drv_common.c.o
                0x0000000000027a54                nrf_drv_common_irq_enable
 .text.nrf_drv_gpiote_init
                0x0000000000027a9c       0x74 _build/nrf52832_xxaa/nrf_drv_gpiote.c.o
                0x0000000000027a9c                nrf_drv_gpiote_init
 .text.nrf_drv_gpiote_is_init
                0x0000000000027b10       0x14 _build/nrf52832_xxaa/nrf_drv_gpiote.c.o
                0x0000000000027b10                nrf_drv_gpiote_is_init
 .text.nrf_drv_gpiote_in_init
                0x0000000000027b24      0x19c _build/nrf52832_xxaa/nrf_drv_gpiote.c.o
                0x0000000000027b24                nrf_drv_gpiote_in_init
 .text.nrf_drv_gpiote_in_event_enable
                0x0000000000027cc0       0xc4 _build/nrf52832_xxaa/nrf_drv_gpiote.c.o
                0x0000000000027cc0                nrf_drv_gpiote_in_event_enable
 .text.nrf_drv_gpiote_in_is_set
                0x0000000000027d84       0x14 _build/nrf52832_xxaa/nrf_drv_gpiote.c.o
                0x0000000000027d84                nrf_drv_gpiote_in_is_set
 .text.GPIOTE_IRQHandler
                0x0000000000027d98      0x548 _build/nrf52832_xxaa/nrf_drv_gpiote.c.o
                0x0000000000027d98                GPIOTE_IRQHandler
 .text.nrf_drv_uart_init
                0x00000000000282e0      0x1d0 _build/nrf52832_xxaa/nrf_drv_uart.c.o
                0x00000000000282e0                nrf_drv_uart_init
 .text.nrf_drv_uart_uninit
                0x00000000000284b0      0x108 _build/nrf52832_xxaa/nrf_drv_uart.c.o
                0x00000000000284b0                nrf_drv_uart_uninit
 .text.nrf_drv_uart_tx
                0x00000000000285b8      0x154 _build/nrf52832_xxaa/nrf_drv_uart.c.o
                0x00000000000285b8                nrf_drv_uart_tx
 .text.UARTE0_UART0_IRQHandler
                0x000000000002870c      0x2e4 _build/nrf52832_xxaa/nrf_drv_uart.c.o
                0x000000000002870c                UARTE0_UART0_IRQHandler
 .text.alert_timer_handler
                0x00000000000289f0        0x8 _build/nrf52832_xxaa/bsp.c.o
 .text.bsp_button_event_handler
                0x00000000000289f8       0xa0 _build/nrf52832_xxaa/bsp.c.o
 .text.button_timer_handler
                0x0000000000028a98       0x30 _build/nrf52832_xxaa/bsp.c.o
 .text.leds_timer_handler
                0x0000000000028ac8      0x2e4 _build/nrf52832_xxaa/bsp.c.o
 .text.bsp_button_is_pressed
                0x0000000000028dac        0x4 _build/nrf52832_xxaa/bsp.c.o
                0x0000000000028dac                bsp_button_is_pressed
 .text.bsp_indication_set
                0x0000000000028db0      0x328 _build/nrf52832_xxaa/bsp.c.o
                0x0000000000028db0                bsp_indication_set
 .text.bsp_init
                0x00000000000290d8       0xac _build/nrf52832_xxaa/bsp.c.o
                0x00000000000290d8                bsp_init
 .text.bsp_event_to_button_action_assign
                0x0000000000029184       0x50 _build/nrf52832_xxaa/bsp.c.o
                0x0000000000029184                bsp_event_to_button_action_assign
 .text.bsp_wakeup_button_enable
                0x00000000000291d4       0x28 _build/nrf52832_xxaa/bsp.c.o
                0x00000000000291d4                bsp_wakeup_button_enable
 .text.ble_evt_handler
                0x00000000000291fc       0xac _build/nrf52832_xxaa/bsp_btn_ble.c.o
 .text.bsp_btn_ble_sleep_mode_prepare
                0x00000000000292a8       0x24 _build/nrf52832_xxaa/bsp_btn_ble.c.o
                0x00000000000292a8                bsp_btn_ble_sleep_mode_prepare
 .text.bsp_btn_ble_init
                0x00000000000292cc       0x6c _build/nrf52832_xxaa/bsp_btn_ble.c.o
                0x00000000000292cc                bsp_btn_ble_init
 .text.sd_ble_gap_disconnect
                0x0000000000029338        0x4 _build/nrf52832_xxaa/main.c.o
 .text.sd_ble_gap_ppcp_set
                0x000000000002933c        0x4 _build/nrf52832_xxaa/main.c.o
 .text.sd_ble_gap_device_name_set
                0x0000000000029340        0x4 _build/nrf52832_xxaa/main.c.o
 .text.sd_ble_gap_phy_update
                0x0000000000029344        0x4 _build/nrf52832_xxaa/main.c.o
 .text.sd_ble_gatts_rw_authorize_reply
                0x0000000000029348        0x4 _build/nrf52832_xxaa/main.c.o
 .text.sd_ble_user_mem_reply
                0x000000000002934c        0x4 _build/nrf52832_xxaa/main.c.o
 .text.sd_power_system_off
                0x0000000000029350        0x4 _build/nrf52832_xxaa/main.c.o
 .text.sd_app_evt_wait
                0x0000000000029354        0x4 _build/nrf52832_xxaa/main.c.o
 .text.conn_params_error_handler
                0x0000000000029358        0x4 _build/nrf52832_xxaa/main.c.o
 .text.ble_evt_handler
                0x000000000002935c       0xdc _build/nrf52832_xxaa/main.c.o
 .text.on_conn_params_evt
                0x0000000000029438       0x24 _build/nrf52832_xxaa/main.c.o
 .text.bsp_event_handler
                0x000000000002945c       0x70 _build/nrf52832_xxaa/main.c.o
 .text.pm_evt_handler
                0x00000000000294cc       0xb0 _build/nrf52832_xxaa/main.c.o
 .text.on_adv_evt
                0x000000000002957c       0x58 _build/nrf52832_xxaa/main.c.o
 .text.startup.main
                0x00000000000295d4      0x22c _build/nrf52832_xxaa/main.c.o
                0x00000000000295d4                main
 .text.sd_ble_gap_addr_get
                0x0000000000029800        0x4 _build/nrf52832_xxaa/ble_advdata.c.o
 .text.sd_ble_gap_adv_data_set
                0x0000000000029804        0x4 _build/nrf52832_xxaa/ble_advdata.c.o
 .text.sd_ble_gap_appearance_get
                0x0000000000029808        0x4 _build/nrf52832_xxaa/ble_advdata.c.o
 .text.sd_ble_gap_device_name_get
                0x000000000002980c        0x4 _build/nrf52832_xxaa/ble_advdata.c.o
 .text.sd_ble_uuid_encode
                0x0000000000029810        0x4 _build/nrf52832_xxaa/ble_advdata.c.o
 .text.uuid_list_sized_encode
                0x0000000000029814       0xd0 _build/nrf52832_xxaa/ble_advdata.c.o
 .text.ble_advdata_encode
                0x00000000000298e4      0x3ec _build/nrf52832_xxaa/ble_advdata.c.o
                0x00000000000298e4                ble_advdata_encode
 .text.ble_advdata_set
                0x0000000000029cd0      0x4e4 _build/nrf52832_xxaa/ble_advdata.c.o
                0x0000000000029cd0                ble_advdata_set
 .text.sd_ble_gap_adv_start
                0x000000000002a1b4        0x4 _build/nrf52832_xxaa/ble_advertising.c.o
 .text.sd_ble_gap_adv_stop
                0x000000000002a1b8        0x4 _build/nrf52832_xxaa/ble_advertising.c.o
 .text.ble_advertising_start.part.2
                0x000000000002a1bc      0x228 _build/nrf52832_xxaa/ble_advertising.c.o
 .text.ble_advertising_conn_cfg_tag_set
                0x000000000002a3e4        0x8 _build/nrf52832_xxaa/ble_advertising.c.o
                0x000000000002a3e4                ble_advertising_conn_cfg_tag_set
 .text.ble_advertising_init
                0x000000000002a3ec      0x160 _build/nrf52832_xxaa/ble_advertising.c.o
                0x000000000002a3ec                ble_advertising_init
 .text.ble_advertising_start
                0x000000000002a54c      0x1f8 _build/nrf52832_xxaa/ble_advertising.c.o
                0x000000000002a54c                ble_advertising_start
 .text.ble_advertising_on_ble_evt
                0x000000000002a744       0x94 _build/nrf52832_xxaa/ble_advertising.c.o
                0x000000000002a744                ble_advertising_on_ble_evt
 .text.ble_advertising_on_sys_evt
                0x000000000002a7d8       0x44 _build/nrf52832_xxaa/ble_advertising.c.o
                0x000000000002a7d8                ble_advertising_on_sys_evt
 .text.ble_advertising_restart_without_whitelist
                0x000000000002a81c       0x5c _build/nrf52832_xxaa/ble_advertising.c.o
                0x000000000002a81c                ble_advertising_restart_without_whitelist
 .text.sd_ble_gap_conn_param_update
                0x000000000002a878        0x4 _build/nrf52832_xxaa/ble_conn_params.c.o
 .text.sd_ble_gap_disconnect
                0x000000000002a87c        0x4 _build/nrf52832_xxaa/ble_conn_params.c.o
 .text.sd_ble_gap_ppcp_set
                0x000000000002a880        0x4 _build/nrf52832_xxaa/ble_conn_params.c.o
 .text.sd_ble_gap_ppcp_get
                0x000000000002a884        0x4 _build/nrf52832_xxaa/ble_conn_params.c.o
 .text.update_timeout_handler
                0x000000000002a888       0x80 _build/nrf52832_xxaa/ble_conn_params.c.o
 .text.ble_evt_handler
                0x000000000002a908      0x1d4 _build/nrf52832_xxaa/ble_conn_params.c.o
 .text.ble_conn_params_init
                0x000000000002aadc       0x7c _build/nrf52832_xxaa/ble_conn_params.c.o
                0x000000000002aadc                ble_conn_params_init
 .text.ble_evt_handler
                0x000000000002ab58      0x114 _build/nrf52832_xxaa/ble_conn_state.c.o
 .text.ble_conn_state_role
                0x000000000002ac6c       0x2c _build/nrf52832_xxaa/ble_conn_state.c.o
                0x000000000002ac6c                ble_conn_state_role
 .text.ble_conn_state_encrypted
                0x000000000002ac98       0x10 _build/nrf52832_xxaa/ble_conn_state.c.o
                0x000000000002ac98                ble_conn_state_encrypted
 .text.ble_conn_state_conn_handles
                0x000000000002aca8       0x18 _build/nrf52832_xxaa/ble_conn_state.c.o
                0x000000000002aca8                ble_conn_state_conn_handles
 .text.ble_conn_state_user_flag_acquire
                0x000000000002acc0       0x30 _build/nrf52832_xxaa/ble_conn_state.c.o
                0x000000000002acc0                ble_conn_state_user_flag_acquire
 .text.ble_conn_state_user_flag_get
                0x000000000002acf0       0x28 _build/nrf52832_xxaa/ble_conn_state.c.o
                0x000000000002acf0                ble_conn_state_user_flag_get
 .text.ble_conn_state_user_flag_set
                0x000000000002ad18       0x28 _build/nrf52832_xxaa/ble_conn_state.c.o
                0x000000000002ad18                ble_conn_state_user_flag_set
 .text.ble_conn_state_user_flag_collection
                0x000000000002ad40       0x1c _build/nrf52832_xxaa/ble_conn_state.c.o
                0x000000000002ad40                ble_conn_state_user_flag_collection
 .text.ble_srv_is_notification_enabled
                0x000000000002ad5c        0x8 _build/nrf52832_xxaa/ble_srv_common.c.o
                0x000000000002ad5c                ble_srv_is_notification_enabled
 .text.local_db_apply_in_evt
                0x000000000002ad64       0xb8 _build/nrf52832_xxaa/gatt_cache_manager.c.o
 .text.pending_flags_check.part.1
                0x000000000002ae1c      0x200 _build/nrf52832_xxaa/gatt_cache_manager.c.o
 .text.gcm_im_evt_handler
                0x000000000002b01c       0xe4 _build/nrf52832_xxaa/gatt_cache_manager.c.o
                0x000000000002b01c                gcm_im_evt_handler
 .text.gcm_pdb_evt_handler
                0x000000000002b100       0xa8 _build/nrf52832_xxaa/gatt_cache_manager.c.o
                0x000000000002b100                gcm_pdb_evt_handler
 .text.gcm_init
                0x000000000002b1a8       0x5c _build/nrf52832_xxaa/gatt_cache_manager.c.o
                0x000000000002b1a8                gcm_init
 .text.gcm_ble_evt_handler
                0x000000000002b204       0xdc _build/nrf52832_xxaa/gatt_cache_manager.c.o
                0x000000000002b204                gcm_ble_evt_handler
 .text.gcm_local_database_has_changed
                0x000000000002b2e0       0x74 _build/nrf52832_xxaa/gatt_cache_manager.c.o
                0x000000000002b2e0                gcm_local_database_has_changed
 .text.sd_ble_gatts_service_changed
                0x000000000002b354        0x4 _build/nrf52832_xxaa/gatts_cache_manager.c.o
 .text.sd_ble_gatts_sys_attr_set
                0x000000000002b358        0x4 _build/nrf52832_xxaa/gatts_cache_manager.c.o
 .text.sd_ble_gatts_sys_attr_get
                0x000000000002b35c        0x4 _build/nrf52832_xxaa/gatts_cache_manager.c.o
 .text.sd_ble_gatts_initial_user_handle_get
                0x000000000002b360        0x4 _build/nrf52832_xxaa/gatts_cache_manager.c.o
 .text.gscm_pdb_evt_handler
                0x000000000002b364       0x58 _build/nrf52832_xxaa/gatts_cache_manager.c.o
                0x000000000002b364                gscm_pdb_evt_handler
 .text.gscm_init
                0x000000000002b3bc       0x10 _build/nrf52832_xxaa/gatts_cache_manager.c.o
                0x000000000002b3bc                gscm_init
 .text.gscm_local_db_cache_update
                0x000000000002b3cc       0x9c _build/nrf52832_xxaa/gatts_cache_manager.c.o
                0x000000000002b3cc                gscm_local_db_cache_update
 .text.gscm_local_db_cache_apply
                0x000000000002b468       0x84 _build/nrf52832_xxaa/gatts_cache_manager.c.o
                0x000000000002b468                gscm_local_db_cache_apply
 .text.gscm_local_database_has_changed
                0x000000000002b4ec       0x5c _build/nrf52832_xxaa/gatts_cache_manager.c.o
                0x000000000002b4ec                gscm_local_database_has_changed
 .text.gscm_service_changed_ind_needed
                0x000000000002b548       0x2c _build/nrf52832_xxaa/gatts_cache_manager.c.o
                0x000000000002b548                gscm_service_changed_ind_needed
 .text.gscm_service_changed_ind_send
                0x000000000002b574       0x38 _build/nrf52832_xxaa/gatts_cache_manager.c.o
                0x000000000002b574                gscm_service_changed_ind_send
 .text.gscm_db_change_notification_done
                0x000000000002b5ac       0x24 _build/nrf52832_xxaa/gatts_cache_manager.c.o
                0x000000000002b5ac                gscm_db_change_notification_done
 .text.sd_ecb_block_encrypt
                0x000000000002b5d0        0x4 _build/nrf52832_xxaa/id_manager.c.o
 .text.im_ble_evt_handler
                0x000000000002b5d4      0x274 _build/nrf52832_xxaa/id_manager.c.o
                0x000000000002b5d4                im_ble_evt_handler
 .text.im_is_duplicate_bonding_data
                0x000000000002b848      0x100 _build/nrf52832_xxaa/id_manager.c.o
                0x000000000002b848                im_is_duplicate_bonding_data
 .text.im_find_duplicate_bonding_data
                0x000000000002b948       0x40 _build/nrf52832_xxaa/id_manager.c.o
                0x000000000002b948                im_find_duplicate_bonding_data
 .text.im_init  0x000000000002b988       0x34 _build/nrf52832_xxaa/id_manager.c.o
                0x000000000002b988                im_init
 .text.im_peer_id_get_by_conn_handle
                0x000000000002b9bc       0x40 _build/nrf52832_xxaa/id_manager.c.o
                0x000000000002b9bc                im_peer_id_get_by_conn_handle
 .text.im_ble_addr_get
                0x000000000002b9fc       0x50 _build/nrf52832_xxaa/id_manager.c.o
                0x000000000002b9fc                im_ble_addr_get
 .text.im_master_ids_compare
                0x000000000002ba4c       0x44 _build/nrf52832_xxaa/id_manager.c.o
                0x000000000002ba4c                im_master_ids_compare
 .text.im_peer_id_get_by_master_id
                0x000000000002ba90       0xf0 _build/nrf52832_xxaa/id_manager.c.o
                0x000000000002ba90                im_peer_id_get_by_master_id
 .text.im_conn_handle_get
                0x000000000002bb80       0x38 _build/nrf52832_xxaa/id_manager.c.o
                0x000000000002bb80                im_conn_handle_get
 .text.im_new_peer_id
                0x000000000002bbb8       0x3c _build/nrf52832_xxaa/id_manager.c.o
                0x000000000002bbb8                im_new_peer_id
 .text.im_peer_free
                0x000000000002bbf4       0x7c _build/nrf52832_xxaa/id_manager.c.o
                0x000000000002bbf4                im_peer_free
 .text.sd_ble_gap_data_length_update
                0x000000000002bc70        0x4 _build/nrf52832_xxaa/nrf_ble_gatt.c.o
 .text.sd_ble_gattc_exchange_mtu_request
                0x000000000002bc74        0x4 _build/nrf52832_xxaa/nrf_ble_gatt.c.o
 .text.sd_ble_gatts_exchange_mtu_reply
                0x000000000002bc78        0x4 _build/nrf52832_xxaa/nrf_ble_gatt.c.o
 .text.nrf_ble_gatt_init
                0x000000000002bc7c       0x2c _build/nrf52832_xxaa/nrf_ble_gatt.c.o
                0x000000000002bc7c                nrf_ble_gatt_init
 .text.nrf_ble_gatt_on_ble_evt
                0x000000000002bca8      0x1f0 _build/nrf52832_xxaa/nrf_ble_gatt.c.o
                0x000000000002bca8                nrf_ble_gatt_on_ble_evt
 .text.peer_data_delete
                0x000000000002be98       0x98 _build/nrf52832_xxaa/peer_data_storage.c.o
 .text.fds_evt_handler
                0x000000000002bf30       0xfc _build/nrf52832_xxaa/peer_data_storage.c.o
 .text.pds_init
                0x000000000002c02c       0x6c _build/nrf52832_xxaa/peer_data_storage.c.o
                0x000000000002c02c                pds_init
 .text.pds_peer_data_read
                0x000000000002c098       0x84 _build/nrf52832_xxaa/peer_data_storage.c.o
                0x000000000002c098                pds_peer_data_read
 .text.pds_peer_data_iterate_prepare
                0x000000000002c11c       0x10 _build/nrf52832_xxaa/peer_data_storage.c.o
                0x000000000002c11c                pds_peer_data_iterate_prepare
 .text.pds_peer_data_iterate
                0x000000000002c12c       0x5c _build/nrf52832_xxaa/peer_data_storage.c.o
                0x000000000002c12c                pds_peer_data_iterate
 .text.pds_space_reserve
                0x000000000002c188       0x30 _build/nrf52832_xxaa/peer_data_storage.c.o
                0x000000000002c188                pds_space_reserve
 .text.pds_space_reserve_cancel
                0x000000000002c1b8       0x20 _build/nrf52832_xxaa/peer_data_storage.c.o
                0x000000000002c1b8                pds_space_reserve_cancel
 .text.pds_peer_data_store
                0x000000000002c1d8       0xc0 _build/nrf52832_xxaa/peer_data_storage.c.o
                0x000000000002c1d8                pds_peer_data_store
 .text.pds_peer_id_allocate
                0x000000000002c298        0x8 _build/nrf52832_xxaa/peer_data_storage.c.o
                0x000000000002c298                pds_peer_id_allocate
 .text.pds_peer_id_free
                0x000000000002c2a0       0x18 _build/nrf52832_xxaa/peer_data_storage.c.o
                0x000000000002c2a0                pds_peer_id_free
 .text.pds_peer_id_is_allocated
                0x000000000002c2b8        0x4 _build/nrf52832_xxaa/peer_data_storage.c.o
                0x000000000002c2b8                pds_peer_id_is_allocated
 .text.pds_next_peer_id_get
                0x000000000002c2bc        0x4 _build/nrf52832_xxaa/peer_data_storage.c.o
                0x000000000002c2bc                pds_next_peer_id_get
 .text.pds_next_deleted_peer_id_get
                0x000000000002c2c0        0x4 _build/nrf52832_xxaa/peer_data_storage.c.o
                0x000000000002c2c0                pds_next_deleted_peer_id_get
 .text.write_buf_store
                0x000000000002c2c4       0xe0 _build/nrf52832_xxaa/peer_database.c.o
                0x000000000002c2c4                write_buf_store
 .text.pdb_pds_evt_handler
                0x000000000002c3a4      0x140 _build/nrf52832_xxaa/peer_database.c.o
                0x000000000002c3a4                pdb_pds_evt_handler
 .text.pdb_init
                0x000000000002c4e4       0x74 _build/nrf52832_xxaa/peer_database.c.o
                0x000000000002c4e4                pdb_init
 .text.pdb_peer_allocate
                0x000000000002c558        0x4 _build/nrf52832_xxaa/peer_database.c.o
                0x000000000002c558                pdb_peer_allocate
 .text.pdb_peer_free
                0x000000000002c55c      0x118 _build/nrf52832_xxaa/peer_database.c.o
                0x000000000002c55c                pdb_peer_free
 .text.pdb_peer_data_ptr_get
                0x000000000002c674        0x8 _build/nrf52832_xxaa/peer_database.c.o
                0x000000000002c674                pdb_peer_data_ptr_get
 .text.pdb_write_buf_get
                0x000000000002c67c      0x1cc _build/nrf52832_xxaa/peer_database.c.o
                0x000000000002c67c                pdb_write_buf_get
 .text.pdb_write_buf_release
                0x000000000002c848       0xb8 _build/nrf52832_xxaa/peer_database.c.o
                0x000000000002c848                pdb_write_buf_release
 .text.pdb_write_buf_store_prepare
                0x000000000002c900       0xbc _build/nrf52832_xxaa/peer_database.c.o
                0x000000000002c900                pdb_write_buf_store_prepare
 .text.pdb_write_buf_store
                0x000000000002c9bc       0x70 _build/nrf52832_xxaa/peer_database.c.o
                0x000000000002c9bc                pdb_write_buf_store
 .text.pdb_next_peer_id_get
                0x000000000002ca2c        0x4 _build/nrf52832_xxaa/peer_database.c.o
                0x000000000002ca2c                pdb_next_peer_id_get
 .text.pdb_next_deleted_peer_id_get
                0x000000000002ca30        0x4 _build/nrf52832_xxaa/peer_database.c.o
                0x000000000002ca30                pdb_next_deleted_peer_id_get
 .text.pdb_peer_data_load
                0x000000000002ca34       0x18 _build/nrf52832_xxaa/peer_database.c.o
                0x000000000002ca34                pdb_peer_data_load
 .text.pdb_raw_store
                0x000000000002ca4c        0x8 _build/nrf52832_xxaa/peer_database.c.o
                0x000000000002ca4c                pdb_raw_store
 .text.peer_id_init
                0x000000000002ca54       0x2c _build/nrf52832_xxaa/peer_id.c.o
                0x000000000002ca54                peer_id_init
 .text.peer_id_allocate
                0x000000000002ca80       0x38 _build/nrf52832_xxaa/peer_id.c.o
                0x000000000002ca80                peer_id_allocate
 .text.peer_id_delete
                0x000000000002cab8       0x24 _build/nrf52832_xxaa/peer_id.c.o
                0x000000000002cab8                peer_id_delete
 .text.peer_id_free
                0x000000000002cadc       0x28 _build/nrf52832_xxaa/peer_id.c.o
                0x000000000002cadc                peer_id_free
 .text.peer_id_is_allocated
                0x000000000002cb04       0x14 _build/nrf52832_xxaa/peer_id.c.o
                0x000000000002cb04                peer_id_is_allocated
 .text.peer_id_get_next_used
                0x000000000002cb18       0x70 _build/nrf52832_xxaa/peer_id.c.o
                0x000000000002cb18                peer_id_get_next_used
 .text.peer_id_get_next_deleted
                0x000000000002cb88       0x40 _build/nrf52832_xxaa/peer_id.c.o
                0x000000000002cb88                peer_id_get_next_deleted
 .text.ble_evt_handler
                0x000000000002cbc8       0x24 _build/nrf52832_xxaa/peer_manager.c.o
 .text.rank_vars_update
                0x000000000002cbec       0xa8 _build/nrf52832_xxaa/peer_manager.c.o
 .text.pm_pdb_evt_handler
                0x000000000002cc94      0x1bc _build/nrf52832_xxaa/peer_manager.c.o
                0x000000000002cc94                pm_pdb_evt_handler
 .text.pm_sm_evt_handler
                0x000000000002ce50       0x50 _build/nrf52832_xxaa/peer_manager.c.o
                0x000000000002ce50                pm_sm_evt_handler
 .text.pm_gcm_evt_handler
                0x000000000002cea0       0x28 _build/nrf52832_xxaa/peer_manager.c.o
                0x000000000002cea0                pm_gcm_evt_handler
 .text.pm_im_evt_handler
                0x000000000002cec8       0x40 _build/nrf52832_xxaa/peer_manager.c.o
                0x000000000002cec8                pm_im_evt_handler
 .text.pm_init  0x000000000002cf08       0x70 _build/nrf52832_xxaa/peer_manager.c.o
                0x000000000002cf08                pm_init
 .text.pm_register
                0x000000000002cf78       0x38 _build/nrf52832_xxaa/peer_manager.c.o
                0x000000000002cf78                pm_register
 .text.pm_sec_params_set
                0x000000000002cfb0       0x14 _build/nrf52832_xxaa/peer_manager.c.o
                0x000000000002cfb0                pm_sec_params_set
 .text.pm_conn_sec_config_reply
                0x000000000002cfc4        0x8 _build/nrf52832_xxaa/peer_manager.c.o
                0x000000000002cfc4                pm_conn_sec_config_reply
 .text.pm_local_database_has_changed
                0x000000000002cfcc       0x10 _build/nrf52832_xxaa/peer_manager.c.o
                0x000000000002cfcc                pm_local_database_has_changed
 .text.pm_peers_delete
                0x000000000002cfdc       0x9c _build/nrf52832_xxaa/peer_manager.c.o
                0x000000000002cfdc                pm_peers_delete
 .text.pm_buffer_init
                0x000000000002d078       0x40 _build/nrf52832_xxaa/pm_buffer.c.o
                0x000000000002d078                pm_buffer_init
 .text.pm_buffer_block_acquire
                0x000000000002d0b8       0x90 _build/nrf52832_xxaa/pm_buffer.c.o
                0x000000000002d0b8                pm_buffer_block_acquire
 .text.pm_buffer_ptr_get
                0x000000000002d148       0x30 _build/nrf52832_xxaa/pm_buffer.c.o
                0x000000000002d148                pm_buffer_ptr_get
 .text.pm_buffer_release
                0x000000000002d178       0x30 _build/nrf52832_xxaa/pm_buffer.c.o
                0x000000000002d178                pm_buffer_release
 .text.pm_mutex_init
                0x000000000002d1a8       0x10 _build/nrf52832_xxaa/pm_mutex.c.o
                0x000000000002d1a8                pm_mutex_init
 .text.pm_mutex_lock
                0x000000000002d1b8       0x54 _build/nrf52832_xxaa/pm_mutex.c.o
                0x000000000002d1b8                pm_mutex_lock
 .text.pm_mutex_unlock
                0x000000000002d20c       0x40 _build/nrf52832_xxaa/pm_mutex.c.o
                0x000000000002d20c                pm_mutex_unlock
 .text.pm_mutex_lock_first_available
                0x000000000002d24c       0x78 _build/nrf52832_xxaa/pm_mutex.c.o
                0x000000000002d24c                pm_mutex_lock_first_available
 .text.pm_mutex_lock_status_get
                0x000000000002d2c4       0x20 _build/nrf52832_xxaa/pm_mutex.c.o
                0x000000000002d2c4                pm_mutex_lock_status_get
 .text.sd_ble_gap_authenticate
                0x000000000002d2e4        0x4 _build/nrf52832_xxaa/security_dispatcher.c.o
 .text.sd_ble_gap_sec_params_reply
                0x000000000002d2e8        0x4 _build/nrf52832_xxaa/security_dispatcher.c.o
 .text.sd_ble_gap_sec_info_reply
                0x000000000002d2ec        0x4 _build/nrf52832_xxaa/security_dispatcher.c.o
 .text.smd_conn_sec_config_reply
                0x000000000002d2f0       0x10 _build/nrf52832_xxaa/security_dispatcher.c.o
                0x000000000002d2f0                smd_conn_sec_config_reply
 .text.smd_init
                0x000000000002d300       0x98 _build/nrf52832_xxaa/security_dispatcher.c.o
                0x000000000002d300                smd_init
 .text.smd_params_reply
                0x000000000002d398      0x1c0 _build/nrf52832_xxaa/security_dispatcher.c.o
                0x000000000002d398                smd_params_reply
 .text.smd_link_secure
                0x000000000002d558       0x28 _build/nrf52832_xxaa/security_dispatcher.c.o
                0x000000000002d558                smd_link_secure
 .text.smd_ble_evt_handler
                0x000000000002d580      0x6a0 _build/nrf52832_xxaa/security_dispatcher.c.o
                0x000000000002d580                smd_ble_evt_handler
 .text.link_secure
                0x000000000002dc20      0x198 _build/nrf52832_xxaa/security_manager.c.o
 .text.smd_params_reply_perform
                0x000000000002ddb8      0x160 _build/nrf52832_xxaa/security_manager.c.o
 .text.sm_smd_evt_handler
                0x000000000002df18      0x1ac _build/nrf52832_xxaa/security_manager.c.o
                0x000000000002df18                sm_smd_evt_handler
 .text.sm_pdb_evt_handler
                0x000000000002e0c4      0x184 _build/nrf52832_xxaa/security_manager.c.o
                0x000000000002e0c4                sm_pdb_evt_handler
 .text.sm_init  0x000000000002e248       0xa4 _build/nrf52832_xxaa/security_manager.c.o
                0x000000000002e248                sm_init
 .text.sm_ble_evt_handler
                0x000000000002e2ec       0x80 _build/nrf52832_xxaa/security_manager.c.o
                0x000000000002e2ec                sm_ble_evt_handler
 .text.sm_sec_params_set
                0x000000000002e36c       0x88 _build/nrf52832_xxaa/security_manager.c.o
                0x000000000002e36c                sm_sec_params_set
 .text.sm_conn_sec_config_reply
                0x000000000002e3f4        0x4 _build/nrf52832_xxaa/security_manager.c.o
                0x000000000002e3f4                sm_conn_sec_config_reply
 .text          0x000000000002e3f8       0x3c _build/nrf52832_xxaa/gcc_startup_nrf52.S.o
                0x000000000002e3f8                Reset_Handler
                0x000000000002e420                NMI_Handler
                0x000000000002e422                HardFault_Handler
                0x000000000002e424                MemoryManagement_Handler
                0x000000000002e426                BusFault_Handler
                0x000000000002e428                UsageFault_Handler
                0x000000000002e42a                SVC_Handler
                0x000000000002e42c                DebugMon_Handler
                0x000000000002e42e                PendSV_Handler
                0x000000000002e430                SysTick_Handler
                0x000000000002e432                TIMER2_IRQHandler
                0x000000000002e432                RTC0_IRQHandler
                0x000000000002e432                PWM1_IRQHandler
                0x000000000002e432                RADIO_IRQHandler
                0x000000000002e432                PDM_IRQHandler
                0x000000000002e432                TEMP_IRQHandler
                0x000000000002e432                QDEC_IRQHandler
                0x000000000002e432                TIMER3_IRQHandler
                0x000000000002e432                FPU_IRQHandler
                0x000000000002e432                SPIM0_SPIS0_TWIM0_TWIS0_SPI0_TWI0_IRQHandler
                0x000000000002e432                TIMER4_IRQHandler
                0x000000000002e432                I2S_IRQHandler
                0x000000000002e432                SWI4_EGU4_IRQHandler
                0x000000000002e432                TIMER0_IRQHandler
                0x000000000002e432                TIMER1_IRQHandler
                0x000000000002e432                PWM2_IRQHandler
                0x000000000002e432                ECB_IRQHandler
                0x000000000002e432                SPIM1_SPIS1_TWIM1_TWIS1_SPI1_TWI1_IRQHandler
                0x000000000002e432                Default_Handler
                0x000000000002e432                SAADC_IRQHandler
                0x000000000002e432                CCM_AAR_IRQHandler
                0x000000000002e432                WDT_IRQHandler
                0x000000000002e432                SWI5_EGU5_IRQHandler
                0x000000000002e432                RNG_IRQHandler
                0x000000000002e432                RTC2_IRQHandler
                0x000000000002e432                PWM0_IRQHandler
                0x000000000002e432                SWI3_EGU3_IRQHandler
                0x000000000002e432                SWI1_EGU1_IRQHandler
                0x000000000002e432                SPIM2_SPIS2_SPI2_IRQHandler
                0x000000000002e432                NFCT_IRQHandler
                0x000000000002e432                MWU_IRQHandler
                0x000000000002e432                COMP_LPCOMP_IRQHandler
 .text.SystemInit
                0x000000000002e434      0x384 _build/nrf52832_xxaa/system_nrf52.c.o
                0x000000000002e434                SystemInit
 .text.sd_softdevice_enable
                0x000000000002e7b8        0x4 _build/nrf52832_xxaa/nrf_sdh.c.o
 .text.sd_softdevice_disable
                0x000000000002e7bc        0x4 _build/nrf52832_xxaa/nrf_sdh.c.o
 .text.nrf_sdh_enable_request
                0x000000000002e7c0      0x108 _build/nrf52832_xxaa/nrf_sdh.c.o
                0x000000000002e7c0                nrf_sdh_enable_request
 .text.nrf_sdh_request_continue
                0x000000000002e8c8       0xd0 _build/nrf52832_xxaa/nrf_sdh.c.o
                0x000000000002e8c8                nrf_sdh_request_continue
 .text.nrf_sdh_is_enabled
                0x000000000002e998        0xc _build/nrf52832_xxaa/nrf_sdh.c.o
                0x000000000002e998                nrf_sdh_is_enabled
 .text.SWI2_EGU2_IRQHandler
                0x000000000002e9a4       0x2c _build/nrf52832_xxaa/nrf_sdh.c.o
                0x000000000002e9a4                SWI2_EGU2_IRQHandler
 .text.sd_ble_enable
                0x000000000002e9d0        0x4 _build/nrf52832_xxaa/nrf_sdh_ble.c.o
 .text.sd_ble_cfg_set
                0x000000000002e9d4        0x4 _build/nrf52832_xxaa/nrf_sdh_ble.c.o
 .text.sd_ble_evt_get
                0x000000000002e9d8        0x4 _build/nrf52832_xxaa/nrf_sdh_ble.c.o
 .text.nrf_sdh_ble_evts_poll
                0x000000000002e9dc       0x4c _build/nrf52832_xxaa/nrf_sdh_ble.c.o
 .text.nrf_sdh_ble_default_cfg_set
                0x000000000002ea28      0x164 _build/nrf52832_xxaa/nrf_sdh_ble.c.o
                0x000000000002ea28                nrf_sdh_ble_default_cfg_set
 .text.nrf_sdh_ble_enable
                0x000000000002eb8c       0x74 _build/nrf52832_xxaa/nrf_sdh_ble.c.o
                0x000000000002eb8c                nrf_sdh_ble_enable
 .text.sd_evt_get
                0x000000000002ec00        0x4 _build/nrf52832_xxaa/nrf_sdh_soc.c.o
 .text.nrf_sdh_soc_evts_poll
                0x000000000002ec04       0x4c _build/nrf52832_xxaa/nrf_sdh_soc.c.o
 .text.exit     0x000000000002ec50       0x28 /home/rob/nrf52/gcc-arm-none-eabi-7-2017-q4-major/bin/../lib/gcc/arm-none-eabi/7.2.1/../../../../arm-none-eabi/lib/thumb/v7e-m/fpv4-sp/hard/libc_nano.a(lib_a-exit.o)
                0x000000000002ec50                exit
 .text.__libc_init_array
                0x000000000002ec78       0x48 /home/rob/nrf52/gcc-arm-none-eabi-7-2017-q4-major/bin/../lib/gcc/arm-none-eabi/7.2.1/../../../../arm-none-eabi/lib/thumb/v7e-m/fpv4-sp/hard/libc_nano.a(lib_a-init.o)
                0x000000000002ec78                __libc_init_array
 .text.__locale_ctype_ptr
                0x000000000002ecc0       0x1c /home/rob/nrf52/gcc-arm-none-eabi-7-2017-q4-major/bin/../lib/gcc/arm-none-eabi/7.2.1/../../../../arm-none-eabi/lib/thumb/v7e-m/fpv4-sp/hard/libc_nano.a(lib_a-locale.o)
                0x000000000002ecc0                __locale_ctype_ptr
 .text.__ascii_mbtowc
                0x000000000002ecdc       0x24 /home/rob/nrf52/gcc-arm-none-eabi-7-2017-q4-major/bin/../lib/gcc/arm-none-eabi/7.2.1/../../../../arm-none-eabi/lib/thumb/v7e-m/fpv4-sp/hard/libc_nano.a(lib_a-mbtowc_r.o)
                0x000000000002ecdc                __ascii_mbtowc
 .text.memcmp   0x000000000002ed00       0x1e /home/rob/nrf52/gcc-arm-none-eabi-7-2017-q4-major/bin/../lib/gcc/arm-none-eabi/7.2.1/../../../../arm-none-eabi/lib/thumb/v7e-m/fpv4-sp/hard/libc_nano.a(lib_a-memcmp.o)
                0x000000000002ed00                memcmp
 .text.memcpy   0x000000000002ed1e       0x16 /home/rob/nrf52/gcc-arm-none-eabi-7-2017-q4-major/bin/../lib/gcc/arm-none-eabi/7.2.1/../../../../arm-none-eabi/lib/thumb/v7e-m/fpv4-sp/hard/libc_nano.a(lib_a-memcpy-stub.o)
                0x000000000002ed1e                memcpy
 .text.memset   0x000000000002ed34       0x10 /home/rob/nrf52/gcc-arm-none-eabi-7-2017-q4-major/bin/../lib/gcc/arm-none-eabi/7.2.1/../../../../arm-none-eabi/lib/thumb/v7e-m/fpv4-sp/hard/libc_nano.a(lib_a-memset.o)
                0x000000000002ed34                memset
 .text          0x000000000002ed44       0x10 /home/rob/nrf52/gcc-arm-none-eabi-7-2017-q4-major/bin/../lib/gcc/arm-none-eabi/7.2.1/../../../../arm-none-eabi/lib/thumb/v7e-m/fpv4-sp/hard/libc_nano.a(lib_a-strlen.o)
                0x000000000002ed44                strlen
 .text.__ascii_wctomb
                0x000000000002ed54       0x1a /home/rob/nrf52/gcc-arm-none-eabi-7-2017-q4-major/bin/../lib/gcc/arm-none-eabi/7.2.1/../../../../arm-none-eabi/lib/thumb/v7e-m/fpv4-sp/hard/libc_nano.a(lib_a-wctomb_r.o)
                0x000000000002ed54                __ascii_wctomb
 *fill*         0x000000000002ed6e        0x2 
 .text._exit    0x000000000002ed70        0x4 /home/rob/nrf52/gcc-arm-none-eabi-7-2017-q4-major/bin/../lib/gcc/arm-none-eabi/7.2.1/../../../../arm-none-eabi/lib/thumb/v7e-m/fpv4-sp/hard/libnosys.a(_exit.o)
                0x000000000002ed70                _exit
 .text          0x000000000002ed74       0x30 /home/rob/nrf52/gcc-arm-none-eabi-7-2017-q4-major/bin/../lib/gcc/arm-none-eabi/7.2.1/thumb/v7e-m/fpv4-sp/hard/libgcc.a(_aeabi_uldivmod.o)
                0x000000000002ed74                __aeabi_uldivmod
 .text          0x000000000002eda4      0x2cc /home/rob/nrf52/gcc-arm-none-eabi-7-2017-q4-major/bin/../lib/gcc/arm-none-eabi/7.2.1/thumb/v7e-m/fpv4-sp/hard/libgcc.a(_udivmoddi4.o)
                0x000000000002eda4                __udivmoddi4
 .text          0x000000000002f070        0x4 /home/rob/nrf52/gcc-arm-none-eabi-7-2017-q4-major/bin/../lib/gcc/arm-none-eabi/7.2.1/thumb/v7e-m/fpv4-sp/hard/libgcc.a(_dvmd_tls.o)
                0x000000000002f070                __aeabi_ldiv0
                0x000000000002f070                __aeabi_idiv0
 *(.init)
 .init          0x000000000002f074        0x4 /home/rob/nrf52/gcc-arm-none-eabi-7-2017-q4-major/bin/../lib/gcc/arm-none-eabi/7.2.1/thumb/v7e-m/fpv4-sp/hard/crti.o
                0x000000000002f074                _init
 .init          0x000000000002f078        0x8 /home/rob/nrf52/gcc-arm-none-eabi-7-2017-q4-major/bin/../lib/gcc/arm-none-eabi/7.2.1/thumb/v7e-m/fpv4-sp/hard/crtn.o
 *(.fini)
 .fini          0x000000000002f080        0x4 /home/rob/nrf52/gcc-arm-none-eabi-7-2017-q4-major/bin/../lib/gcc/arm-none-eabi/7.2.1/thumb/v7e-m/fpv4-sp/hard/crti.o
                0x000000000002f080                _fini
 .fini          0x000000000002f084        0x8 /home/rob/nrf52/gcc-arm-none-eabi-7-2017-q4-major/bin/../lib/gcc/arm-none-eabi/7.2.1/thumb/v7e-m/fpv4-sp/hard/crtn.o
 *crtbegin.o(.ctors)
 *crtbegin?.o(.ctors)
 *(EXCLUDE_FILE(*crtend.o *crtend?.o) .ctors)
 *(SORT_BY_NAME(.ctors.*))
 *(.ctors)
 *crtbegin.o(.dtors)
 *crtbegin?.o(.dtors)
 *(EXCLUDE_FILE(*crtend.o *crtend?.o) .dtors)
 *(SORT_BY_NAME(.dtors.*))
 *(.dtors)
 *(.rodata*)
 .rodata        0x000000000002f08c       0x20 _build/nrf52832_xxaa/nrf_log_backend_uart.c.o
 .rodata.nrf_log_backend_uart_api
                0x000000000002f0ac        0xc _build/nrf52832_xxaa/nrf_log_backend_uart.c.o
                0x000000000002f0ac                nrf_log_backend_uart_api
 .rodata.mempool
                0x000000000002f0b8       0x14 _build/nrf52832_xxaa/nrf_log_frontend.c.o
 .rodata.str1.4
                0x000000000002f0cc        0x4 _build/nrf52832_xxaa/nrf_log_frontend.c.o
 .rodata.m_colors
                0x000000000002f0d0       0x24 _build/nrf52832_xxaa/nrf_log_str_formatter.c.o
 .rodata.nrf_log_hexdump_entry_process.str1.4
                0x000000000002f0f4       0x13 _build/nrf52832_xxaa/nrf_log_str_formatter.c.o
                                         0x16 (size before relaxing)
 *fill*         0x000000000002f107        0x1 
 .rodata.nrf_log_std_entry_process.str1.4
                0x000000000002f108       0x1b _build/nrf52832_xxaa/nrf_log_str_formatter.c.o
 *fill*         0x000000000002f123        0x1 
 .rodata.severity_names
                0x000000000002f124       0x14 _build/nrf52832_xxaa/nrf_log_str_formatter.c.o
 .rodata.str1.4
                0x000000000002f138       0x5e _build/nrf52832_xxaa/nrf_log_str_formatter.c.o
 *fill*         0x000000000002f196        0x2 
 .rodata.m_detection_delay_timer_id
                0x000000000002f198        0x4 _build/nrf52832_xxaa/app_button.c.o
 .rodata.app_error_fault_handler.str1.4
                0x000000000002f19c       0x19 _build/nrf52832_xxaa/app_error_weak.c.o
 *fill*         0x000000000002f1b5        0x3 
 .rodata.dirty_header.9024
                0x000000000002f1b8        0x4 _build/nrf52832_xxaa/fds.c.o
 .rodata.page_tag_data.8897
                0x000000000002f1bc        0x8 _build/nrf52832_xxaa/fds.c.o
 .rodata.page_tag_swap.8893
                0x000000000002f1c4        0x8 _build/nrf52832_xxaa/fds.c.o
 .rodata.str1.4
                0x000000000002f1cc        0x7 _build/nrf52832_xxaa/nrf_balloc.c.o
 *fill*         0x000000000002f1d3        0x1 
 .rodata._aV2C.7959
                0x000000000002f1d4       0x10 _build/nrf52832_xxaa/nrf_fprintf_format.c.o
 .rodata.m_flash_info
                0x000000000002f1e4        0xc _build/nrf52832_xxaa/nrf_fstorage_sd.c.o
 .rodata.nrf_fstorage_sd
                0x000000000002f1f0       0x20 _build/nrf52832_xxaa/nrf_fstorage_sd.c.o
                0x000000000002f1f0                nrf_fstorage_sd
 .rodata.str1.4
                0x000000000002f210        0x9 _build/nrf52832_xxaa/nrf_pwr_mgmt.c.o
 *fill*         0x000000000002f219        0x3 
 .rodata.m_unknown_str
                0x000000000002f21c       0x13 _build/nrf52832_xxaa/nrf_strerror.c.o
 *fill*         0x000000000002f22f        0x1 
 .rodata.nrf_strerror_array
                0x000000000002f230       0xf0 _build/nrf52832_xxaa/nrf_strerror.c.o
 .rodata.str1.4
                0x000000000002f320      0x308 _build/nrf52832_xxaa/nrf_strerror.c.o
 .rodata.m_board_btn_list
                0x000000000002f628        0x4 _build/nrf52832_xxaa/boards.c.o
 .rodata.m_board_led_list
                0x000000000002f62c        0x4 _build/nrf52832_xxaa/boards.c.o
 .rodata.str1.4
                0x000000000002f630        0x6 _build/nrf52832_xxaa/nrf_drv_clock.c.o
 *fill*         0x000000000002f636        0x2 
 .rodata.str1.4
                0x000000000002f638        0x7 _build/nrf52832_xxaa/nrf_drv_gpiote.c.o
 *fill*         0x000000000002f63f        0x1 
 .rodata.str1.4
                0x000000000002f640        0x5 _build/nrf52832_xxaa/nrf_drv_uart.c.o
 *fill*         0x000000000002f645        0x3 
 .rodata.app_buttons
                0x000000000002f648       0x20 _build/nrf52832_xxaa/bsp.c.o
 .rodata.m_alert_timer_id
                0x000000000002f668        0x4 _build/nrf52832_xxaa/bsp.c.o
 .rodata.m_button_timer_id
                0x000000000002f66c        0x4 _build/nrf52832_xxaa/bsp.c.o
 .rodata.m_leds_timer_id
                0x000000000002f670        0x4 _build/nrf52832_xxaa/bsp.c.o
 .rodata.ble_evt_handler.str1.4
                0x000000000002f674       0x1b _build/nrf52832_xxaa/main.c.o
 *fill*         0x000000000002f68f        0x1 
 .rodata.main.str1.4
                0x000000000002f690       0x39 _build/nrf52832_xxaa/main.c.o
 *fill*         0x000000000002f6c9        0x3 
 .rodata.on_adv_evt.str1.4
                0x000000000002f6cc       0x12 _build/nrf52832_xxaa/main.c.o
 *fill*         0x000000000002f6de        0x2 
 .rodata.pm_evt_handler.str1.4
                0x000000000002f6e0       0x6c _build/nrf52832_xxaa/main.c.o
 .rodata        0x000000000002f74c       0x10 _build/nrf52832_xxaa/gatts_cache_manager.c.o
 .rodata.service_changed_pending.9838
                0x000000000002f75c        0x4 _build/nrf52832_xxaa/gatts_cache_manager.c.o
 .rodata.service_changed_pending.9894
                0x000000000002f760        0x4 _build/nrf52832_xxaa/gatts_cache_manager.c.o
 .rodata.nrf_ble_gatt_on_ble_evt.str1.4
                0x000000000002f764      0x130 _build/nrf52832_xxaa/nrf_ble_gatt.c.o
 .rodata.str1.4
                0x000000000002f894        0x9 _build/nrf52832_xxaa/nrf_ble_gatt.c.o
 *fill*         0x000000000002f89d        0x3 
 .rodata        0x000000000002f8a0        0x4 _build/nrf52832_xxaa/nrf_sdh.c.o
 .rodata.sdh_req_observers
                0x000000000002f8a4        0xc _build/nrf52832_xxaa/nrf_sdh.c.o
 .rodata.sdh_stack_observers
                0x000000000002f8b0        0xc _build/nrf52832_xxaa/nrf_sdh.c.o
 .rodata.sdh_state_observers
                0x000000000002f8bc        0xc _build/nrf52832_xxaa/nrf_sdh.c.o
 .rodata.str1.4
                0x000000000002f8c8        0x8 _build/nrf52832_xxaa/nrf_sdh.c.o
 .rodata.nrf_sdh_ble_default_cfg_set.str1.4
                0x000000000002f8d0      0x187 _build/nrf52832_xxaa/nrf_sdh_ble.c.o
 *fill*         0x000000000002fa57        0x1 
 .rodata.nrf_sdh_ble_enable.str1.4
                0x000000000002fa58       0x71 _build/nrf52832_xxaa/nrf_sdh_ble.c.o
 *fill*         0x000000000002fac9        0x3 
 .rodata.sdh_ble_observers
                0x000000000002facc        0xc _build/nrf52832_xxaa/nrf_sdh_ble.c.o
 .rodata.str1.4
                0x000000000002fad8        0xc _build/nrf52832_xxaa/nrf_sdh_ble.c.o
 .rodata.sdh_soc_observers
                0x000000000002fae4        0xc _build/nrf52832_xxaa/nrf_sdh_soc.c.o
 .rodata.str1.4
                0x000000000002faf0        0xc _build/nrf52832_xxaa/nrf_sdh_soc.c.o
 .rodata._global_impure_ptr
                0x000000000002fafc        0x4 /home/rob/nrf52/gcc-arm-none-eabi-7-2017-q4-major/bin/../lib/gcc/arm-none-eabi/7.2.1/../../../../arm-none-eabi/lib/thumb/v7e-m/fpv4-sp/hard/libc_nano.a(lib_a-impure.o)
                0x000000000002fafc                _global_impure_ptr
 .rodata._setlocale_r.str1.1
                0x000000000002fb00        0x8 /home/rob/nrf52/gcc-arm-none-eabi-7-2017-q4-major/bin/../lib/gcc/arm-none-eabi/7.2.1/../../../../arm-none-eabi/lib/thumb/v7e-m/fpv4-sp/hard/libc_nano.a(lib_a-locale.o)
                                          0x9 (size before relaxing)
 .rodata.str1.1
                0x000000000002fb08        0x2 /home/rob/nrf52/gcc-arm-none-eabi-7-2017-q4-major/bin/../lib/gcc/arm-none-eabi/7.2.1/../../../../arm-none-eabi/lib/thumb/v7e-m/fpv4-sp/hard/libc_nano.a(lib_a-locale.o)
 .rodata._ctype_
                0x000000000002fb0a      0x101 /home/rob/nrf52/gcc-arm-none-eabi-7-2017-q4-major/bin/../lib/gcc/arm-none-eabi/7.2.1/../../../../arm-none-eabi/lib/thumb/v7e-m/fpv4-sp/hard/libc_nano.a(lib_a-ctype_.o)
                0x000000000002fb0a                _ctype_
 *(.eh_frame*)
 *fill*         0x000000000002fc0b        0x1 
 .eh_frame      0x000000000002fc0c        0x0 /home/rob/nrf52/gcc-arm-none-eabi-7-2017-q4-major/bin/../lib/gcc/arm-none-eabi/7.2.1/thumb/v7e-m/fpv4-sp/hard/crtbegin.o
 .eh_frame      0x000000000002fc0c        0x4 /home/rob/nrf52/gcc-arm-none-eabi-7-2017-q4-major/bin/../lib/gcc/arm-none-eabi/7.2.1/thumb/v7e-m/fpv4-sp/hard/crtend.o

.glue_7         0x000000000002fc10        0x0
 .glue_7        0x000000000002fc10        0x0 linker stubs

.glue_7t        0x000000000002fc10        0x0
 .glue_7t       0x000000000002fc10        0x0 linker stubs

.vfp11_veneer   0x000000000002fc10        0x0
 .vfp11_veneer  0x000000000002fc10        0x0 linker stubs

.v4_bx          0x000000000002fc10        0x0
 .v4_bx         0x000000000002fc10        0x0 linker stubs

.iplt           0x000000000002fc10        0x0
 .iplt          0x000000000002fc10        0x0 /home/rob/nrf52/gcc-arm-none-eabi-7-2017-q4-major/bin/../lib/gcc/arm-none-eabi/7.2.1/thumb/v7e-m/fpv4-sp/hard/crtbegin.o

.mem_section_dummy_rom

.sdh_soc_observers
                0x000000000002fc10       0x18
                0x000000000002fc10                PROVIDE (__start_sdh_soc_observers, .)
 *(SORT_BY_NAME(.sdh_soc_observers*))
 .sdh_soc_observers0
                0x000000000002fc10        0x8 _build/nrf52832_xxaa/nrf_fstorage_sd.c.o
 .sdh_soc_observers0
                0x000000000002fc18        0x8 _build/nrf52832_xxaa/nrf_drv_clock.c.o
 .sdh_soc_observers1
                0x000000000002fc20        0x8 _build/nrf52832_xxaa/main.c.o
                0x000000000002fc28                PROVIDE (__stop_sdh_soc_observers, .)

.pwr_mgmt_data  0x000000000002fc28        0x0
                0x000000000002fc28                PROVIDE (__start_pwr_mgmt_data, .)
 *(SORT_BY_NAME(.pwr_mgmt_data*))
                0x000000000002fc28                PROVIDE (__stop_pwr_mgmt_data, .)

.sdh_ble_observers
                0x000000000002fc28       0x38
                0x000000000002fc28                PROVIDE (__start_sdh_ble_observers, .)
 *(SORT_BY_NAME(.sdh_ble_observers*))
 .sdh_ble_observers0
                0x000000000002fc28        0x8 _build/nrf52832_xxaa/ble_conn_state.c.o
 .sdh_ble_observers1
                0x000000000002fc30        0x8 _build/nrf52832_xxaa/bsp_btn_ble.c.o
 .sdh_ble_observers1
                0x000000000002fc38       0x10 _build/nrf52832_xxaa/main.c.o
 .sdh_ble_observers1
                0x000000000002fc48        0x8 _build/nrf52832_xxaa/ble_conn_params.c.o
 .sdh_ble_observers1
                0x000000000002fc50        0x8 _build/nrf52832_xxaa/peer_manager.c.o
 .sdh_ble_observers3
                0x000000000002fc58        0x8 _build/nrf52832_xxaa/main.c.o
                0x000000000002fc60                PROVIDE (__stop_sdh_ble_observers, .)

.log_const_data
                0x000000000002fc60       0x50
                0x000000000002fc60                PROVIDE (__start_log_const_data, .)
 *(SORT_BY_NAME(.log_const_data*))
 .log_const_data_app
                0x000000000002fc60        0x8 _build/nrf52832_xxaa/nrf_log_frontend.c.o
                0x000000000002fc60                m_nrf_log_app_logs_data_const
 .log_const_data_balloc
                0x000000000002fc68        0x8 _build/nrf52832_xxaa/nrf_balloc.c.o
                0x000000000002fc68                m_nrf_log_balloc_logs_data_const
 .log_const_data_ble_gatt
                0x000000000002fc70        0x8 _build/nrf52832_xxaa/nrf_ble_gatt.c.o
                0x000000000002fc70                m_nrf_log_ble_gatt_logs_data_const
 .log_const_data_clock
                0x000000000002fc78        0x8 _build/nrf52832_xxaa/nrf_drv_clock.c.o
                0x000000000002fc78                m_nrf_log_clock_logs_data_const
 .log_const_data_gpiote
                0x000000000002fc80        0x8 _build/nrf52832_xxaa/nrf_drv_gpiote.c.o
                0x000000000002fc80                m_nrf_log_gpiote_logs_data_const
 .log_const_data_nrf_sdh
                0x000000000002fc88        0x8 _build/nrf52832_xxaa/nrf_sdh.c.o
                0x000000000002fc88                m_nrf_log_nrf_sdh_logs_data_const
 .log_const_data_nrf_sdh_ble
                0x000000000002fc90        0x8 _build/nrf52832_xxaa/nrf_sdh_ble.c.o
                0x000000000002fc90                m_nrf_log_nrf_sdh_ble_logs_data_const
 .log_const_data_nrf_sdh_soc
                0x000000000002fc98        0x8 _build/nrf52832_xxaa/nrf_sdh_soc.c.o
                0x000000000002fc98                m_nrf_log_nrf_sdh_soc_logs_data_const
 .log_const_data_pwr_mgmt
                0x000000000002fca0        0x8 _build/nrf52832_xxaa/nrf_pwr_mgmt.c.o
                0x000000000002fca0                m_nrf_log_pwr_mgmt_logs_data_const
 .log_const_data_uart
                0x000000000002fca8        0x8 _build/nrf52832_xxaa/nrf_drv_uart.c.o
                0x000000000002fca8                m_nrf_log_uart_logs_data_const
                0x000000000002fcb0                PROVIDE (__stop_log_const_data, .)

.sdh_req_observers
                0x000000000002fcb0        0x8
                0x000000000002fcb0                PROVIDE (__start_sdh_req_observers, .)
 *(SORT_BY_NAME(.sdh_req_observers*))
 .sdh_req_observers0
                0x000000000002fcb0        0x8 _build/nrf52832_xxaa/nrf_fstorage_sd.c.o
                0x000000000002fcb0                m_req_obs
                0x000000000002fcb8                PROVIDE (__stop_sdh_req_observers, .)

.sdh_state_observers
                0x000000000002fcb8       0x10
                0x000000000002fcb8                PROVIDE (__start_sdh_state_observers, .)
 *(SORT_BY_NAME(.sdh_state_observers*))
 .sdh_state_observers0
                0x000000000002fcb8        0x8 _build/nrf52832_xxaa/nrf_fstorage_sd.c.o
 .sdh_state_observers0
                0x000000000002fcc0        0x8 _build/nrf52832_xxaa/nrf_drv_clock.c.o
                0x000000000002fcc8                PROVIDE (__stop_sdh_state_observers, .)

.sdh_stack_observers
                0x000000000002fcc8       0x10
                0x000000000002fcc8                PROVIDE (__start_sdh_stack_observers, .)
 *(SORT_BY_NAME(.sdh_stack_observers*))
 .sdh_stack_observers0
                0x000000000002fcc8        0x8 _build/nrf52832_xxaa/nrf_sdh_ble.c.o
 .sdh_stack_observers0
                0x000000000002fcd0        0x8 _build/nrf52832_xxaa/nrf_sdh_soc.c.o
                0x000000000002fcd8                PROVIDE (__stop_sdh_stack_observers, .)

.cli_command    0x000000000002fcd8        0x0
                [!provide]                        PROVIDE (__start_cli_command, .)
 *(.cli_command)
                [!provide]                        PROVIDE (__stop_cli_command, .)

.ARM.extab
 *(.ARM.extab* .gnu.linkonce.armextab.*)
                0x000000000002fcd8                __exidx_start = .

.ARM.exidx      0x000000000002fcd8        0x8
 *(.ARM.exidx* .gnu.linkonce.armexidx.*)
 .ARM.exidx     0x000000000002fcd8        0x8 /home/rob/nrf52/gcc-arm-none-eabi-7-2017-q4-major/bin/../lib/gcc/arm-none-eabi/7.2.1/../../../../arm-none-eabi/lib/thumb/v7e-m/fpv4-sp/hard/crt0.o
 .ARM.exidx     0x000000000002fce0        0x0 /home/rob/nrf52/gcc-arm-none-eabi-7-2017-q4-major/bin/../lib/gcc/arm-none-eabi/7.2.1/thumb/v7e-m/fpv4-sp/hard/libgcc.a(_udivmoddi4.o)
                                          0x8 (size before relaxing)
                0x000000000002fce0                __exidx_end = .
                0x000000000002fce0                __etext = .

.rel.dyn        0x000000000002fce0        0x0
 .rel.iplt      0x000000000002fce0        0x0 /home/rob/nrf52/gcc-arm-none-eabi-7-2017-q4-major/bin/../lib/gcc/arm-none-eabi/7.2.1/thumb/v7e-m/fpv4-sp/hard/crtbegin.o

.data           0x00000000200020e0      0x204 load address 0x000000000002fce0
                0x00000000200020e0                __data_start__ = .
 *(vtable)
 *(.data*)
 .data.m_uart   0x00000000200020e0        0x8 _build/nrf52832_xxaa/nrf_log_backend_uart.c.o
                0x00000000200020e0                m_uart
 .data.uart_log_backend
                0x00000000200020e8        0xc _build/nrf52832_xxaa/nrf_log_default_backends.c.o
 .data.m_adv_uuids
                0x00000000200020f4        0x4 _build/nrf52832_xxaa/main.c.o
 .data.m_conn_handle
                0x00000000200020f8        0x2 _build/nrf52832_xxaa/main.c.o
 .data.m_flag_allow_repairing
                0x00000000200020fa        0x1 _build/nrf52832_xxaa/security_dispatcher.c.o
 .data.m_flag_sec_proc
                0x00000000200020fb        0x1 _build/nrf52832_xxaa/security_dispatcher.c.o
 .data.m_flag_sec_proc_bonding
                0x00000000200020fc        0x1 _build/nrf52832_xxaa/security_dispatcher.c.o
 .data.m_flag_sec_proc_new_peer
                0x00000000200020fd        0x1 _build/nrf52832_xxaa/security_dispatcher.c.o
 .data.m_flag_sec_proc_pairing
                0x00000000200020fe        0x1 _build/nrf52832_xxaa/security_dispatcher.c.o
 .data.m_flag_link_secure_force_repairing
                0x00000000200020ff        0x1 _build/nrf52832_xxaa/security_manager.c.o
 .data.m_flag_link_secure_null_params
                0x0000000020002100        0x1 _build/nrf52832_xxaa/security_manager.c.o
 .data.m_flag_link_secure_pending_busy
                0x0000000020002101        0x1 _build/nrf52832_xxaa/security_manager.c.o
 .data.m_flag_link_secure_pending_flash_full
                0x0000000020002102        0x1 _build/nrf52832_xxaa/security_manager.c.o
 .data.m_flag_params_reply_pending_busy
                0x0000000020002103        0x1 _build/nrf52832_xxaa/security_manager.c.o
 .data.m_flag_params_reply_pending_flash_full
                0x0000000020002104        0x1 _build/nrf52832_xxaa/security_manager.c.o
 *fill*         0x0000000020002105        0x3 
 .data.SystemCoreClock
                0x0000000020002108        0x4 _build/nrf52832_xxaa/system_nrf52.c.o
                0x0000000020002108                SystemCoreClock
 .data._impure_ptr
                0x000000002000210c        0x4 /home/rob/nrf52/gcc-arm-none-eabi-7-2017-q4-major/bin/../lib/gcc/arm-none-eabi/7.2.1/../../../../arm-none-eabi/lib/thumb/v7e-m/fpv4-sp/hard/libc_nano.a(lib_a-impure.o)
                0x000000002000210c                _impure_ptr
 .data.impure_data
                0x0000000020002110       0x60 /home/rob/nrf52/gcc-arm-none-eabi-7-2017-q4-major/bin/../lib/gcc/arm-none-eabi/7.2.1/../../../../arm-none-eabi/lib/thumb/v7e-m/fpv4-sp/hard/libc_nano.a(lib_a-impure.o)
 .data.__global_locale
                0x0000000020002170      0x16c /home/rob/nrf52/gcc-arm-none-eabi-7-2017-q4-major/bin/../lib/gcc/arm-none-eabi/7.2.1/../../../../arm-none-eabi/lib/thumb/v7e-m/fpv4-sp/hard/libc_nano.a(lib_a-locale.o)
                0x0000000020002170                __global_locale
                0x00000000200022dc                . = ALIGN (0x4)
                0x00000000200022dc                PROVIDE (__preinit_array_start, .)
 *(.preinit_array)
                0x00000000200022dc                PROVIDE (__preinit_array_end, .)
                0x00000000200022dc                . = ALIGN (0x4)
                0x00000000200022dc                PROVIDE (__init_array_start, .)
 *(SORT_BY_NAME(.init_array.*))
 *(.init_array)
 .init_array    0x00000000200022dc        0x4 /home/rob/nrf52/gcc-arm-none-eabi-7-2017-q4-major/bin/../lib/gcc/arm-none-eabi/7.2.1/thumb/v7e-m/fpv4-sp/hard/crtbegin.o
                0x00000000200022e0                PROVIDE (__init_array_end, .)
                0x00000000200022e0                . = ALIGN (0x4)
                [!provide]                        PROVIDE (__fini_array_start, .)
 *(SORT_BY_NAME(.fini_array.*))
 *(.fini_array)
 .fini_array    0x00000000200022e0        0x4 /home/rob/nrf52/gcc-arm-none-eabi-7-2017-q4-major/bin/../lib/gcc/arm-none-eabi/7.2.1/thumb/v7e-m/fpv4-sp/hard/crtbegin.o
                [!provide]                        PROVIDE (__fini_array_end, .)
 *(.jcr*)
                0x00000000200022e4                . = ALIGN (0x4)
                0x00000000200022e4                __data_end__ = .
LOAD /home/rob/nrf52/gcc-arm-none-eabi-7-2017-q4-major/bin/../lib/gcc/arm-none-eabi/7.2.1/thumb/v7e-m/fpv4-sp/hard/crti.o
LOAD /home/rob/nrf52/gcc-arm-none-eabi-7-2017-q4-major/bin/../lib/gcc/arm-none-eabi/7.2.1/thumb/v7e-m/fpv4-sp/hard/crtbegin.o
LOAD /home/rob/nrf52/gcc-arm-none-eabi-7-2017-q4-major/bin/../lib/gcc/arm-none-eabi/7.2.1/../../../../arm-none-eabi/lib/thumb/v7e-m/fpv4-sp/hard/crt0.o
LOAD _build/nrf52832_xxaa/nrf_log_backend_rtt.c.o
LOAD _build/nrf52832_xxaa/nrf_log_backend_serial.c.o
LOAD _build/nrf52832_xxaa/nrf_log_backend_uart.c.o
LOAD _build/nrf52832_xxaa/nrf_log_default_backends.c.o
LOAD _build/nrf52832_xxaa/nrf_log_frontend.c.o
LOAD _build/nrf52832_xxaa/nrf_log_str_formatter.c.o
LOAD _build/nrf52832_xxaa/app_button.c.o
LOAD _build/nrf52832_xxaa/app_error.c.o
LOAD _build/nrf52832_xxaa/app_error_weak.c.o
LOAD _build/nrf52832_xxaa/app_scheduler.c.o
LOAD _build/nrf52832_xxaa/app_timer.c.o
LOAD _build/nrf52832_xxaa/app_util_platform.c.o
LOAD _build/nrf52832_xxaa/crc16.c.o
LOAD _build/nrf52832_xxaa/fds.c.o
LOAD _build/nrf52832_xxaa/hardfault_implementation.c.o
LOAD _build/nrf52832_xxaa/nrf_assert.c.o
LOAD _build/nrf52832_xxaa/nrf_atfifo.c.o
LOAD _build/nrf52832_xxaa/nrf_balloc.c.o
LOAD _build/nrf52832_xxaa/nrf_fprintf.c.o
LOAD _build/nrf52832_xxaa/nrf_fprintf_format.c.o
LOAD _build/nrf52832_xxaa/nrf_fstorage.c.o
LOAD _build/nrf52832_xxaa/nrf_fstorage_sd.c.o
LOAD _build/nrf52832_xxaa/nrf_memobj.c.o
LOAD _build/nrf52832_xxaa/nrf_pwr_mgmt.c.o
LOAD _build/nrf52832_xxaa/nrf_section_iter.c.o
LOAD _build/nrf52832_xxaa/nrf_strerror.c.o
LOAD _build/nrf52832_xxaa/sdk_mapped_flags.c.o
LOAD _build/nrf52832_xxaa/sensorsim.c.o
LOAD _build/nrf52832_xxaa/boards.c.o
LOAD _build/nrf52832_xxaa/nrf_drv_clock.c.o
LOAD _build/nrf52832_xxaa/nrf_drv_common.c.o
LOAD _build/nrf52832_xxaa/nrf_drv_gpiote.c.o
LOAD _build/nrf52832_xxaa/nrf_drv_uart.c.o
LOAD _build/nrf52832_xxaa/bsp.c.o
LOAD _build/nrf52832_xxaa/bsp_btn_ble.c.o
LOAD _build/nrf52832_xxaa/bsp_nfc.c.o
LOAD _build/nrf52832_xxaa/main.c.o
LOAD _build/nrf52832_xxaa/SEGGER_RTT.c.o
LOAD _build/nrf52832_xxaa/SEGGER_RTT_Syscalls_GCC.c.o
LOAD _build/nrf52832_xxaa/SEGGER_RTT_printf.c.o
LOAD _build/nrf52832_xxaa/ble_advdata.c.o
LOAD _build/nrf52832_xxaa/ble_advertising.c.o
LOAD _build/nrf52832_xxaa/ble_conn_params.c.o
LOAD _build/nrf52832_xxaa/ble_conn_state.c.o
LOAD _build/nrf52832_xxaa/ble_srv_common.c.o
LOAD _build/nrf52832_xxaa/gatt_cache_manager.c.o
LOAD _build/nrf52832_xxaa/gatts_cache_manager.c.o
LOAD _build/nrf52832_xxaa/id_manager.c.o
LOAD _build/nrf52832_xxaa/nrf_ble_gatt.c.o
LOAD _build/nrf52832_xxaa/peer_data_storage.c.o
LOAD _build/nrf52832_xxaa/peer_database.c.o
LOAD _build/nrf52832_xxaa/peer_id.c.o
LOAD _build/nrf52832_xxaa/peer_manager.c.o
LOAD _build/nrf52832_xxaa/pm_buffer.c.o
LOAD _build/nrf52832_xxaa/pm_mutex.c.o
LOAD _build/nrf52832_xxaa/security_dispatcher.c.o
LOAD _build/nrf52832_xxaa/security_manager.c.o
LOAD _build/nrf52832_xxaa/gcc_startup_nrf52.S.o
LOAD _build/nrf52832_xxaa/system_nrf52.c.o
LOAD _build/nrf52832_xxaa/nrf_sdh.c.o
LOAD _build/nrf52832_xxaa/nrf_sdh_ble.c.o
LOAD _build/nrf52832_xxaa/nrf_sdh_soc.c.o
LOAD /home/rob/nrf52/gcc-arm-none-eabi-7-2017-q4-major/bin/../lib/gcc/arm-none-eabi/7.2.1/../../../../arm-none-eabi/lib/thumb/v7e-m/fpv4-sp/hard/libc_nano.a
LOAD /home/rob/nrf52/gcc-arm-none-eabi-7-2017-q4-major/bin/../lib/gcc/arm-none-eabi/7.2.1/../../../../arm-none-eabi/lib/thumb/v7e-m/fpv4-sp/hard/libnosys.a
LOAD /home/rob/nrf52/gcc-arm-none-eabi-7-2017-q4-major/bin/../lib/gcc/arm-none-eabi/7.2.1/../../../../arm-none-eabi/lib/thumb/v7e-m/fpv4-sp/hard/libm.a
START GROUP
LOAD /home/rob/nrf52/gcc-arm-none-eabi-7-2017-q4-major/bin/../lib/gcc/arm-none-eabi/7.2.1/thumb/v7e-m/fpv4-sp/hard/libgcc.a
LOAD /home/rob/nrf52/gcc-arm-none-eabi-7-2017-q4-major/bin/../lib/gcc/arm-none-eabi/7.2.1/../../../../arm-none-eabi/lib/thumb/v7e-m/fpv4-sp/hard/libg_nano.a
LOAD /home/rob/nrf52/gcc-arm-none-eabi-7-2017-q4-major/bin/../lib/gcc/arm-none-eabi/7.2.1/../../../../arm-none-eabi/lib/thumb/v7e-m/fpv4-sp/hard/libc_nano.a
END GROUP
START GROUP
LOAD /home/rob/nrf52/gcc-arm-none-eabi-7-2017-q4-major/bin/../lib/gcc/arm-none-eabi/7.2.1/thumb/v7e-m/fpv4-sp/hard/libgcc.a
LOAD /home/rob/nrf52/gcc-arm-none-eabi-7-2017-q4-major/bin/../lib/gcc/arm-none-eabi/7.2.1/../../../../arm-none-eabi/lib/thumb/v7e-m/fpv4-sp/hard/libc_nano.a
END GROUP
LOAD /home/rob/nrf52/gcc-arm-none-eabi-7-2017-q4-major/bin/../lib/gcc/arm-none-eabi/7.2.1/thumb/v7e-m/fpv4-sp/hard/crtend.o
LOAD /home/rob/nrf52/gcc-arm-none-eabi-7-2017-q4-major/bin/../lib/gcc/arm-none-eabi/7.2.1/thumb/v7e-m/fpv4-sp/hard/crtn.o
START GROUP
LOAD /home/rob/nrf52/gcc-arm-none-eabi-7-2017-q4-major/bin/../lib/gcc/arm-none-eabi/7.2.1/thumb/v7e-m/fpv4-sp/hard/libgcc.a
LOAD /home/rob/nrf52/gcc-arm-none-eabi-7-2017-q4-major/bin/../lib/gcc/arm-none-eabi/7.2.1/../../../../arm-none-eabi/lib/thumb/v7e-m/fpv4-sp/hard/libc.a
LOAD /home/rob/nrf52/gcc-arm-none-eabi-7-2017-q4-major/bin/../lib/gcc/arm-none-eabi/7.2.1/../../../../arm-none-eabi/lib/thumb/v7e-m/fpv4-sp/hard/libnosys.a
END GROUP

.igot.plt       0x00000000200022e4        0x0 load address 0x000000000002fee4
 .igot.plt      0x00000000200022e4        0x0 /home/rob/nrf52/gcc-arm-none-eabi-7-2017-q4-major/bin/../lib/gcc/arm-none-eabi/7.2.1/thumb/v7e-m/fpv4-sp/hard/crtbegin.o
                0x00000000200022e4                . = ALIGN (0x4)

.mem_section_dummy_ram

.log_dynamic_data
                0x00000000200022e4       0x78 load address 0x000000000002fee4
                0x00000000200022e4                PROVIDE (__start_log_dynamic_data, .)
 *(SORT_BY_NAME(.log_dynamic_data*))
 .log_dynamic_data_app
                0x00000000200022e4        0xc _build/nrf52832_xxaa/nrf_log_frontend.c.o
                0x00000000200022e4                m_nrf_log_app_logs_data_dynamic
 .log_dynamic_data_balloc
                0x00000000200022f0        0xc _build/nrf52832_xxaa/nrf_balloc.c.o
                0x00000000200022f0                m_nrf_log_balloc_logs_data_dynamic
 .log_dynamic_data_ble_gatt
                0x00000000200022fc        0xc _build/nrf52832_xxaa/nrf_ble_gatt.c.o
                0x00000000200022fc                m_nrf_log_ble_gatt_logs_data_dynamic
 .log_dynamic_data_clock
                0x0000000020002308        0xc _build/nrf52832_xxaa/nrf_drv_clock.c.o
                0x0000000020002308                m_nrf_log_clock_logs_data_dynamic
 .log_dynamic_data_gpiote
                0x0000000020002314        0xc _build/nrf52832_xxaa/nrf_drv_gpiote.c.o
                0x0000000020002314                m_nrf_log_gpiote_logs_data_dynamic
 .log_dynamic_data_nrf_sdh
                0x0000000020002320        0xc _build/nrf52832_xxaa/nrf_sdh.c.o
                0x0000000020002320                m_nrf_log_nrf_sdh_logs_data_dynamic
 .log_dynamic_data_nrf_sdh_ble
                0x000000002000232c        0xc _build/nrf52832_xxaa/nrf_sdh_ble.c.o
                0x000000002000232c                m_nrf_log_nrf_sdh_ble_logs_data_dynamic
 .log_dynamic_data_nrf_sdh_soc
                0x0000000020002338        0xc _build/nrf52832_xxaa/nrf_sdh_soc.c.o
                0x0000000020002338                m_nrf_log_nrf_sdh_soc_logs_data_dynamic
 .log_dynamic_data_pwr_mgmt
                0x0000000020002344        0xc _build/nrf52832_xxaa/nrf_pwr_mgmt.c.o
                0x0000000020002344                m_nrf_log_pwr_mgmt_logs_data_dynamic
 .log_dynamic_data_uart
                0x0000000020002350        0xc _build/nrf52832_xxaa/nrf_drv_uart.c.o
                0x0000000020002350                m_nrf_log_uart_logs_data_dynamic
                [!provide]                        PROVIDE (__stop_log_dynamic_data, .)

.fs_data        0x000000002000235c       0x14 load address 0x000000000002ff5c
                0x000000002000235c                PROVIDE (__start_fs_data, .)
 *(.fs_data)
 .fs_data       0x000000002000235c       0x14 _build/nrf52832_xxaa/fds.c.o
                0x000000002000235c                m_fs
                0x0000000020002370                PROVIDE (__stop_fs_data, .)

.cli_sorted_cmd_ptrs
                0x0000000020002370        0x0
                [!provide]                        PROVIDE (__start_cli_sorted_cmd_ptrs, .)
 *(.cli_sorted_cmd_ptrs)
                [!provide]                        PROVIDE (__stop_cli_sorted_cmd_ptrs, .)

.bss            0x0000000020002370      0xe3c load address 0x000000000002ff70
                0x0000000020002370                . = ALIGN (0x4)
                0x0000000020002370                __bss_start__ = .
 *(.bss*)
 .bss           0x0000000020002370       0x1c /home/rob/nrf52/gcc-arm-none-eabi-7-2017-q4-major/bin/../lib/gcc/arm-none-eabi/7.2.1/thumb/v7e-m/fpv4-sp/hard/crtbegin.o
 .bss.m_async_mode
                0x000000002000238c        0x1 _build/nrf52832_xxaa/nrf_log_backend_uart.c.o
 *fill*         0x000000002000238d        0x3 
 .bss.m_string_buff
                0x0000000020002390       0x40 _build/nrf52832_xxaa/nrf_log_backend_uart.c.o
 .bss.m_xfer_done
                0x00000000200023d0        0x1 _build/nrf52832_xxaa/nrf_log_backend_uart.c.o
 *fill*         0x00000000200023d1        0x3 
 .bss.m_log_data
                0x00000000200023d4      0x420 _build/nrf52832_xxaa/nrf_log_frontend.c.o
 .bss.mempool_nrf_balloc_cb
                0x00000000200027f4        0x8 _build/nrf52832_xxaa/nrf_log_frontend.c.o
 .bss.mempool_nrf_balloc_pool_mem
                0x00000000200027fc       0xc0 _build/nrf52832_xxaa/nrf_log_frontend.c.o
 .bss.mempool_nrf_balloc_pool_stack
                0x00000000200028bc        0x8 _build/nrf52832_xxaa/nrf_log_frontend.c.o
 .bss.m_button_count
                0x00000000200028c4        0x1 _build/nrf52832_xxaa/app_button.c.o
 *fill*         0x00000000200028c5        0x3 
 .bss.m_detection_delay
                0x00000000200028c8        0x4 _build/nrf52832_xxaa/app_button.c.o
 .bss.m_detection_delay_timer_id_data
                0x00000000200028cc       0x20 _build/nrf52832_xxaa/app_button.c.o
 .bss.m_pin_state
                0x00000000200028ec        0x4 _build/nrf52832_xxaa/app_button.c.o
 .bss.m_pin_transition
                0x00000000200028f0        0x4 _build/nrf52832_xxaa/app_button.c.o
 .bss.mp_buttons
                0x00000000200028f4        0x4 _build/nrf52832_xxaa/app_button.c.o
 .bss.m_op_queue
                0x00000000200028f8      0x10c _build/nrf52832_xxaa/app_timer.c.o
 .bss.m_rtc1_reset
                0x0000000020002a04        0x1 _build/nrf52832_xxaa/app_timer.c.o
 .bss.m_rtc1_running
                0x0000000020002a05        0x1 _build/nrf52832_xxaa/app_timer.c.o
 *fill*         0x0000000020002a06        0x2 
 .bss.m_ticks_elapsed
                0x0000000020002a08        0x8 _build/nrf52832_xxaa/app_timer.c.o
 .bss.m_ticks_elapsed_q_read_ind
                0x0000000020002a10        0x1 _build/nrf52832_xxaa/app_timer.c.o
 .bss.m_ticks_elapsed_q_write_ind
                0x0000000020002a11        0x1 _build/nrf52832_xxaa/app_timer.c.o
 *fill*         0x0000000020002a12        0x2 
 .bss.m_ticks_latest
                0x0000000020002a14        0x4 _build/nrf52832_xxaa/app_timer.c.o
 .bss.mp_timer_id_head
                0x0000000020002a18        0x4 _build/nrf52832_xxaa/app_timer.c.o
 .bss.desc.9131
                0x0000000020002a1c        0xc _build/nrf52832_xxaa/fds.c.o
 .bss.m_cb_table
                0x0000000020002a28       0x10 _build/nrf52832_xxaa/fds.c.o
 .bss.m_flags   0x0000000020002a38        0x8 _build/nrf52832_xxaa/fds.c.o
 .bss.m_gc      0x0000000020002a40       0x10 _build/nrf52832_xxaa/fds.c.o
 .bss.m_iget_ctx.9168
                0x0000000020002a50        0x4 _build/nrf52832_xxaa/fds.c.o
 .bss.m_latest_rec_id
                0x0000000020002a54        0x4 _build/nrf52832_xxaa/fds.c.o
 .bss.m_p_cur_op.9167
                0x0000000020002a58        0x4 _build/nrf52832_xxaa/fds.c.o
 .bss.m_pages   0x0000000020002a5c       0x28 _build/nrf52832_xxaa/fds.c.o
 .bss.m_queue_data
                0x0000000020002a84       0x8c _build/nrf52832_xxaa/fds.c.o
 .bss.m_queue_inst
                0x0000000020002b10       0x10 _build/nrf52832_xxaa/fds.c.o
 .bss.m_queued_op_cnt
                0x0000000020002b20        0x4 _build/nrf52832_xxaa/fds.c.o
 .bss.m_swap_page
                0x0000000020002b24        0x8 _build/nrf52832_xxaa/fds.c.o
 .bss.m_users   0x0000000020002b2c        0x4 _build/nrf52832_xxaa/fds.c.o
 .bss.page.9132
                0x0000000020002b30        0x2 _build/nrf52832_xxaa/fds.c.o
 *fill*         0x0000000020002b32        0x2 
 .bss.tok.9038  0x0000000020002b34        0x8 _build/nrf52832_xxaa/fds.c.o
 .bss.m_fifo_data
                0x0000000020002b3c       0x8c _build/nrf52832_xxaa/nrf_fstorage_sd.c.o
 .bss.m_fifo_inst
                0x0000000020002bc8       0x10 _build/nrf52832_xxaa/nrf_fstorage_sd.c.o
 .bss.m_flags   0x0000000020002bd8       0x14 _build/nrf52832_xxaa/nrf_fstorage_sd.c.o
 .bss.m_iget_ctx
                0x0000000020002bec        0x4 _build/nrf52832_xxaa/nrf_fstorage_sd.c.o
 .bss.m_p_cur_op
                0x0000000020002bf0        0x4 _build/nrf52832_xxaa/nrf_fstorage_sd.c.o
 .bss.m_clock_cb
                0x0000000020002bf4       0x14 _build/nrf52832_xxaa/nrf_drv_clock.c.o
 .bss.m_cb      0x0000000020002c08       0x58 _build/nrf52832_xxaa/nrf_drv_gpiote.c.o
 .bss.m_cb      0x0000000020002c60       0x20 _build/nrf52832_xxaa/nrf_drv_uart.c.o
 .bss.current_long_push_pin_no.8552
                0x0000000020002c80        0x1 _build/nrf52832_xxaa/bsp.c.o
 .bss.m_alert_on
                0x0000000020002c81        0x1 _build/nrf52832_xxaa/bsp.c.o
 *fill*         0x0000000020002c82        0x2 
 .bss.m_alert_timer_id_data
                0x0000000020002c84       0x20 _build/nrf52832_xxaa/bsp.c.o
 .bss.m_button_timer_id_data
                0x0000000020002ca4       0x20 _build/nrf52832_xxaa/bsp.c.o
 .bss.m_events_list
                0x0000000020002cc4        0xc _build/nrf52832_xxaa/bsp.c.o
 .bss.m_indication_type
                0x0000000020002cd0        0x4 _build/nrf52832_xxaa/bsp.c.o
 .bss.m_leds_clear
                0x0000000020002cd4        0x1 _build/nrf52832_xxaa/bsp.c.o
 *fill*         0x0000000020002cd5        0x3 
 .bss.m_leds_timer_id_data
                0x0000000020002cd8       0x20 _build/nrf52832_xxaa/bsp.c.o
 .bss.m_registered_callback
                0x0000000020002cf8        0x4 _build/nrf52832_xxaa/bsp.c.o
 .bss.m_stable_state
                0x0000000020002cfc        0x1 _build/nrf52832_xxaa/bsp.c.o
 *fill*         0x0000000020002cfd        0x3 
 .bss.release_event_at_push.8553
                0x0000000020002d00        0x4 _build/nrf52832_xxaa/bsp.c.o
 .bss.m_error_handler
                0x0000000020002d04        0x4 _build/nrf52832_xxaa/bsp_btn_ble.c.o
 .bss.m_num_connections
                0x0000000020002d08        0x4 _build/nrf52832_xxaa/bsp_btn_ble.c.o
 .bss.m_advertising
                0x0000000020002d0c       0xd8 _build/nrf52832_xxaa/main.c.o
 .bss.m_gatt    0x0000000020002de4       0x14 _build/nrf52832_xxaa/main.c.o
 .bss.m_conn_params_config
                0x0000000020002df8       0x1c _build/nrf52832_xxaa/ble_conn_params.c.o
 .bss.m_conn_params_instances
                0x0000000020002e14       0x14 _build/nrf52832_xxaa/ble_conn_params.c.o
 .bss.m_preferred_conn_params
                0x0000000020002e28        0x8 _build/nrf52832_xxaa/ble_conn_params.c.o
 .bss.m_timer_data
                0x0000000020002e30       0x20 _build/nrf52832_xxaa/ble_conn_params.c.o
 .bss.m_bcs     0x0000000020002e50       0xb8 _build/nrf52832_xxaa/ble_conn_state.c.o
 .bss.m_db_update_in_progress_mutex
                0x0000000020002f08        0x1 _build/nrf52832_xxaa/gatt_cache_manager.c.o
 .bss.m_flag_local_db_apply_pending
                0x0000000020002f09        0x1 _build/nrf52832_xxaa/gatt_cache_manager.c.o
 .bss.m_flag_local_db_update_pending
                0x0000000020002f0a        0x1 _build/nrf52832_xxaa/gatt_cache_manager.c.o
 .bss.m_flag_service_changed_pending
                0x0000000020002f0b        0x1 _build/nrf52832_xxaa/gatt_cache_manager.c.o
 .bss.m_flag_service_changed_sent
                0x0000000020002f0c        0x1 _build/nrf52832_xxaa/gatt_cache_manager.c.o
 *fill*         0x0000000020002f0d        0x1 
 .bss.m_current_sc_store_peer_id
                0x0000000020002f0e        0x2 _build/nrf52832_xxaa/gatts_cache_manager.c.o
 .bss.start_handle.9886
                0x0000000020002f10        0x2 _build/nrf52832_xxaa/gatts_cache_manager.c.o
 .bss.m_conn_state_user_flag_id
                0x0000000020002f12        0x1 _build/nrf52832_xxaa/id_manager.c.o
 *fill*         0x0000000020002f13        0x1 
 .bss.m_connections
                0x0000000020002f14       0xf0 _build/nrf52832_xxaa/id_manager.c.o
 .bss.m_fds_ftok
                0x0000000020003004        0x8 _build/nrf52832_xxaa/peer_data_storage.c.o
 .bss.m_peer_delete_ongoing
                0x000000002000300c        0x1 _build/nrf52832_xxaa/peer_data_storage.c.o
 .bss.m_peer_delete_queued
                0x000000002000300d        0x1 _build/nrf52832_xxaa/peer_data_storage.c.o
 *fill*         0x000000002000300e        0x2 
 .bss.buffer_memory.9981